0x010fff01	DM_ExecProc_fff01Launch	DM_ExecProc
0x010fff03	NewDemoFrameCountCall_fff03Launch	NewDemoFrameCountCall
0x01006011	NewGeneralSprite2_6011Launch	NewGeneralSprite2
0x01000019	NewRainFogPersFast_0019Launch	NewRainFogPersFast
0x01008000	DM_SendEffectMessage_8000Launch	DM_SendEffectMessage
0x01000001	NewFarFocusEffect_0001Launch	NewFarFocusEffect
0x01000002	NewNearFocusEffect_0002Launch	NewNearFocusEffect
0x010fff02	DM_SetClipParam_fff02Launch	DM_SetClipParam
0x010fff04	NewControlBoy_fff04Launch	NewControlBoy
0x01000011	NewBlur_Demo_0011Launch	NewBlur_Demo
0x01000006	DM_ChangeAmbient_0006Launch	DM_ChangeAmbient
0x010ffff0	DM_ControlChange_ffff0Launch	DM_ControlChange
0x01000007	DM_ChangeParallel_0007Launch	DM_ChangeParallel
0x01000000	NewFogSet_Demo_0000Launch	NewFogSet_Demo
0x01000008	NewFadeInOutForce_Demo_0008Launch	NewFadeInOutForce_Demo
0x0100000d	New2DSprite_Prog_000dLaunch	New2DSprite_Prog
0x01000109	NewWaterWindSplush_DEMO_0109Launch	NewWaterWindSplush_DEMO
0x01000003	NewFadeInOut_Demo_0003Launch	NewFadeInOut_Demo
0x0100b006	NewAutoSplush_EftCtrl_b006Launch	NewAutoSplush_EftCtrl
0x01000013	NewCrossFadeEffectCustom_0013Launch	NewCrossFadeEffectCustom
0x01001011	NewDemoArkms_NYPD_1011Launch	NewDemoArkms_NYPD
0x0100000b	NewSK_ScopeSight_000bLaunch	NewSK_ScopeSight
0x01007100	NewSmokeBlurEffect_7100Launch	NewSmokeBlurEffect
0x01003007	NewEvmHairModel_Demo_3007Launch	NewEvmHairModel_Demo
0x01000201	NewRipBubbleMan_DEMO_0201Launch	NewRipBubbleMan_DEMO
0x0100b000	NewWaterLevelControl_Demo_b000Launch	NewWaterLevelControl_Demo
0x0100a004	NewRippleMan_a004Launch	NewRippleMan
0x0100a003	NewSplushSurfaceMan_a003Launch	NewSplushSurfaceMan
0x0100b001	NewDropBodySplush_b001Launch	NewDropBodySplush
0x0100b002	OK_PutSplushSurface_b002Launch	OK_PutSplushSurface
0x01000100	NewSplashMotion_Demo_0100Launch	NewSplashMotion_Demo
0x01009000	NewPadVibration2_9000Launch	NewPadVibration2
0x01000107	NewWaveSplash_Demo_0107Launch	NewWaveSplash_Demo
0x01003009	NewEvmHairModel_Demo2_3009Launch	NewEvmHairModel_Demo2
0x01000014	NewScrWater_Demo_0014Launch	NewScrWater_Demo
0x01006010	NewMesgBomb2_6010Launch	NewMesgBomb2
0x01000202	NewRaidenMaskBubbleDemo_0202Launch	NewRaidenMaskBubbleDemo
0x01000012	NewCrossFadeEffect_0012Launch	NewCrossFadeEffect
0x01000024	NewScrGoggles_demo_0024Launch	NewScrGoggles_demo
0x0100000f	NewLensFlare_Demo_000fLaunch	NewLensFlare_Demo


/* Demo Model List
wtd_dead_fish_03.mdl
wtd_dead_fish_03.mdl
wtd_dead_fish_03.mdl
wtd_dead_fish_03.mdl
wtd_dead_fish_03.mdl
wtd_dead_fish_03.mdl
wtd_dead_fish_03.mdl
wtd_dead_fish_03.mdl
wtd_dead_fish_03.mdl
wtd_dead_fish_03.mdl
wtd_dead_fish_02.mdl
wtd_dead_fish_02.mdl
wtd_dead_fish_02.mdl
wtd_dead_fish_02.mdl
wtd_dead_fish_02.mdl
wtd_dead_fish_02.mdl
wtd_dead_fish_02.mdl
wtd_dead_fish_02.mdl
wtd_dead_fish_02.mdl
wtd_dead_fish_02.mdl
wtd_dead_fish_01.mdl
wtd_dead_fish_01.mdl
wtd_dead_fish_01.mdl
wtd_dead_fish_01.mdl
wtd_dead_fish_01.mdl
wtd_dead_fish_01.mdl
wtd_dead_fish_01.mdl
wtd_dead_fish_01.mdl
wtd_dead_fish_01.mdl
wtd_dead_fish_01.mdl
wtd_dead_fish_03.mdl
wtd_dead_fish_03.mdl
wtd_dead_fish_03.mdl
wtd_dead_fish_03.mdl
wtd_dead_fish_03.mdl
wtd_dead_fish_03.mdl
wtd_dead_fish_03.mdl
wtd_dead_fish_03.mdl
wtd_dead_fish_03.mdl
wtd_dead_fish_03.mdl
wtd_dead_fish_02.mdl
wtd_dead_fish_02.mdl
wtd_dead_fish_02.mdl
wtd_dead_fish_02.mdl
wtd_dead_fish_02.mdl
wtd_dead_fish_02.mdl
wtd_dead_fish_02.mdl
wtd_dead_fish_02.mdl
wtd_dead_fish_02.mdl
wtd_dead_fish_02.mdl
wtd_dead_fish_01.mdl
wtd_dead_fish_01.mdl
wtd_dead_fish_01.mdl
wtd_dead_fish_01.mdl
wtd_dead_fish_01.mdl
wtd_dead_fish_01.mdl
wtd_dead_fish_01.mdl
wtd_dead_fish_01.mdl
wtd_dead_fish_01.mdl
wtd_dead_fish_01.mdl
wtd_dead_fish_03.mdl
wtd_dead_fish_03.mdl
wtd_dead_fish_03.mdl
wtd_dead_fish_03.mdl
wtd_dead_fish_03.mdl
wtd_dead_fish_03.mdl
wtd_dead_fish_03.mdl
wtd_dead_fish_03.mdl
wtd_dead_fish_03.mdl
wtd_dead_fish_03.mdl
wtd_dead_fish_02.mdl
wtd_dead_fish_02.mdl
wtd_dead_fish_02.mdl
wtd_dead_fish_02.mdl
wtd_dead_fish_02.mdl
wtd_dead_fish_02.mdl
wtd_dead_fish_02.mdl
wtd_dead_fish_02.mdl
wtd_dead_fish_02.mdl
wtd_dead_fish_02.mdl
wtd_dead_fish_01.mdl
wtd_dead_fish_01.mdl
wtd_dead_fish_01.mdl
wtd_dead_fish_01.mdl
wtd_dead_fish_01.mdl
wtd_dead_fish_01.mdl
wtd_dead_fish_01.mdl
wtd_dead_fish_01.mdl
wtd_dead_fish_01.mdl
wtd_dead_fish_01.mdl
wtd_dead_fish_03.mdl
wtd_dead_fish_03.mdl
wtd_dead_fish_03.mdl
wtd_dead_fish_03.mdl
wtd_dead_fish_03.mdl
wtd_dead_fish_03.mdl
wtd_dead_fish_03.mdl
wtd_dead_fish_03.mdl
wtd_dead_fish_03.mdl
wtd_dead_fish_03.mdl
wtd_dead_fish_02.mdl
wtd_dead_fish_02.mdl
wtd_dead_fish_02.mdl
wtd_dead_fish_02.mdl
wtd_dead_fish_02.mdl
wtd_dead_fish_02.mdl
wtd_dead_fish_02.mdl
wtd_dead_fish_02.mdl
wtd_dead_fish_02.mdl
wtd_dead_fish_02.mdl
wtd_dead_fish_01.mdl
wtd_dead_fish_01.mdl
wtd_dead_fish_01.mdl
wtd_dead_fish_01.mdl
wtd_dead_fish_01.mdl
wtd_dead_fish_01.mdl
wtd_dead_fish_01.mdl
wtd_dead_fish_01.mdl
wtd_dead_fish_01.mdl
wtd_dead_fish_01.mdl
demo_dummy.mdl
demo_dummy.mdl
demo_dummy.mdl
demo_dummy.mdl
hh60h_eff_trot.mdl
hh60h_eff_mrot.mdl
hh60h_canopy_mt.mdl
demo_dummy.mdl
demo_dummy.mdl
hh60h.mdl
hh60h_eff_trot.mdl
hh60h_eff_mrot.mdl
hh60h_canopy_mt.mdl
demo_dummy.mdl
demo_dummy.mdl
hh60h.mdl
hh60h_eff_trot.mdl
hh60h_eff_mrot.mdl
hh60h_canopy_mt.mdl
demo_dummy.mdl
demo_dummy.mdl
hh60h.mdl
hh60h_eff_trot.mdl
hh60h_eff_mrot.mdl
hh60h_canopy_mt.mdl
demo_dummy.mdl
demo_dummy.mdl
hh60h.mdl
hh60h_eff_trot.mdl
hh60h_eff_mrot.mdl
hh60h_canopy_mt.mdl
demo_dummy.mdl
demo_dummy.mdl
hh60h.mdl
hh60h_eff_trot.mdl
hh60h_eff_mrot.mdl
hh60h_canopy_mt.mdl
demo_dummy.mdl
demo_dummy.mdl
hh60h.mdl
hh60h_eff_trot.mdl
hh60h_eff_mrot.mdl
hh60h_canopy_mt.mdl
demo_dummy.mdl
demo_dummy.mdl
hh60h.mdl
hh60h_eff_trot.mdl
hh60h_eff_mrot.mdl
hh60h_canopy_mt.mdl
demo_dummy.mdl
demo_dummy.mdl
hh60h.mdl
hh60h_eff_trot.mdl
hh60h_eff_mrot.mdl
hh60h_canopy_mt.mdl
demo_dummy.mdl
demo_dummy.mdl
hh60h.mdl
hh60h_eff_trot.mdl
hh60h_eff_mrot.mdl
hh60h_canopy_mt.mdl
hh60h.mdl
hh60h_eff_trot.mdl
hh60h_eff_mrot.mdl
hh60h_canopy_mt.mdl
hh60h.mdl
hh60h_eff_trot.mdl
hh60h_eff_mrot.mdl
hh60h_canopy_mt.mdl
hh60h.mdl
hh60h_eff_trot.mdl
hh60h_eff_mrot.mdl
hh60h_canopy_mt.mdl
hh60h.mdl
hh60h_eff_trot.mdl
hh60h_eff_mrot.mdl
hh60h_canopy_mt.mdl
hh60h.mdl
rev_scope.mdl
sougan.mdl
nyp_def2.mdl
nyp_def3.mdl
nyp_def4_mt.mdl
rai_diver_mh_mt.mdl
rai_def.mdl
rai_diver_mh_mt.mdl
rai_def.mdl
rai_diver_mh_mt.mdl
rai_def.mdl
rai_diver_mh_mt.mdl
rai_def.mdl
fog02_msk.bmp
bombgas6_alp.bmp
chi01_msk.bmp
col256_bld100.bmp
bombgas6_alp.bmp
chi01_msk.bmp
col256_bld100.bmp
rai_fin_l_mh.evm
rai_fin_r_mh.evm
drop01_msk.bmp
rai_hair_diver_mh_mt.evm
rai_diver_bounding.kms
bombgas6_alp.bmp
chi01_msk.bmp
col256_bld100.bmp
bombgas6_alp.bmp
chi01_msk.bmp
col256_bld100.bmp
P001_01_p01_rai_02.vib
P001_01_p01_rai_03.vib
bombgas6_alp.bmp
chi01_msk.bmp
col256_bld100.bmp
raiden_gogle_lenz.kms
bombgas6_alp.bmp
chi01_msk.bmp
col256_bld100.bmp
drop01_msk.bmp
rai_fin_r_mh.evm
rai_fin_l_mh.evm
rai_hair_diver_mh_mt.evm
rai_diver_bounding.kms
bombgas6_alp.bmp
chi01_msk.bmp
col256_bld100.bmp
bombgas6_alp.bmp
chi01_msk.bmp
col256_bld100.bmp
bombgas6_alp.bmp
chi01_msk.bmp
col256_bld100.bmp
bombgas6_alp.bmp
chi01_msk.bmp
col256_bld100.bmp
bombgas6_alp.bmp
chi01_msk.bmp
col256_bld100.bmp
bombgas6_alp.bmp
chi01_msk.bmp
col256_bld100.bmp
bombgas6_alp.bmp
chi01_msk.bmp
col256_bld100.bmp
bombgas6_alp.bmp
chi01_msk.bmp
col256_bld100.bmp
raiden_gogle_lenz.kms
bombgas6_alp.bmp
chi01_msk.bmp
col256_bld100.bmp
bombgas6_alp.bmp
chi01_msk.bmp
col256_bld100.bmp
bombgas6_alp.bmp
chi01_msk.bmp
col256_bld100.bmp
bombgas6_alp.bmp
chi01_msk.bmp
col256_bld100.bmp
bombgas6_alp.bmp
chi01_msk.bmp
col256_bld100.bmp
bombgas6_alp.bmp
chi01_msk.bmp
col256_bld100.bmp
bombgas6_alp.bmp
chi01_msk.bmp
col256_bld100.bmp
bombgas6_alp.bmp
chi01_msk.bmp
col256_bld100.bmp
drop01_msk.bmp
fog02_msk.bmp
rai_fin_l_mh.evm
bombgas6_alp.bmp
chi01_msk.bmp
col256_bld100.bmp
fog02_msk.bmp
rai_fin_r_mh.evm
rai_hair_diver_mh_mt.evm
rai_diver_bounding.kms
fog02_msk.bmp
fog02_msk.bmp
fog02_msk.bmp
fog02_msk.bmp
splash05_alp.bmp
fog02_msk.bmp
splash05_alp.bmp
fog02_msk.bmp
P001_01_p01_rai_03.vib
splash05_alp.bmp
splash03_alp.bmp
splash07_alp.bmp
splash05_alp.bmp
splash03_alp.bmp
splash07_alp.bmp
P001_01_p01_rai_01.vib
splash05_alp.bmp
splash07_alp.bmp
rai_def.cv2
rai_def.cv2
ripple02_alp.bmp
splash05_alp.bmp
fog02_msk.bmp
fog02_msk.bmp
ripple02_alp.bmp
rai_hair_diver_mh_mt.evm
rai_diver_bounding.kms
fog02_msk.bmp
splash05_alp.bmp
splash05_alp.bmp
splash05_alp.bmp
scope.o2d
splash05_alp.bmp
nyp_def_epa.kls
nyp_def_epa.kls
nyp_def_epa.kls
splash05_alp.bmp
splash05_alp.bmp
fog02_msk.bmp
splash05_alp.bmp
splash05_alp.bmp
bombgas6_alp.bmp
splash07_alp.bmp
bombgas6_alp.bmp
splash07_alp.bmp
fog02_msk.bmp
fog02_msk.bmp
splash05_alp.bmp
splash05_alp.bmp
splash05_alp.bmp
fog02_msk.bmp
fog02_msk.bmp
rcm_l_msk.bmp
rcm_l_msk.bmp
rcm_l_msk.bmp
rcm_l_msk.bmp
rcm_l_msk.bmp
rcm_l_msk.bmp
rcm_l_msk.bmp
rcm_l_msk.bmp
rcm_l_msk.bmp
rcm_l_msk.bmp
rcm_l_msk.bmp
rcm_l_msk.bmp
rcm_l_msk.bmp
rcm_l_msk.bmp
rcm_l_msk.bmp
rcm_l_msk.bmp
rcm_l_msk.bmp
rcm_l_msk.bmp
rcm_l_msk.bmp
rcm_l_msk.bmp
rcm_l_msk.bmp
rcm_l_msk.bmp
rcm_l_msk.bmp
rcm_l_msk.bmp
rcm_l_msk.bmp
rcm_l_msk.bmp
rcm_l_msk.bmp
rcm_l_msk.bmp
rcm_l_msk.bmp
rcm_l_msk.bmp
rcm_l_msk.bmp
rcm_l_msk.bmp
rcm_l_msk.bmp
rcm_l_msk.bmp
rcm_l_msk.bmp
rcm_l_msk.bmp
rcm_l_msk.bmp
rcm_l_msk.bmp
rcm_l_msk.bmp
rcm_l_msk.bmp
rcm_l_msk.bmp
rcm_l_msk.bmp
rcm_l_msk.bmp
rcm_l_msk.bmp
rcm_l_msk.bmp
rcm_l_msk.bmp
rcm_l_msk.bmp
rcm_l_msk.bmp
rcm_l_msk.bmp
rcm_l_msk.bmp
rcm_l_msk.bmp
rcm_l_msk.bmp
rcm_l_msk.bmp
rcm_l_msk.bmp
rcm_l_msk.bmp
rcm_l_msk.bmp
rcm_l_msk.bmp
rcm_l_msk.bmp
rcm_l_msk.bmp
rcm_l_msk.bmp
rcm_l_msk.bmp
rcm_l_msk.bmp
rcm_l_msk.bmp
rcm_l_msk.bmp
rcm_l_msk.bmp
rcm_l_msk.bmp
rcm_l_msk.bmp
rcm_l_msk.bmp
rcm_l_msk.bmp
rcm_l_msk.bmp
rcm_l_msk.bmp
rcm_l_msk.bmp
rcm_l_msk.bmp
rcm_l_msk.bmp
rcm_l_msk.bmp
rcm_l_msk.bmp
rcm_l_msk.bmp
rcm_l_msk.bmp
rcm_l_msk.bmp
rcm_l_msk.bmp
rcm_l_msk.bmp
rcm_l_msk.bmp
rcm_l_msk.bmp
rcm_l_msk.bmp
rcm_l_msk.bmp
rcm_l_msk.bmp
rcm_l_msk.bmp
rcm_l_msk.bmp
fog02_msk.bmp
rcm_l_msk.bmp
rcm_l_msk.bmp
*/
