0x01000001	NewFarFocusEffect_0001Launch	NewFarFocusEffect
0x01001020	PL_RaidenEquipmentManager_1020Launch	PL_RaidenEquipmentManager
0x01008000	DM_SendEffectMessage_8000Launch	DM_SendEffectMessage
0x01000008	NewFadeInOutForce_Demo_0008Launch	NewFadeInOutForce_Demo
0x010fff04	NewControlBoy_fff04Launch	NewControlBoy
0x01003000	NewRopeModel3_called_3000Launch	NewRopeModel3_called
0x01003007	NewEvmHairModel_Demo_3007Launch	NewEvmHairModel_Demo
0x01000000	NewFogSet_Demo_0000Launch	NewFogSet_Demo
0x01001006	NewPutAttachments_1006Launch	NewPutAttachments
0x01000011	NewBlur_Demo_0011Launch	NewBlur_Demo
0x01000002	NewNearFocusEffect_0002Launch	NewNearFocusEffect
0x01000006	DM_ChangeAmbient_0006Launch	DM_ChangeAmbient
0x010ffff0	DM_ControlChange_ffff0Launch	DM_ControlChange
0x01000007	DM_ChangeParallel_0007Launch	DM_ChangeParallel
0x01000003	NewFadeInOut_Demo_0003Launch	NewFadeInOut_Demo
0x01000013	NewCrossFadeEffectCustom_0013Launch	NewCrossFadeEffectCustom


/* Demo Model List
demo_dummy.mdl
dr_free.mdl
w11a2_shatter.mdl
w11a2_shatter.mdl
gps_def_mt.mdl
gps_def_mt.mdl
gps_def_mt.mdl
sna_def_mh.mdl
rai_def.mdl
elv_1.mdl
rai_diver_mh_mt.mdl
rai_def.mdl
sna_mag1.kms
sna_mag2.kms
sna_mag3.kms
sna_mag4.kms
rai_hair_diver_mh_mt.evm
rai_diver_bounding.kms
sna_bdn1.kms
sna_skl3.kms
sna_bdn2.kms
sna_skl3.kms
rai_mag.kms
rai_hlst.kms
rai_grip.kms
*/
