0x01000008	NewFadeInOutForce_Demo_0008Launch	NewFadeInOutForce_Demo
0x01008000	DM_SendEffectMessage_8000Launch	DM_SendEffectMessage
0x010fff04	NewControlBoy_fff04Launch	NewControlBoy
0x010fff05	NewDemoEffectInitialize_fff05Launch	NewDemoEffectInitialize
0x01000002	NewNearFocusEffect_0002Launch	NewNearFocusEffect
0x01000011	NewBlur_Demo_0011Launch	NewBlur_Demo
0x010fff01	DM_ExecProc_fff01Launch	DM_ExecProc
0x01000001	NewFarFocusEffect_0001Launch	NewFarFocusEffect
0x01000013	NewCrossFadeEffectCustom_0013Launch	NewCrossFadeEffectCustom
0x01000006	DM_ChangeAmbient_0006Launch	DM_ChangeAmbient
0x010ffff0	DM_ControlChange_ffff0Launch	DM_ControlChange
0x01000007	DM_ChangeParallel_0007Launch	DM_ChangeParallel
0x01001013	NewEyeControl2_1013Launch	NewEyeControl2
0x01003007	NewEvmHairModel_Demo_3007Launch	NewEvmHairModel_Demo
0x010fff03	NewDemoFrameCountCall_fff03Launch	NewDemoFrameCountCall
0x01001016	NewEyeAnimSEALS_Demo_1016Launch	NewEyeAnimSEALS_Demo
0x01003009	NewEvmHairModel_Demo2_3009Launch	NewEvmHairModel_Demo2
0x01001010	NewArmsEffectControl_1010Launch	NewArmsEffectControl
0x01006010	NewMesgBomb2_6010Launch	NewMesgBomb2
0x01007001	NewBlood_Demo_7001Launch	NewBlood_Demo
0x01000000	NewFogSet_Demo_0000Launch	NewFogSet_Demo
0x0100101e	NewBreathDemo_101eLaunch	NewBreathDemo
0x0100700e	NewDemoDummyPointBlood_700eLaunch	NewDemoDummyPointBlood
0x0100700f	NewBlood_Demo2_700fLaunch	NewBlood_Demo2
0x0100700b	NewBloodWeep_700bLaunch	NewBloodWeep
0x01006013	NewMesgBomb3_6013Launch	NewMesgBomb3
0x0100000d	New2DSprite_Prog_000dLaunch	New2DSprite_Prog
0x01002004	NewLocalWind2_Demo_2004Launch	NewLocalWind2_Demo
0x01009000	NewPadVibration2_9000Launch	NewPadVibration2


/* Demo Model List
sel_dead_ac.mdl
dr_free.mdl
dr_free.mdl
demo_m4_amo_sna.mdl
vmp_coat_mh_mt.mdl
vmp_coat_shadow.mdl
dr_free.mdl
iro_skull_phones.mdl
iro_skull_phones.mdl
demo_m4_sel.mdl
iro_blood_mh_mt.mdl
sel_def.mdl
iro_skull_mh_mt.mdl
sel_def.mdl
rai_kizu_face_mh.mdl
rai_def.mdl
m4a_rai_amo.mdl
m4a_rai_amo.mdl
m4a_rai_sub.mdl
scm_sub2.mdl
rai_def_mh_mt.mdl
rai_def.mdl
rai_def_mh_mt.mdl
rai_def.mdl
vmp_parts_vkpb_mh.mdl
rai_def.mdl
vkf_small_cm.mdl
vkf_small_cm.mdl
vkf_small_cm.mdl
vkf_big_inv_mt.mdl
vkf_big_mt.mdl
vmp_kizu_mh.mdl
rai_def.mdl
vmp_coat_mh_mt.mdl
vmp_coat_shadow.mdl
rad.mdl
vkf_small_cm.mdl
vkf_small_cm.mdl
demo_m4_sel.mdl
demo_m4_sel.mdl
demo_m4_sel.mdl
demo_m4_sel.mdl
sel_def.mdl
sel_def.mdl
sel_blood_sh.mdl
sel_def_sh.mdl
sel_def.mdl
sel_def.mdl
sel_def.mdl
vmp_parts_coat_mh.evm
vmp_coat_bounding.kms
P010_01_p01_rai_04.vib
smoke_msk.bmp
smoke_msk.bmp
smoke_msk.bmp
smoke_msk.bmp
smoke_msk.bmp
smoke_msk.bmp
smoke_msk.bmp
smoke_msk.bmp
smoke_msk.bmp
smoke_msk.bmp
smoke_msk.bmp
smoke_msk.bmp
smoke_msk.bmp
smoke_msk.bmp
smoke_msk.bmp
P010_01_p01_rai_03.vib
rai_hair_mh_mt.evm
rai_hair_bounding.kms
P010_01_p01_rai_01.vib
smoke_msk.bmp
smoke_msk.bmp
smoke_msk.bmp
P010_01_p01_vmp_01.vib
smoke_msk.bmp
smoke_msk.bmp
smoke_msk.bmp
smoke_msk.bmp
vmp_parts_vkpb_mh.evm
vmp_coat_bounding.kms
smoke_msk.bmp
smoke_msk.bmp
smoke_msk.bmp
vmp_parts_vkpa_mh.evm
vmp_coat_bounding.kms
bombgas6_alp.bmp
chi01_msk.bmp
col256_bld100.bmp
bombgas6_alp.bmp
chi01_msk.bmp
col256_bld100.bmp
bombgas6_alp.bmp
chi01_msk.bmp
col256_bld100.bmp
bombgas6_alp.bmp
chi01_msk.bmp
col256_bld100.bmp
bombgas6_alp.bmp
chi01_msk.bmp
col256_bld100.bmp
bombgas6_alp.bmp
chi01_msk.bmp
col256_bld100.bmp
bombgas6_alp.bmp
chi01_msk.bmp
col256_bld100.bmp
bombgas6_alp.bmp
chi01_msk.bmp
col256_bld100.bmp
bombgas6_alp.bmp
chi01_msk.bmp
col256_bld100.bmp
bombgas6_alp.bmp
chi01_msk.bmp
col256_bld100.bmp
bombgas6_alp.bmp
chi01_msk.bmp
col256_bld100.bmp
bombgas6_alp.bmp
chi01_msk.bmp
col256_bld100.bmp
bombgas6_alp.bmp
chi01_msk.bmp
col256_bld100.bmp
bombgas6_alp.bmp
chi01_msk.bmp
col256_bld100.bmp
bombgas6_alp.bmp
chi01_msk.bmp
col256_bld100.bmp
bombgas6_alp.bmp
chi01_msk.bmp
col256_bld100.bmp
drop01_alp2_mod1021.bmp
drop01_alp2_mod1021.bmp
drop01_alp2_mod1021.bmp
drop01_alp2_mod1021.bmp
drop01_alp2_mod1021.bmp
drop01_alp2_mod1021.bmp
bombgas6_alp.bmp
chi01_msk.bmp
col256_bld100.bmp
bombgas6_alp.bmp
chi01_msk.bmp
col256_bld100.bmp
bombgas6_alp.bmp
chi01_msk.bmp
col256_bld100.bmp
bombgas6_alp.bmp
chi01_msk.bmp
col256_bld100.bmp
bombgas6_alp.bmp
chi01_msk.bmp
col256_bld100.bmp
bombgas6_alp.bmp
chi01_msk.bmp
col256_bld100.bmp
bombgas6_alp.bmp
chi01_msk.bmp
col256_bld100.bmp
bombgas6_alp.bmp
chi01_msk.bmp
col256_bld100.bmp
bombgas6_alp.bmp
chi01_msk.bmp
col256_bld100.bmp
bombgas6_alp.bmp
chi01_msk.bmp
col256_bld100.bmp
bombgas6_alp.bmp
chi01_msk.bmp
col256_bld100.bmp
bombgas6_alp.bmp
chi01_msk.bmp
col256_bld100.bmp
bombgas6_alp.bmp
chi01_msk.bmp
col256_bld100.bmp
bombgas6_alp.bmp
chi01_msk.bmp
col256_bld100.bmp
bombgas6_alp.bmp
chi01_msk.bmp
col256_bld100.bmp
bombgas6_alp.bmp
chi01_msk.bmp
col256_bld100.bmp
bombgas6_alp.bmp
chi01_msk.bmp
col256_bld100.bmp
bombgas6_alp.bmp
chi01_msk.bmp
col256_bld100.bmp
bombgas6_alp.bmp
chi01_msk.bmp
col256_bld100.bmp
bombgas6_alp.bmp
chi01_msk.bmp
col256_bld100.bmp
bombgas6_alp.bmp
chi01_msk.bmp
col256_bld100.bmp
bombgas6_alp.bmp
chi01_msk.bmp
col256_bld100.bmp
bombgas6_alp.bmp
chi01_msk.bmp
col256_bld100.bmp
bombgas6_alp.bmp
chi01_msk.bmp
col256_bld100.bmp
bombgas6_alp.bmp
chi01_msk.bmp
col256_bld100.bmp
bombgas6_alp.bmp
chi01_msk.bmp
col256_bld100.bmp
bombgas6_alp.bmp
chi01_msk.bmp
col256_bld100.bmp
bombgas6_alp.bmp
chi01_msk.bmp
col256_bld100.bmp
bombgas6_alp.bmp
chi01_msk.bmp
col256_bld100.bmp
bombgas6_alp.bmp
chi01_msk.bmp
col256_bld100.bmp
bombgas6_alp.bmp
chi01_msk.bmp
col256_bld100.bmp
bombgas6_alp.bmp
chi01_msk.bmp
col256_bld100.bmp
bombgas6_alp.bmp
chi01_msk.bmp
col256_bld100.bmp
bombgas6_alp.bmp
chi01_msk.bmp
col256_bld100.bmp
bombgas6_alp.bmp
chi01_msk.bmp
col256_bld100.bmp
bombgas6_alp.bmp
chi01_msk.bmp
col256_bld100.bmp
bombgas6_alp.bmp
chi01_msk.bmp
col256_bld100.bmp
smoke_msk.bmp
smoke_msk.bmp
vmp_parts_coat_mh.evm
vmp_coat_bounding.kms
vmp_hair_coat_mh_mt.evm
vmp_coat_bounding.kms
vmp_parts_vkpb_mh.evm
vmp_coat_bounding.kms
bombgas6_alp.bmp
chi01_msk.bmp
col256_bld100.bmp
bombgas6_alp.bmp
chi01_msk.bmp
col256_bld100.bmp
bombgas6_alp.bmp
chi01_msk.bmp
col256_bld100.bmp
bombgas6_alp.bmp
chi01_msk.bmp
col256_bld100.bmp
bombgas6_alp.bmp
chi01_msk.bmp
col256_bld100.bmp
vmp_parts_coat_mh.evm
vmp_coat_bounding.kms
vmp_parts_vkpb_mh.evm
vmp_coat_bounding.kms
vmp_hair_coat_mh_mt.evm
vmp_coat_bounding.kms
rai_hair_mh_mt.evm
rai_hair_bounding.kms
*/
