0x010fff04	NewControlBoy_fff04Launch	NewControlBoy
0x01000001	NewFarFocusEffect_0001Launch	NewFarFocusEffect
0x01003007	NewEvmHairModel_Demo_3007Launch	NewEvmHairModel_Demo
0x01008000	DM_SendEffectMessage_8000Launch	DM_SendEffectMessage
0x01000002	NewNearFocusEffect_0002Launch	NewNearFocusEffect
0x0100c100	NewEvmLateControl_c100Launch	NewEvmLateControl
0x01001020	PL_RaidenEquipmentManager_1020Launch	PL_RaidenEquipmentManager
0x01000008	NewFadeInOutForce_Demo_0008Launch	NewFadeInOutForce_Demo
0x010fff05	NewDemoEffectInitialize_fff05Launch	NewDemoEffectInitialize
0x010ffff0	DM_ControlChange_ffff0Launch	DM_ControlChange
0x01000007	DM_ChangeParallel_0007Launch	DM_ChangeParallel
0x01001013	NewEyeControl2_1013Launch	NewEyeControl2
0x01009000	NewPadVibration2_9000Launch	NewPadVibration2
0x01000011	NewBlur_Demo_0011Launch	NewBlur_Demo
0x0100000d	New2DSprite_Prog_000dLaunch	New2DSprite_Prog


/* Demo Model List
hnm_def.mdl
demo_m4_sel.mdl
scm_sub2.mdl
rai_def_mh_mt.mdl
rai_def.mdl
w14a_dr01.mdl
iro_armblood_mh.mdl
rai_def.mdl
iro_takeoff_mh_mt.mdl
rai_def.mdl
iro_skull_phones.mdl
demo_m4_sel.mdl
iro_blood_mh_mt.mdl
rai_def.mdl
P010_01_p02_rai_01.vib
rai_mag.kms
rai_hlst.kms
rai_grip.kms
rai_hair_mh_mt.evm
rai_hair_bounding.kms
*/
