0x010fff04	NewControlBoy_fff04Launch	NewControlBoy
0x01003009	NewEvmHairModel_Demo2_3009Launch	NewEvmHairModel_Demo2
0x01000031	NewRainFogPersFast2_0031Launch	NewRainFogPersFast2
0x01001010	NewArmsEffectControl_1010Launch	NewArmsEffectControl
0x01001014	NewFortEquip_1014Launch	NewFortEquip
0x01001017	NewFortSling_1017Launch	NewFortSling
0x01000011	NewBlur_Demo_0011Launch	NewBlur_Demo
0x01008000	DM_SendEffectMessage_8000Launch	DM_SendEffectMessage
0x01001016	NewEyeAnimSEALS_Demo_1016Launch	NewEyeAnimSEALS_Demo
0x01000008	NewFadeInOutForce_Demo_0008Launch	NewFadeInOutForce_Demo
0x01000002	NewNearFocusEffect_0002Launch	NewNearFocusEffect
0x010fff01	DM_ExecProc_fff01Launch	DM_ExecProc
0x01001013	NewEyeControl2_1013Launch	NewEyeControl2
0x01003007	NewEvmHairModel_Demo_3007Launch	NewEvmHairModel_Demo
0x010fff05	NewDemoEffectInitialize_fff05Launch	NewDemoEffectInitialize
0x01000001	NewFarFocusEffect_0001Launch	NewFarFocusEffect
0x01006014	NewFortBarrierDemo_6014Launch	NewFortBarrierDemo
0x0100101c	NewDependArms_101cLaunch	NewDependArms
0x01000006	DM_ChangeAmbient_0006Launch	DM_ChangeAmbient
0x010ffff0	DM_ControlChange_ffff0Launch	DM_ControlChange
0x01000007	DM_ChangeParallel_0007Launch	DM_ChangeParallel
0x010fff03	NewDemoFrameCountCall_fff03Launch	NewDemoFrameCountCall
0x0100101b	NewDemoArmControl_101bLaunch	NewDemoArmControl
0x01000012	NewCrossFadeEffect_0012Launch	NewCrossFadeEffect
0x01003014	NewRopeModel3_called_3014Launch	NewRopeModel3_called
0x01002004	NewLocalWind2_Demo_2004Launch	NewLocalWind2_Demo
0x01000013	NewCrossFadeEffectCustom_0013Launch	NewCrossFadeEffectCustom
0x01007103	NewLineSmoke_7103Launch	NewLineSmoke
0x01001019	NewLinerGunInitEffect_1019Launch	NewLinerGunInitEffect
0x01000018	OK_FogStatusSet_0018Launch	OK_FogStatusSet
0x0100000a	NewContrastForce_Demo_000aLaunch	NewContrastForce_Demo
0x01001018	NewFortBulletDemo_1018Launch	NewFortBulletDemo
0x01006013	NewMesgBomb3_6013Launch	NewMesgBomb3
0x01009000	NewPadVibration2_9000Launch	NewPadVibration2
0x01006007	NewDebris_Cm_Demo_6007Launch	NewDebris_Cm_Demo
0x01006002	NewPlasmaPoly_Demo_6002Launch	NewPlasmaPoly_Demo
0x01006008	NewDebris_Tex_Demo_6008Launch	NewDebris_Tex_Demo
0x01006016	NewDebris_Tex_Demo2_6016Launch	NewDebris_Tex_Demo2
0x01007107	NewDemoRisingSmoke_7107Launch	NewDemoRisingSmoke
0x0100710d	NewSmokeStripControl_710dLaunch	NewSmokeStripControl
0x0100000f	NewLensFlare_Demo_000fLaunch	NewLensFlare_Demo


/* Demo Model List
vmp_coat_mh_mt.mdl
vmp_coat_shadow.mdl
demo_dummy.mdl
demo_dummy.mdl
demo_dummy.mdl
demo_dummy.mdl
demo_dummy.mdl
demo_dummy.mdl
kmo_def.mdl
w15a_pipe01.mdl
w15a_pipe01.mdl
w15a_pipe01.mdl
w15a_pipe01.mdl
w15a_pipe01.mdl
w15a_pipe00.mdl
w15a_pipe00.mdl
w15a_pipe00.mdl
w15a_pipe00.mdl
w15a_obj02.mdl
w15a_obj02.mdl
demo_m4_grn_bul.mdl
demo_m4_grn_bul.mdl
demo_m4_sel.mdl
sel_def.mdl
w15a_obj02.mdl
demo_m4_sel.mdl
sel_def.mdl
demo_m4_sel.mdl
sel_def.mdl
demo_m4_sel.mdl
sel_def.mdl
demo_m4_sel.mdl
sel_def.mdl
demo_m4_grn_sel.mdl
demo_m4_sel.mdl
sel_def.mdl
demo_m4_sel.mdl
demo_m4_grn_bul.mdl
demo_m4_grn_sel.mdl
sel_def.mdl
demo_m4_sel.mdl
sel_def.mdl
demo_m4_sel.mdl
sel_def.mdl
blackcase.mdl
jam_def_mh_mt.mdl
rai_def.mdl
vmp_kizu_mh.mdl
rai_def.mdl
blackcase.mdl
vmp_coat_mh_mt.mdl
vmp_coat_shadow.mdl
demo_dummy.mdl
demo_lnr.mdl
demo_lnr_trigger.mdl
demo_lnr.mdl
for_coat_addhand_mh_mt.mdl
for_cort_shadow.mdl
rai_def_mh_mt.mdl
rai_def.mdl
fog02_msk.bmp
bombgas6_alp.bmp
fog02_msk.bmp
chi01_alp.bmp
chi02_alp.bmp
chi03_alp.bmp
chi04_alp.bmp
chi05_alp.bmp
chi01_alp.bmp
chi02_alp.bmp
chi03_alp.bmp
chi04_alp.bmp
chi05_alp.bmp
bombgas6_alp.bmp
bombgas6_alp.bmp
bombgas6_alp.bmp
lnr_bul.kms
sonic02_alp.bmp
lnr_bul.kms
sonic02_alp.bmp
fog02_msk.bmp
bombgas2_alp.bmp
bombgas6_alp.bmp
chi01_msk.bmp
col256_bld100.bmp
P012_01_p01_effect_01.vib
lnr_bul.kms
sonic02_alp.bmp
P012_01_p01_effect_01.vib
bombgas6_alp.bmp
chi01_msk.bmp
col256_bld100.bmp
bombgas6_alp.bmp
chi01_msk.bmp
col256_bld100.bmp
bombgas2_alp.bmp
bombgas6_alp.bmp
chi01_msk.bmp
col256_bld100.bmp
bombgas3_alp.bmp
bombgas6_alp.bmp
chi01_msk.bmp
col256_bld100.bmp
bombgas6_alp.bmp
chi01_msk.bmp
col256_bld100.bmp
fog02_msk.bmp
bombgas6_alp.bmp
chi01_msk.bmp
col256_bld100.bmp
P012_01_p01_effect_01.vib
lnr_bul.kms
sonic02_alp.bmp
lnr_bul.kms
sonic02_alp.bmp
bombgas6_alp.bmp
chi01_msk.bmp
col256_bld100.bmp
P012_01_p01_effect_01.vib
bombgas6_alp.bmp
chi01_msk.bmp
col256_bld100.bmp
bombgas6_alp.bmp
chi01_msk.bmp
col256_bld100.bmp
P012_01_p01_effect_01.vib
bombgas6_alp.bmp
chi01_msk.bmp
col256_bld100.bmp
bombgas6_alp.bmp
chi01_msk.bmp
col256_bld100.bmp
bombgas6_alp.bmp
chi01_msk.bmp
col256_bld100.bmp
bombgas6_alp.bmp
chi01_msk.bmp
col256_bld100.bmp
bombgas6_alp.bmp
chi01_msk.bmp
col256_bld100.bmp
bombgas6_alp.bmp
chi01_msk.bmp
col256_bld100.bmp
bombgas2_alp.bmp
demo_w04b_bar.kms
bombgas6_alp.bmp
chi01_msk.bmp
col256_bld100.bmp
demo_w04b_bar.kms
demo_w04b_bar.kms
P012_01_p01_effect_01.vib
P012_01_p01_effect_01.vib
bombgas6_alp.bmp
chi01_msk.bmp
col256_bld100.bmp
bombgas6_alp.bmp
chi01_msk.bmp
col256_bld100.bmp
bombgas6_alp.bmp
chi01_msk.bmp
col256_bld100.bmp
bombgas6_alp.bmp
chi01_msk.bmp
col256_bld100.bmp
bombgas6_alp.bmp
chi01_msk.bmp
col256_bld100.bmp
demo_w04b_bar.kms
demo_w04b_bar.kms
bombgas3_alp.bmp
bombgas2_alp.bmp
bombgas6_alp.bmp
chi01_msk.bmp
col256_bld100.bmp
demo_w04b_bar.kms
P012_01_p01_effect_01.vib
lnr_bul.kms
sonic02_alp.bmp
bombgas6_alp.bmp
chi01_msk.bmp
col256_bld100.bmp
lnr_bul.kms
sonic02_alp.bmp
drop01_msk.bmp
smoke_lp1_alp.bmp
fog02_msk.bmp
fog02_msk.bmp
for_lnr_sling.bmp
for_lnr_sling.bmp
jam_tie.kms
jam_bounding.kms
for_lnr_sling.bmp
for_lnr_sling.bmp
fog02_msk.bmp
fog02_msk.bmp
bombpowder1_msk.bmp
fog02_msk.bmp
fog02_msk.bmp
fog02_msk.bmp
fog02_msk.bmp
fog02_msk.bmp
scm_sub1.kms
scm_sub2.kms
usp_sub.kms
bombpowder1_msk.bmp
vmp_hair_coat_mh_mt.evm
vmp_coat_bounding.kms
vmp_parts_coat_mh.evm
vmp_coat_bounding.kms
rai_hair_mh_mt.evm
rai_hair_bounding.kms
vmp_hair_coat_mh_mt.evm
vmp_coat_bounding.kms
for_lnr_sling.bmp
for_mag.kms
for_parts_lsode_mh.evm
for_parts_rsode_mh.evm
for_parts_coat_mh.evm
for_hair_coat_mh.evm
for_coat_mh_mt.evm
for_coat_bounding.kms
vmp_parts_coat_mh.evm
vmp_coat_bounding.kms
fog02_msk.bmp
vmp_parts_vkpa_mh.evm
vmp_coat_bounding.kms
*/
