0x01000001	NewFarFocusEffect_0001Launch	NewFarFocusEffect
0x010fff04	NewControlBoy_fff04Launch	NewControlBoy
0x01001020	PL_RaidenEquipmentManager_1020Launch	PL_RaidenEquipmentManager
0x010fff01	DM_ExecProc_fff01Launch	DM_ExecProc
0x01000008	NewFadeInOutForce_Demo_0008Launch	NewFadeInOutForce_Demo
0x0100101c	NewDependArms_101cLaunch	NewDependArms
0x01000002	NewNearFocusEffect_0002Launch	NewNearFocusEffect
0x01008000	DM_SendEffectMessage_8000Launch	DM_SendEffectMessage
0x01000011	NewBlur_Demo_0011Launch	NewBlur_Demo
0x01001014	NewFortEquip_1014Launch	NewFortEquip
0x01003007	NewEvmHairModel_Demo_3007Launch	NewEvmHairModel_Demo
0x01001017	NewFortSling_1017Launch	NewFortSling
0x01000006	DM_ChangeAmbient_0006Launch	DM_ChangeAmbient
0x010ffff0	DM_ControlChange_ffff0Launch	DM_ControlChange
0x01000007	DM_ChangeParallel_0007Launch	DM_ChangeParallel
0x01001013	NewEyeControl2_1013Launch	NewEyeControl2
0x010fff03	NewDemoFrameCountCall_fff03Launch	NewDemoFrameCountCall
0x01001019	NewLinerGunInitEffect_1019Launch	NewLinerGunInitEffect
0x01000000	NewFogSet_Demo_0000Launch	NewFogSet_Demo
0x01006010	NewMesgBomb2_6010Launch	NewMesgBomb2
0x01000015	NewScrConcentrateBlur_0015Launch	NewScrConcentrateBlur
0x01001018	NewFortBulletDemo_1018Launch	NewFortBulletDemo
0x01009000	NewPadVibration2_9000Launch	NewPadVibration2
0x01006008	NewDebris_Tex_Demo_6008Launch	NewDebris_Tex_Demo
0x01006007	NewDebris_Cm_Demo_6007Launch	NewDebris_Cm_Demo
0x01007101	NewCommonSmoke_7101Launch	NewCommonSmoke
0x01000013	NewCrossFadeEffectCustom_0013Launch	NewCrossFadeEffectCustom
0x01002004	NewLocalWind2_Demo_2004Launch	NewLocalWind2_Demo
0x0100000d	New2DSprite_Prog_000dLaunch	New2DSprite_Prog


/* Demo Model List
demo_w11c2_cable_brk.mdl
demo_w11c2_ironbox_brk.mdl
w11c2_ironbox.mdl
w11c2_ironbox.mdl
w11a2_shatter.mdl
w11a2_shatter.mdl
elv_1.mdl
for_coat_mh_mt.mdl
for_cort_shadow.mdl
demo_lnr.mdl
demo_lnr_trigger.mdl
rai_def_mh_mt.mdl
rai_def
P028_01_p01_rai_03.vib
cbx_a_frg1_cm.kms
P028_01_p01_rai_02.vib
bombgas6_alp.bmp
chi01_msk.bmp
col256_bld100.bmp
bombgas6_alp.bmp
chi01_msk.bmp
col256_bld100.bmp
P028_01_p01_rai_01.vib
cbx_a_frg1_cm.kms
bombgas3_alp.bmp
bombgas6_alp.bmp
chi01_msk.bmp
col256_bld100.bmp
P028_01_p01_effect_01.vib
bombgas6_alp.bmp
chi01_msk.bmp
col256_bld100.bmp
lnr_bul.kms
sonic02_alp.bmp
lnr_bul.kms
sonic02_alp.bmp
bombgas6_alp.bmp
chi01_msk.bmp
col256_bld100.bmp
bombgas6_alp.bmp
chi01_msk.bmp
col256_bld100.bmp
bombgas6_alp.bmp
chi01_msk.bmp
col256_bld100.bmp
bombgas6_alp.bmp
chi01_msk.bmp
col256_bld100.bmp
drop01_msk.bmp
rai_mag.kms
rai_hlst.kms
rai_grip.kms
for_lnr_sling.bmp
rai_hair_mh_mt.evm
rai_hair_bounding.kms
for_mag.kms
for_parts_lsode_mh.evm
for_parts_rsode_mh.evm
for_parts_coat_mh.evm
for_hair_coat_mh.evm
for_coat_mh_mt.evm
for_coat_bounding.kms
scm_sub1.kms
scm_sub2.kms
usp_sub.kms
scm_sub1.kms
scm_sub2.kms
usp_sub.kms
rai_mag.kms
rai_hlst.kms
rai_grip.kms
*/
