0x0100600e	NewTs_Spark_600eLaunch	NewTs_Spark
0x01006011	NewGeneralSprite2_6011Launch	NewGeneralSprite2
0x010fff04	NewControlBoy_fff04Launch	NewControlBoy
0x010fff05	NewDemoEffectInitialize_fff05Launch	NewDemoEffectInitialize
0x0100101c	NewDependArms_101cLaunch	NewDependArms
0x01000000	NewFogSet_Demo_0000Launch	NewFogSet_Demo
0x01001020	PL_RaidenEquipmentManager_1020Launch	PL_RaidenEquipmentManager
0x01000001	NewFarFocusEffect_0001Launch	NewFarFocusEffect
0x01008000	DM_SendEffectMessage_8000Launch	DM_SendEffectMessage
0x01000002	NewNearFocusEffect_0002Launch	NewNearFocusEffect
0x0100000f	NewLensFlare_Demo_000fLaunch	NewLensFlare_Demo
0x01000008	NewFadeInOutForce_Demo_0008Launch	NewFadeInOutForce_Demo
0x01003007	NewEvmHairModel_Demo_3007Launch	NewEvmHairModel_Demo
0x01000011	NewBlur_Demo_0011Launch	NewBlur_Demo
0x01000007	DM_ChangeParallel_0007Launch	DM_ChangeParallel
0x01002004	NewLocalWind2_Demo_2004Launch	NewLocalWind2_Demo
0x01001027	NewWine_1027Launch	NewWine
0x01001013	NewEyeControl2_1013Launch	NewEyeControl2
0x01000006	DM_ChangeAmbient_0006Launch	DM_ChangeAmbient
0x010ffff0	DM_ControlChange_ffff0Launch	DM_ControlChange
0x01009000	NewPadVibration2_9000Launch	NewPadVibration2
0x0100710c	NewFatmanDemoScratchSmoke_710cLaunch	NewFatmanDemoScratchSmoke
0x010fff03	NewDemoFrameCountCall_fff03Launch	NewDemoFrameCountCall
0x01006013	NewMesgBomb3_6013Launch	NewMesgBomb3
0x01000013	NewCrossFadeEffectCustom_0013Launch	NewCrossFadeEffectCustom
0x0100000d	New2DSprite_Prog_000dLaunch	New2DSprite_Prog
0x01000012	NewCrossFadeEffect_0012Launch	NewCrossFadeEffect
0x01006015	NewDebris_Cm_Demo2_6015Launch	NewDebris_Cm_Demo2


/* Demo Model List
c4_kaitai_a1.mdl
fat_def_addhand_mh_mt.mdl
fat_def_sh_mt.mdl
strow_fat_short.mdl
wineglass_fat.mdl
rai_def_mh_mt.mdl
rai_def.mdl
bombgas6_alp.bmp
bombgas6_alp.bmp
P032_01_p01_rai_01.vib
shl_frg1.kms
P032_01_p01_rai_01.vib
wineglass_fat.kms
wine_liq_vanim_50hlf_mt.kms
wine_liq_vanim_50hlf_mt.cv2
wineglass_fat.kms
wine_liq_vanim_50hlf_mt.kms
wine_liq_vanim_50hlf_mt.cv2
bombgas6_alp.bmp
bombgas6_alp.bmp
bombgas6_alp.bmp
chi01_msk.bmp
col256_bld100.bmp
bombgas6_alp.bmp
chi01_msk.bmp
col256_bld100.bmp
bombgas6_alp.bmp
chi01_msk.bmp
col256_bld100.bmp
bombgas6_alp.bmp
chi01_msk.bmp
col256_bld100.bmp
bombgas6_alp.bmp
chi01_msk.bmp
col256_bld100.bmp
bombgas6_alp.bmp
chi01_msk.bmp
col256_bld100.bmp
bombgas6_alp.bmp
chi01_msk.bmp
col256_bld100.bmp
bombgas6_alp.bmp
chi01_msk.bmp
col256_bld100.bmp
bombgas6_alp.bmp
chi01_msk.bmp
col256_bld100.bmp
bombgas6_alp.bmp
chi01_msk.bmp
col256_bld100.bmp
bombgas6_alp.bmp
chi01_msk.bmp
col256_bld100.bmp
bombgas6_alp.bmp
chi01_msk.bmp
col256_bld100.bmp
bombgas6_alp.bmp
chi01_msk.bmp
col256_bld100.bmp
bombgas6_alp.bmp
chi01_msk.bmp
col256_bld100.bmp
bombgas6_alp.bmp
chi01_msk.bmp
col256_bld100.bmp
bombgas6_alp.bmp
chi01_msk.bmp
col256_bld100.bmp
bombgas6_alp.bmp
chi01_msk.bmp
col256_bld100.bmp
bombgas6_alp.bmp
chi01_msk.bmp
col256_bld100.bmp
bombgas6_alp.bmp
chi01_msk.bmp
col256_bld100.bmp
bombgas6_alp.bmp
chi01_msk.bmp
col256_bld100.bmp
bombgas6_alp.bmp
chi01_msk.bmp
col256_bld100.bmp
bombgas6_alp.bmp
chi01_msk.bmp
col256_bld100.bmp
bombgas6_alp.bmp
chi01_msk.bmp
col256_bld100.bmp
bombgas6_alp.bmp
chi01_msk.bmp
col256_bld100.bmp
bombgas6_alp.bmp
chi01_msk.bmp
col256_bld100.bmp
bombgas6_alp.bmp
chi01_msk.bmp
col256_bld100.bmp
bombgas6_alp.bmp
chi01_msk.bmp
col256_bld100.bmp
bombgas6_alp.bmp
chi01_msk.bmp
col256_bld100.bmp
bombgas6_alp.bmp
chi01_msk.bmp
col256_bld100.bmp
bombgas6_alp.bmp
chi01_msk.bmp
col256_bld100.bmp
bombgas6_alp.bmp
chi01_msk.bmp
col256_bld100.bmp
bombgas6_alp.bmp
chi01_msk.bmp
col256_bld100.bmp
bombgas6_alp.bmp
chi01_msk.bmp
col256_bld100.bmp
bombgas6_alp.bmp
chi01_msk.bmp
col256_bld100.bmp
col256_bld100.bmp
bombgas6_alp.bmp
chi01_msk.bmp
col256_bld100.bmp
bombgas6_alp.bmp
chi01_msk.bmp
col256_bld100.bmp
bombgas6_alp.bmp
chi01_msk.bmp
col256_bld100.bmp
col256_bld100.bmp
P032_01_p01_fat_02.vib
P032_01_p01_rai_01.vib
P032_01_p01_fat_01.vib
bombgas6_alp.bmp
bombgas6_alp.bmp
P032_01_p01_rai_01.vib
wineglass_fat.kms
wine_liq_vanim_50hlf_mt.kms
wine_liq_vanim_50hlf_mt.cv2
rai_hair_mh_mt.evm
rai_hair_bounding.kms
rai_mag.kms
rai_hlst.kms
rai_grip.kms
rai_mag.kms
rai_hlst.kms
rai_grip.kms
scm_sub1.kms
scm_sub2.kms
usp_sub.kms
xlit04a_alp.bmp
col256_bld100.bmp
col256_bld100.bmp
*/
