0x010fff01	DM_ExecProc_fff01Launch	DM_ExecProc
0x01003007	NewEvmHairModel_Demo_3007Launch	NewEvmHairModel_Demo
0x010fff05	NewDemoEffectInitialize_fff05Launch	NewDemoEffectInitialize
0x01000011	NewBlur_Demo_0011Launch	NewBlur_Demo
0x01000008	NewFadeInOutForce_Demo_0008Launch	NewFadeInOutForce_Demo
0x010fff04	NewControlBoy_fff04Launch	NewControlBoy
0x01001020	PL_RaidenEquipmentManager_1020Launch	PL_RaidenEquipmentManager
0x01008000	DM_SendEffectMessage_8000Launch	DM_SendEffectMessage
0x01000000	NewFogSet_Demo_0000Launch	NewFogSet_Demo
0x01000006	DM_ChangeAmbient_0006Launch	DM_ChangeAmbient
0x010ffff0	DM_ControlChange_ffff0Launch	DM_ControlChange
0x01000007	DM_ChangeParallel_0007Launch	DM_ChangeParallel
0x01002004	NewLocalWind2_Demo_2004Launch	NewLocalWind2_Demo
0x01001013	NewEyeControl2_1013Launch	NewEyeControl2
0x01000001	NewFarFocusEffect_0001Launch	NewFarFocusEffect


/* Demo Model List
handy_telephone.mdl
handy_telephone.mdl
org_tng_sld_mt.mdl
demo_org_tng_hfb_r_blade_mt.mdl
demo_org_tng_hfb_r_sheath.mdl
org_tng_mh_mt.mdl
rai_def.mdl
rai_def_mh_mt.mdl
rai_def.mdl
rai_mag.kms
rai_hlst.kms
rai_grip.kms
rai_hair_mh_mt.evm
rai_hair_bounding.kms
*/
