0x01001002	NewEneEquip_1002Launch	NewEneEquip
0x01000008	NewFadeInOutForce_Demo_0008Launch	NewFadeInOutForce_Demo
0x01000011	NewBlur_Demo_0011Launch	NewBlur_Demo
0x01008000	DM_SendEffectMessage_8000Launch	DM_SendEffectMessage
0x01000002	NewNearFocusEffect_0002Launch	NewNearFocusEffect
0x01000000	NewFogSet_Demo_0000Launch	NewFogSet_Demo
0x01000006	DM_ChangeAmbient_0006Launch	DM_ChangeAmbient
0x01000007	DM_ChangeParallel_0007Launch	DM_ChangeParallel
0x01000001	NewFarFocusEffect_0001Launch	NewFarFocusEffect


/* Demo Model List
gbs_def_mt.mdl
gbs_def_mt.mdl
gbs_def_mt.mdl
rad.kms
gbs_hlst.kms
gbs_knif.kms
gbs_mag.kms
gbs_bp.kms
gbs_knif.kms
gbs_hlst.kms
gbs_knif.kms
gbs_mag.kms
gbs_bp.kms
aks_sp.kms
gbs_hlst.kms
gbs_knif.kms
gbs_mag.kms
gbs_bp.kms
rad.kms
gbs_hlst.kms
gbs_knif.kms
gbs_mag.kms
gbs_bp.kms
gbs_mag.kms
gbs_hlst.kms
gbs_knif.kms
gbs_mag.kms
gbs_bp.kms
gbs_hlst.kms
gbs_hlst.kms
gbs_knif.kms
gbs_mag.kms
gbs_bp.kms
gbs_knif.kms
gbs_hlst.kms
gbs_knif.kms
gbs_mag.kms
gbs_bp.kms
aks_sp.kms
gbs_hlst.kms
gbs_knif.kms
gbs_mag.kms
gbs_bp.kms
rad.kms
gbs_hlst.kms
gbs_knif.kms
gbs_mag.kms
gbs_bp.kms
gbs_mag.kms
gbs_hlst.kms
gbs_knif.kms
gbs_mag.kms
gbs_bp.kms
gbs_hlst.kms
gbs_hlst.kms
gbs_knif.kms
gbs_mag.kms
gbs_bp.kms
gbs_knif.kms
gbs_hlst.kms
gbs_knif.kms
gbs_mag.kms
gbs_bp.kms
aks_sp.kms
gbs_hlst.kms
gbs_knif.kms
gbs_mag.kms
gbs_bp.kms
gbs_mag.kms
gbs_hlst.kms
gbs_knif.kms
gbs_mag.kms
gbs_bp.kms
gbs_hlst.kms
gbs_hlst.kms
gbs_knif.kms
gbs_mag.kms
gbs_bp.kms
*/
