0x01000011	NewBlur_Demo_0011Launch	NewBlur_Demo
0x010fff04	NewControlBoy_fff04Launch	NewControlBoy
0x01000015	NewScrConcentrateBlur_0015Launch	NewScrConcentrateBlur
0x01003004	NewRopeModel3_called_3004Launch	NewRopeModel3_called
0x0100101b	NewDemoArmControl_101bLaunch	NewDemoArmControl
0x01008000	DM_SendEffectMessage_8000Launch	DM_SendEffectMessage
0x0100101d	NewDependArms_Aks_101dLaunch	NewDependArms_Aks
0x010fff05	NewDemoEffectInitialize_fff05Launch	NewDemoEffectInitialize
0x01001022	NewScnEvm_SkirtA_1022Launch	NewScnEvm_SkirtA
0x01001023	NewScnEvm_SkirtB_1023Launch	NewScnEvm_SkirtB
0x01001002	NewEneEquip_1002Launch	NewEneEquip
0x01000001	NewFarFocusEffect_0001Launch	NewFarFocusEffect
0x01000008	NewFadeInOutForce_Demo_0008Launch	NewFadeInOutForce_Demo
0x01000000	NewFogSet_Demo_0000Launch	NewFogSet_Demo
0x01000002	NewNearFocusEffect_0002Launch	NewNearFocusEffect
0x01000006	DM_ChangeAmbient_0006Launch	DM_ChangeAmbient
0x010ffff0	DM_ControlChange_ffff0Launch	DM_ControlChange
0x01000007	DM_ChangeParallel_0007Launch	DM_ChangeParallel
0x01001013	NewEyeControl2_1013Launch	NewEyeControl2
0x01009000	NewPadVibration2_9000Launch	NewPadVibration2
0x01003007	NewEvmHairModel_Demo_3007Launch	NewEvmHairModel_Demo
0x01000013	NewCrossFadeEffectCustom_0013Launch	NewCrossFadeEffectCustom
0x0100101a	NewOrgFaceEft_101aLaunch	NewOrgFaceEft
0x01004002	NewInterPoly_Demo_4002Launch	NewInterPoly_Demo
0x0100000f	NewLensFlare_Demo_000fLaunch	NewLensFlare_Demo
0x010fff03	NewDemoFrameCountCall_fff03Launch	NewDemoFrameCountCall
0x01006013	NewMesgBomb3_6013Launch	NewMesgBomb3
0x01006024	NewDemoBladeSpark_6024Launch	NewDemoBladeSpark


/* Demo Model List
hos_malea_def.mdl
hos_malec_def.mdl
hos_femaleb_sk_mh_mt.mdl
rai_def.mdl
hos_femaleb_def_mt.mdl
hos_femalea_sk_mh.mdl
rai_def.mdl
hos_femalea_def_mt.mdl
gbs_def.mdl
gbs_def.mdl
gbs_def.mdl
gbs_def.mdl
gbs_def.mdl
gbs_def.mdl
gbs_def.mdl
demo_org_tng_hfb_r_sheath.mdl
demo_dummy.mdl
demo_dummy.mdl
demo_org_tng_hfb_r_blade_mt.mdl
org_tng_mh_mt.mdl
org_tng_sh_mt.mdl
saa_lefthand.mdl
rev_hair_fix.mdl
saa_lefthand.mdl
rev_plant_mh_mt.mdl
rev_plant_sh_mt.mdl
ric_def_mh.mdl
ric_def.mdl
demo_dummy.mdl
aks_amo_rai_sub.mdl
aks_sp_rai_sub.mdl
aks_amo_rai_sub.mdl
aks_sp_rai_sub.mdl
rai_gbs_raihead_mh_mt.mdl
rai_def.mdl
rai_gbs_gbshead_mh_mt.mdl
rai_def.mdl
rai_gbs_body_mh_mt.mdl
rai_gbs_sh_mt.mdl
rai_gbs_body_mh_mt.mdl
rai_gbs_mt.mdl
light05_msk.bmp
light05_msk.bmp
bombgas6_alp.bmp
chi01_msk.bmp
col256_bld100.bmp
light05_msk.bmp
bombgas6_alp.bmp
chi01_msk.bmp
col256_bld100.bmp
light05_msk.bmp
bombgas6_alp.bmp
chi01_msk.bmp
col256_bld100.bmp
bombgas6_alp.bmp
chi01_msk.bmp
col256_bld100.bmp
bombgas6_alp.bmp
chi01_msk.bmp
col256_bld100.bmp
bombgas6_alp.bmp
chi01_msk.bmp
col256_bld100.bmp
bombgas6_alp.bmp
chi01_msk.bmp
col256_bld100.bmp
bombgas6_alp.bmp
chi01_msk.bmp
col256_bld100.bmp
light05_msk.bmp
bombgas6_alp.bmp
chi01_msk.bmp
col256_bld100.bmp
light05_msk.bmp
light05_msk.bmp
bombgas6_alp.bmp
chi01_msk.bmp
col256_bld100.bmp
light05_msk.bmp
rai_hair_mh_mt.evm
rai_hair_bounding.kms
aks_rai_sub.kms
aks_sp_rai_sub.kms
gbs_hlst.kms
gbs_knif.kms
gbs_mag.kms
gbs_bp.kms
bombgas6_alp.bmp
chi01_msk.bmp
col256_bld100.bmp
bombgas6_alp.bmp
chi01_msk.bmp
col256_bld100.bmp
bombgas6_alp.bmp
chi01_msk.bmp
col256_bld100.bmp
aks_rai_sub.kms
aks_sp_rai_sub.kms
aks_sp.kms
gbs_hlst.kms
gbs_knif.kms
gbs_mag.kms
gbs_bp.kms
aks_sp.kms
gbs_hlst.kms
gbs_knif.kms
gbs_mag.kms
gbs_bp.kms
aks_sp.kms
gbs_hlst.kms
gbs_knif.kms
gbs_mag.kms
gbs_bp.kms
P040_09_p05_rai_01.vib
bombgas6_alp.bmp
chi01_msk.bmp
col256_bld100.bmp
bombgas6_alp.bmp
chi01_msk.bmp
col256_bld100.bmp
bombgas6_alp.bmp
chi01_msk.bmp
col256_bld100.bmp
bombgas6_alp.bmp
chi01_msk.bmp
col256_bld100.bmp
bombgas6_alp.bmp
chi01_msk.bmp
col256_bld100.bmp
bombgas6_alp.bmp
chi01_msk.bmp
col256_bld100.bmp
bombgas6_alp.bmp
chi01_msk.bmp
col256_bld100.bmp
bombgas6_alp.bmp
chi01_msk.bmp
col256_bld100.bmp
bombgas6_alp.bmp
chi01_msk.bmp
col256_bld100.bmp
bombgas6_alp.bmp
chi01_msk.bmp
col256_bld100.bmp
bombgas6_alp.bmp
chi01_msk.bmp
col256_bld100.bmp
light05_msk.bmp
bombgas6_alp.bmp
chi01_msk.bmp
col256_bld100.bmp
light05_msk.bmp
light05_msk.bmp
bombgas6_alp.bmp
chi01_msk.bmp
col256_bld100.bmp
light05_msk.bmp
light05_msk.bmp
light05_msk.bmp
light05_msk.bmp
bombgas6_alp.bmp
chi01_msk.bmp
col256_bld100.bmp
bombgas6_alp.bmp
chi01_msk.bmp
col256_bld100.bmp
bombgas6_alp.bmp
chi01_msk.bmp
col256_bld100.bmp
light05_msk.bmp
light05_msk.bmp
light05_msk.bmp
light05_msk.bmp
light05_msk.bmp
bombgas6_alp.bmp
chi01_msk.bmp
col256_bld100.bmp
light05_msk.bmp
light05_msk.bmp
light05_msk.bmp
bombgas6_alp.bmp
chi01_msk.bmp
col256_bld100.bmp
bombgas6_alp.bmp
chi01_msk.bmp
col256_bld100.bmp
bombgas6_alp.bmp
chi01_msk.bmp
col256_bld100.bmp
bombgas6_alp.bmp
chi01_msk.bmp
col256_bld100.bmp
bombgas6_alp.bmp
chi01_msk.bmp
col256_bld100.bmp
bombgas6_alp.bmp
chi01_msk.bmp
col256_bld100.bmp
bombgas6_alp.bmp
chi01_msk.bmp
col256_bld100.bmp
bombgas6_alp.bmp
chi01_msk.bmp
col256_bld100.bmp
bombgas6_alp.bmp
chi01_msk.bmp
col256_bld100.bmp
bombgas6_alp.bmp
chi01_msk.bmp
col256_bld100.bmp
bombgas6_alp.bmp
chi01_msk.bmp
col256_bld100.bmp
aks_sp.kms
gbs_hlst.kms
gbs_knif.kms
gbs_mag.kms
gbs_bp.kms
aks_sp.kms
gbs_hlst.kms
gbs_knif.kms
gbs_mag.kms
gbs_bp.kms
aks_sp.kms
gbs_hlst.kms
gbs_knif.kms
gbs_mag.kms
gbs_bp.kms
aks_rai_sub.kms
aks_sp_rai_sub.kms
P040_09_p05_org_02.vib
aks_rai_sub.kms
aks_sp_rai_sub.kms
P040_09_p05_org_01.vib
orn_sld_text_R_alp.bmp
orn_sld_text_L_alp.bmp
orn_sld_mitsubishi_alp.bmp
orn_sld_square_alp.bmp
orn_sld_noiz_alp.bmp
orn_head_met_alp.bmp
orn_sld_cover_alp.bmp
org_tng_sld_mt.kms
rai_hair_mh_mt.evm
rai_hair_bounding.kms
P040_09_p05_gbs_01.vib
aks_rai_sub.kms
aks_sp_rai_sub.kms
aks_rai_sub.kms
aks_sp_rai_sub.kms
aks_sp.kms
gbs_hlst.kms
gbs_knif.kms
gbs_mag.kms
gbs_bp.kms
P040_09_p05_ric_01.vib
aks_rai_sub.kms
aks_sp_rai_sub.kms
gbs_hlst.kms
gbs_knif.kms
gbs_mag.kms
gbs_bp.kms
hos_femaleb_sk_mh_mt.evm
hos_femalea_sk_mh.evm
aks_rai_sub.kms
aks_sp_rai_sub.kms
aks_rai_sub.kms
aks_sp_rai_sub.kms
rev_hair_fix.kms
rev_coat_bounding.kms
*/
