0x01008000	DM_SendEffectMessage_8000Launch	DM_SendEffectMessage
0x01000019	NewRainFogPersFast_0019Launch	NewRainFogPersFast
0x010fff03	NewDemoFrameCountCall_fff03Launch	NewDemoFrameCountCall
0x010fff01	DM_ExecProc_fff01Launch	DM_ExecProc
0x010fff05	NewDemoEffectInitialize_fff05Launch	NewDemoEffectInitialize
0x01000011	NewBlur_Demo_0011Launch	NewBlur_Demo
0x01000000	NewFogSet_Demo_0000Launch	NewFogSet_Demo
0x01000006	DM_ChangeAmbient_0006Launch	DM_ChangeAmbient
0x01000007	DM_ChangeParallel_0007Launch	DM_ChangeParallel
0x01009000	NewPadVibration2_9000Launch	NewPadVibration2
0x01006009	NewBombEffect_6009Launch	NewBombEffect
0x01000008	NewFadeInOutForce_Demo_0008Launch	NewFadeInOutForce_Demo
0x01006002	NewPlasmaPoly_Demo_6002Launch	NewPlasmaPoly_Demo
0x0100600e	NewTs_Spark_600eLaunch	NewTs_Spark


/* Demo Model List
demo_dummy.mdl
demo_dummy.mdl
demo_dummy.mdl
demo_dummy.mdl
col256_bld100.bmp
col256_bld100.bmp
col256_bld100.bmp
col256_bld100.bmp
col256_bld100.bmp
col256_bld100.bmp
col256_bld100.bmp
col256_bld100.bmp
col256_bld100.bmp
P048_01_p01_effect_01.vib
fog02_msk.bmp
*/
