0x010fff05	NewDemoEffectInitialize_fff05Launch	NewDemoEffectInitialize
0x01003014	NewRopeModel3_called_3014Launch	NewRopeModel3_called
0x01003007	NewEvmHairModel_Demo_3007Launch	NewEvmHairModel_Demo
0x0100102a	NewDependArms_Kill_102aLaunch	NewDependArms_Kill
0x01008000	DM_SendEffectMessage_8000Launch	DM_SendEffectMessage
0x01000008	NewFadeInOutForce_Demo_0008Launch	NewFadeInOutForce_Demo
0x01000011	NewBlur_Demo_0011Launch	NewBlur_Demo
0x010fff01	DM_ExecProc_fff01Launch	DM_ExecProc
0x010fff04	NewControlBoy_fff04Launch	NewControlBoy
0x01001020	PL_RaidenEquipmentManager_1020Launch	PL_RaidenEquipmentManager
0x01000000	NewFogSet_Demo_0000Launch	NewFogSet_Demo
0x01000002	NewNearFocusEffect_0002Launch	NewNearFocusEffect
0x01000006	DM_ChangeAmbient_0006Launch	DM_ChangeAmbient
0x010ffff0	DM_ControlChange_ffff0Launch	DM_ControlChange
0x01000007	DM_ChangeParallel_0007Launch	DM_ChangeParallel
0x01001013	NewEyeControl2_1013Launch	NewEyeControl2
0x010fff03	NewDemoFrameCountCall_fff03Launch	NewDemoFrameCountCall
0x01009000	NewPadVibration2_9000Launch	NewPadVibration2
0x01006013	NewMesgBomb3_6013Launch	NewMesgBomb3
0x01000013	NewCrossFadeEffectCustom_0013Launch	NewCrossFadeEffectCustom
0x01003004	NewRopeModel3_called_3004Launch	NewRopeModel3_called
0x01007103	NewLineSmoke_7103Launch	NewLineSmoke


/* Demo Model List
security_card_lv4.mdl
saa_lefthand.mdl
rev_plant_mh_mt.mdl
rev_def_shadow.mdl
mo_disk.mdl
jam_blood_sh.mdl
jam_def_addhand_mh_mt.mdl
rai_def.mdl
rai_def_addhand_mh_mt.mdl
rai_def.mdl
P049_11_p02_rai_09.vib
P049_11_p02_rai_08.vib
P049_11_p02_rai_07.vib
smoke_lp1_alp.bmp
rev_hair_fix.kms
rev_coat_bounding.kms
bombgas6_alp.bmp
chi01_msk.bmp
col256_bld100.bmp
bombgas6_alp.bmp
chi01_msk.bmp
col256_bld100.bmp
bombgas6_alp.bmp
chi01_msk.bmp
col256_bld100.bmp
bombgas6_alp.bmp
chi01_msk.bmp
col256_bld100.bmp
bombgas6_alp.bmp
chi01_msk.bmp
col256_bld100.bmp
P049_11_p02_rai_06.vib
P049_11_p02_rai_05.vib
P049_11_p02_rai_04.vib
P049_11_p02_rai_03.vib
P049_11_p02_rai_02.vib
rai_mag.kms
rai_hlst.kms
rai_grip.kms
scm_sub1.kms
scm_sub2.kms
usp_sub.kms
usp_amo.kms
scm_amo.kms
P049_11_p02_rai_01.vib
rai_mag.kms
rai_hlst.kms
rai_grip.kms
rai_mag.kms
rai_hlst.kms
rai_grip.kms
scm_sub1.kms
scm_sub2.kms
usp_sub.kms
usp_amo.kms
scm_amo.kms
scm_sub1.kms
scm_sub2.kms
usp_sub.kms
usp_amo.kms
scm_amo.kms
rai_hair_mh_mt.evm
rai_hair_bounding.kms
jam_tie.kms
jam_bounding.kms
*/
