0x0100101c	NewDependArms_101cLaunch	NewDependArms
0x01003007	NewEvmHairModel_Demo_3007Launch	NewEvmHairModel_Demo
0x01000008	NewFadeInOutForce_Demo_0008Launch	NewFadeInOutForce_Demo
0x01000011	NewBlur_Demo_0011Launch	NewBlur_Demo
0x01008000	DM_SendEffectMessage_8000Launch	DM_SendEffectMessage
0x01000002	NewNearFocusEffect_0002Launch	NewNearFocusEffect
0x010fff04	NewControlBoy_fff04Launch	NewControlBoy
0x01000001	NewFarFocusEffect_0001Launch	NewFarFocusEffect
0x01003009	NewEvmHairModel_Demo2_3009Launch	NewEvmHairModel_Demo2
0x01001013	NewEyeControl2_1013Launch	NewEyeControl2
0x0100101e	NewBreathDemo_101eLaunch	NewBreathDemo
0x0100b000	NewWaterLevelControl_Demo_b000Launch	NewWaterLevelControl_Demo
0x01001020	PL_RaidenEquipmentManager_1020Launch	PL_RaidenEquipmentManager
0x01000019	NewRainFogPersFast_0019Launch	NewRainFogPersFast
0x01000101	NewSplashRipple_Demo_0101Launch	NewSplashRipple_Demo
0x01000100	NewSplashMotion_Demo_0100Launch	NewSplashMotion_Demo
0x0100a004	NewRippleMan_a004Launch	NewRippleMan
0x010fff05	NewDemoEffectInitialize_fff05Launch	NewDemoEffectInitialize
0x010ffff0	DM_ControlChange_ffff0Launch	DM_ControlChange
0x01000007	DM_ChangeParallel_0007Launch	DM_ChangeParallel
0x0100b001	NewDropBodySplush_b001Launch	NewDropBodySplush
0x0100a003	NewSplushSurfaceMan_a003Launch	NewSplushSurfaceMan
0x01000013	NewCrossFadeEffectCustom_0013Launch	NewCrossFadeEffectCustom
0x01000000	NewFogSet_Demo_0000Launch	NewFogSet_Demo
0x01009000	NewPadVibration2_9000Launch	NewPadVibration2
0x01006013	NewMesgBomb3_6013Launch	NewMesgBomb3
0x010fff03	NewDemoFrameCountCall_fff03Launch	NewDemoFrameCountCall
0x0100b007	NewBloodWater_demo_b007Launch	NewBloodWater_demo
0x01000014	NewScrWater_Demo_0014Launch	NewScrWater_Demo
0x01000012	NewCrossFadeEffect_0012Launch	NewCrossFadeEffect


/* Demo Model List
vmp_naked_mh_mt.mdl
rai_def.mdl
rai_def_mh_mt.mdl
rai_def.mdl
rai_mag.kms
rai_hlst.kms
rai_grip.kms
blood_2bw_alp.bmp
blood_2bw_alp.bmp
blood_2bw_alp.bmp
blood_2bw_alp.bmp
blood_2bw_alp.bmp
blood_2bw_alp.bmp
blood_2bw_alp.bmp
blood_2bw_alp.bmp
blood_2bw_alp.bmp
blood_2bw_alp.bmp
blood_2bw_alp.bmp
blood_2bw_alp.bmp
blood_2bw_alp.bmp
blood_2bw_alp.bmp
blood_2bw_alp.bmp
blood_2bw_alp.bmp
blood_2bw_alp.bmp
blood_2bw_alp.bmp
blood_2bw_alp.bmp
blood_2bw_alp.bmp
blood_2bw_alp.bmp
blood_2bw_alp.bmp
blood_2bw_alp.bmp
blood_2bw_alp.bmp
blood_2bw_alp.bmp
blood_2bw_alp.bmp
blood_2bw_alp.bmp
blood_2bw_alp.bmp
blood_2bw_alp.bmp
blood_2bw_alp.bmp
blood_2bw_alp.bmp
blood_2bw_alp.bmp
blood_2bw_alp.bmp
blood_2bw_alp.bmp
blood_2bw_alp.bmp
blood_2bw_alp.bmp
blood_2bw_alp.bmp
blood_2bw_alp.bmp
bombgas6_alp.bmp
chi01_msk.bmp
col256_bld100.bmp
bombgas6_alp.bmp
chi01_msk.bmp
col256_bld100.bmp
bombgas6_alp.bmp
chi01_msk.bmp
col256_bld100.bmp
bombgas6_alp.bmp
chi01_msk.bmp
col256_bld100.bmp
bombgas6_alp.bmp
chi01_msk.bmp
col256_bld100.bmp
bombgas6_alp.bmp
chi01_msk.bmp
col256_bld100.bmp
bombgas6_alp.bmp
chi01_msk.bmp
col256_bld100.bmp
bombgas6_alp.bmp
chi01_msk.bmp
col256_bld100.bmp
bombgas6_alp.bmp
chi01_msk.bmp
col256_bld100.bmp
bombgas6_alp.bmp
chi01_msk.bmp
col256_bld100.bmp
bombgas6_alp.bmp
chi01_msk.bmp
col256_bld100.bmp
bombgas6_alp.bmp
chi01_msk.bmp
col256_bld100.bmp
bombgas6_alp.bmp
chi01_msk.bmp
col256_bld100.bmp
bombgas6_alp.bmp
chi01_msk.bmp
col256_bld100.bmp
bombgas6_alp.bmp
chi01_msk.bmp
col256_bld100.bmp
bombgas6_alp.bmp
chi01_msk.bmp
col256_bld100.bmp
blood_2bw_alp.bmp
blood_2bw_alp.bmp
blood_2bw_alp.bmp
blood_2bw_alp.bmp
bombgas6_alp.bmp
chi01_msk.bmp
col256_bld100.bmp
blood_2bw_alp.bmp
blood_2bw_alp.bmp
bombgas6_alp.bmp
chi01_msk.bmp
col256_bld100.bmp
blood_2bw_alp.bmp
bombgas6_alp.bmp
chi01_msk.bmp
col256_bld100.bmp
blood_2bw_alp.bmp
blood_2bw_alp.bmp
bombgas6_alp.bmp
chi01_msk.bmp
col256_bld100.bmp
bombgas6_alp.bmp
chi01_msk.bmp
col256_bld100.bmp
bombgas6_alp.bmp
chi01_msk.bmp
col256_bld100.bmp
blood_2bw_alp.bmp
bombgas6_alp.bmp
chi01_msk.bmp
col256_bld100.bmp
bombgas6_alp.bmp
chi01_msk.bmp
col256_bld100.bmp
bombgas6_alp.bmp
chi01_msk.bmp
col256_bld100.bmp
bombgas6_alp.bmp
chi01_msk.bmp
col256_bld100.bmp
bombgas6_alp.bmp
chi01_msk.bmp
col256_bld100.bmp
blood_2bw_alp.bmp
fog02_msk.bmp
bombgas6_alp.bmp
chi01_msk.bmp
col256_bld100.bmp
blood_2bw_alp.bmp
bombgas6_alp.bmp
chi01_msk.bmp
col256_bld100.bmp
bombgas6_alp.bmp
chi01_msk.bmp
col256_bld100.bmp
bombgas6_alp.bmp
chi01_msk.bmp
col256_bld100.bmp
bombgas6_alp.bmp
chi01_msk.bmp
col256_bld100.bmp
bombgas6_alp.bmp
chi01_msk.bmp
col256_bld100.bmp
bombgas6_alp.bmp
chi01_msk.bmp
col256_bld100.bmp
bombgas6_alp.bmp
chi01_msk.bmp
col256_bld100.bmp
bombgas6_alp.bmp
chi01_msk.bmp
col256_bld100.bmp
bombgas6_alp.bmp
chi01_msk.bmp
col256_bld100.bmp
bombgas6_alp.bmp
chi01_msk.bmp
col256_bld100.bmp
bombgas6_alp.bmp
chi01_msk.bmp
col256_bld100.bmp
bombgas6_alp.bmp
chi01_msk.bmp
col256_bld100.bmp
bombgas6_alp.bmp
chi01_msk.bmp
col256_bld100.bmp
bombgas6_alp.bmp
chi01_msk.bmp
col256_bld100.bmp
bombgas6_alp.bmp
chi01_msk.bmp
col256_bld100.bmp
bombgas6_alp.bmp
chi01_msk.bmp
col256_bld100.bmp
bombgas6_alp.bmp
chi01_msk.bmp
col256_bld100.bmp
bombgas6_alp.bmp
chi01_msk.bmp
col256_bld100.bmp
smoke_msk.bmp
bombgas6_alp.bmp
chi01_msk.bmp
col256_bld100.bmp
bombgas6_alp.bmp
chi01_msk.bmp
col256_bld100.bmp
bombgas6_alp.bmp
chi01_msk.bmp
col256_bld100.bmp
bombgas6_alp.bmp
chi01_msk.bmp
col256_bld100.bmp
smoke_msk.bmp
bombgas6_alp.bmp
chi01_msk.bmp
col256_bld100.bmp
bombgas6_alp.bmp
chi01_msk.bmp
col256_bld100.bmp
smoke_msk.bmp
bombgas6_alp.bmp
chi01_msk.bmp
col256_bld100.bmp
smoke_msk.bmp
bombgas6_alp.bmp
chi01_msk.bmp
col256_bld100.bmp
smoke_msk.bmp
bombgas6_alp.bmp
chi01_msk.bmp
col256_bld100.bmp
bombgas6_alp.bmp
chi01_msk.bmp
col256_bld100.bmp
bombgas6_alp.bmp
chi01_msk.bmp
col256_bld100.bmp
smoke_msk.bmp
bombgas6_alp.bmp
chi01_msk.bmp
col256_bld100.bmp
bombgas6_alp.bmp
chi01_msk.bmp
col256_bld100.bmp
smoke_msk.bmp
smoke_msk.bmp
smoke_msk.bmp
bombgas6_alp.bmp
chi01_msk.bmp
col256_bld100.bmp
smoke_msk.bmp
splash05_alp.bmp
splash07_alp.bmp
vmp_hair_naked_mh_mt.evm
vmp_naked_bounding.kms
splash05_alp.bmp
splash07_alp.bmp
smoke_msk.bmp
smoke_msk.bmp
smoke_msk.bmp
bombgas6_alp.bmp
chi01_msk.bmp
col256_bld100.bmp
bombgas6_alp.bmp
chi01_msk.bmp
col256_bld100.bmp
bombgas6_alp.bmp
chi01_msk.bmp
col256_bld100.bmp
bombgas6_alp.bmp
chi01_msk.bmp
col256_bld100.bmp
bombgas6_alp.bmp
chi01_msk.bmp
col256_bld100.bmp
bombgas6_alp.bmp
chi01_msk.bmp
col256_bld100.bmp
bombgas6_alp.bmp
chi01_msk.bmp
col256_bld100.bmp
bombgas6_alp.bmp
chi01_msk.bmp
col256_bld100.bmp
bombgas6_alp.bmp
chi01_msk.bmp
col256_bld100.bmp
bombgas6_alp.bmp
chi01_msk.bmp
col256_bld100.bmp
bombgas6_alp.bmp
chi01_msk.bmp
col256_bld100.bmp
bombgas6_alp.bmp
chi01_msk.bmp
col256_bld100.bmp
bombgas6_alp.bmp
chi01_msk.bmp
col256_bld100.bmp
bombgas6_alp.bmp
chi01_msk.bmp
col256_bld100.bmp
bombgas6_alp.bmp
chi01_msk.bmp
col256_bld100.bmp
bombgas6_alp.bmp
chi01_msk.bmp
col256_bld100.bmp
bombgas6_alp.bmp
chi01_msk.bmp
col256_bld100.bmp
bombgas6_alp.bmp
chi01_msk.bmp
col256_bld100.bmp
bombgas6_alp.bmp
chi01_msk.bmp
col256_bld100.bmp
bombgas6_alp.bmp
chi01_msk.bmp
col256_bld100.bmp
bombgas6_alp.bmp
chi01_msk.bmp
col256_bld100.bmp
bombgas6_alp.bmp
chi01_msk.bmp
col256_bld100.bmp
bombgas6_alp.bmp
chi01_msk.bmp
col256_bld100.bmp
bombgas6_alp.bmp
chi01_msk.bmp
col256_bld100.bmp
bombgas6_alp.bmp
chi01_msk.bmp
col256_bld100.bmp
bombgas6_alp.bmp
chi01_msk.bmp
col256_bld100.bmp
bombgas6_alp.bmp
chi01_msk.bmp
col256_bld100.bmp
bombgas6_alp.bmp
chi01_msk.bmp
col256_bld100.bmp
bombgas6_alp.bmp
chi01_msk.bmp
col256_bld100.bmp
bombgas6_alp.bmp
chi01_msk.bmp
col256_bld100.bmp
bombgas6_alp.bmp
chi01_msk.bmp
col256_bld100.bmp
bombgas6_alp.bmp
chi01_msk.bmp
col256_bld100.bmp
bombgas6_alp.bmp
chi01_msk.bmp
col256_bld100.bmp
bombgas6_alp.bmp
chi01_msk.bmp
col256_bld100.bmp
bombgas6_alp.bmp
chi01_msk.bmp
col256_bld100.bmp
bombgas6_alp.bmp
chi01_msk.bmp
col256_bld100.bmp
bombgas6_alp.bmp
chi01_msk.bmp
col256_bld100.bmp
fog02_msk.bmp
smoke_msk.bmp
P057_01_p01_rai_01.vib
smoke_msk.bmp
smoke_msk.bmp
smoke_msk.bmp
smoke_msk.bmp
smoke_msk.bmp
smoke_msk.bmp
smoke_msk.bmp
smoke_msk.bmp
smoke_msk.bmp
smoke_msk.bmp
smoke_msk.bmp
smoke_msk.bmp
smoke_msk.bmp
smoke_msk.bmp
smoke_msk.bmp
smoke_msk.bmp
smoke_msk.bmp
smoke_msk.bmp
smoke_msk.bmp
smoke_msk.bmp
smoke_msk.bmp
smoke_msk.bmp
rai_def.cv2
splash05_alp.bmp
splash07_alp.bmp
splash05_alp.bmp
splash07_alp.bmp
splash05_alp.bmp
splash07_alp.bmp
fog02_msk.bmp
rai_mag.kms
rai_hlst.kms
rai_grip.kms
rai_mag.kms
rai_hlst.kms
rai_grip.kms
smoke_msk.bmp
vmp_hair_naked_mh_mt.evm
vmp_naked_bounding.kms
rai_hair_mh_mt.evm
rai_hair_bounding.kms
rai_hair_mh_mt.evm
rai_hair_bounding.kms
scm_sub1.kms
scm_sub2.kms
usp_sub.kms
*/
