0x010fff02	DM_SetClipParam_fff02Launch	DM_SetClipParam
0x010fff05	NewDemoEffectInitialize_fff05Launch	NewDemoEffectInitialize
0x01000019	NewRainFogPersFast_0019Launch	NewRainFogPersFast
0x010fff04	NewControlBoy_fff04Launch	NewControlBoy
0x01000008	NewFadeInOutForce_Demo_0008Launch	NewFadeInOutForce_Demo
0x01000002	NewNearFocusEffect_0002Launch	NewNearFocusEffect
0x01001013	NewEyeControl2_1013Launch	NewEyeControl2
0x01008000	DM_SendEffectMessage_8000Launch	DM_SendEffectMessage
0x01000000	NewFogSet_Demo_0000Launch	NewFogSet_Demo
0x010fff01	DM_ExecProc_fff01Launch	DM_ExecProc
0x01000001	NewFarFocusEffect_0001Launch	NewFarFocusEffect
0x01000006	DM_ChangeAmbient_0006Launch	DM_ChangeAmbient
0x010ffff0	DM_ControlChange_ffff0Launch	DM_ControlChange
0x01000007	DM_ChangeParallel_0007Launch	DM_ChangeParallel
0x01006013	NewMesgBomb3_6013Launch	NewMesgBomb3
0x0100b000	NewWaterLevelControl_Demo_b000Launch	NewWaterLevelControl_Demo
0x01009000	NewPadVibration2_9000Launch	NewPadVibration2
0x0100601c	NewMAOParticle_601cLaunch	NewMAOParticle
0x01006011	NewGeneralSprite2_6011Launch	NewGeneralSprite2
0x01006007	NewDebris_Cm_Demo_6007Launch	NewDebris_Cm_Demo
0x01007101	NewCommonSmoke_7101Launch	NewCommonSmoke
0x01000025	NewScrDrop_demo_0025Launch	NewScrDrop_demo
0x0100710a	NewDemoRisingSmokeDummy_710aLaunch	NewDemoRisingSmokeDummy
0x010fff03	NewDemoFrameCountCall_fff03Launch	NewDemoFrameCountCall
0x01000108	NewWallTidal_0108Launch	NewWallTidal
0x01006015	NewDebris_Cm_Demo2_6015Launch	NewDebris_Cm_Demo2
0x01003009	NewEvmHairModel_Demo2_3009Launch	NewEvmHairModel_Demo2
0x01000013	NewCrossFadeEffectCustom_0013Launch	NewCrossFadeEffectCustom


/* Demo Model List
kck_ckpt.mdl
kck_plant_p080_mt.mdl
kck_plant_trot.mdl
kck_plant_mrot.mdl
otc_blood_mh_mt.mdl
rai_def.mdl
otc_glasses_mt.mdl
w10c_19a.mdl
w10c_21a_sink.mdl
w10c_23a_sink.mdl
w10c_24a_sink.mdl
w10c_crane_sink.mdl
w10c_22a_sink.mdl
w10c_20b_sink.mdl
w10c_20a_sink.mdl
w10c_12a_sink.mdl
w10c_32c.mdl
amg_def.mdl
demo_chain_cilet.mdl
demo_chain_cilet.mdl
demo_chain_cilet.mdl
demo_chain_cilet.mdl
demo_chain_cilet.mdl
demo_chain_cilet.mdl
demo_chain_cilet.mdl
demo_chain_cilet.mdl
demo_chain_cilet.mdl
demo_chain_cilet.mdl
demo_chain_cilet.mdl
demo_chain_cilet.mdl
demo_chain_cilet.mdl
demo_chain_cilet.mdl
demo_chain_cilet.mdl
demo_chain_cilet.mdl
demo_chain_cilet.mdl
demo_chain_cilet.mdl
demo_chain_long.mdl
demo_chain_long.mdl
demo_chain_long.mdl
demo_chain_long.mdl
demo_chain_long.mdl
demo_chain_long.mdl
demo_chain_long.mdl
demo_chain_long.mdl
demo_chain_long.mdl
demo_chain_long.mdl
demo_chain_long.mdl
demo_chain_long.mdl
demo_chain_long.mdl
demo_chain_long.mdl
demo_chain_long.mdl
demo_chain_long.mdl
demo_chain_long.mdl
demo_chain_long.mdl
demo_wire.mdl
demo_huge_chain.mdl
demo_wire.mdl
demo_huge_chain.mdl
demo_wire.mdl
demo_huge_chain.mdl
demo_wire.mdl
demo_huge_chain.mdl
demo_wire.mdl
demo_huge_chain.mdl
demo_wire.mdl
demo_huge_chain.mdl
demo_wire.mdl
demo_huge_chain.mdl
demo_wire.mdl
demo_huge_chain.mdl
demo_wire.mdl
demo_huge_chain.mdl
fog02_msk.bmp
otc_hair_mh.evm
otc_dummy.kms
bombgas6_alp.bmp
chi01_msk.bmp
col256_bld100.bmp
bombgas6_alp.bmp
chi01_msk.bmp
col256_bld100.bmp
bombgas6_alp.bmp
chi01_msk.bmp
col256_bld100.bmp
cbx_a_frg1_cm.kms
cbx_a_frg1_cm.kms
bombgas6_alp.bmp
chi01_msk.bmp
col256_bld100.bmp
bombgas6_alp.bmp
chi01_msk.bmp
col256_bld100.bmp
bombgas6_alp.bmp
chi01_msk.bmp
col256_bld100.bmp
bombgas6_alp.bmp
chi01_msk.bmp
col256_bld100.bmp
bombgas6_alp.bmp
chi01_msk.bmp
col256_bld100.bmp
bombgas6_alp.bmp
chi01_msk.bmp
col256_bld100.bmp
fog02_msk.bmp
P070_09_p09_splash_02.vib
bombgas6_alp.bmp
chi01_msk.bmp
col256_bld100.bmp
bombgas6_alp.bmp
chi01_msk.bmp
col256_bld100.bmp
splash05_alp.bmp
bombgas6_alp.bmp
splash07_alp.bmp
splash05_alp.bmp
bombgas6_alp.bmp
splash07_alp.bmp
splash05_alp.bmp
bombgas6_alp.bmp
splash07_alp.bmp
splash05_alp.bmp
bombgas6_alp.bmp
splash07_alp.bmp
P070_09_p09_quake_03.vib
awa_model2.kms
P070_09_p09_stream_01.vib
cbx_a_frg1_cm.kms
bombgas6_alp.bmp
chi01_msk.bmp
col256_bld100.bmp
bombgas6_alp.bmp
chi01_msk.bmp
col256_bld100.bmp
bombgas6_alp.bmp
chi01_msk.bmp
col256_bld100.bmp
bombgas6_alp.bmp
chi01_msk.bmp
col256_bld100.bmp
bombgas6_alp.bmp
chi01_msk.bmp
col256_bld100.bmp
demo_w04b_pipe.kms
cbx_a_frg1_cm.kms
bombgas6_alp.bmp
bombgas6_alp.bmp
chi01_msk.bmp
col256_bld100.bmp
bombgas6_alp.bmp
chi01_msk.bmp
col256_bld100.bmp
bombgas6_alp.bmp
chi01_msk.bmp
col256_bld100.bmp
bombgas6_alp.bmp
chi01_msk.bmp
col256_bld100.bmp
P070_09_p09_splash_01.vib
bombgas6_alp.bmp
chi01_msk.bmp
col256_bld100.bmp
bombgas6_alp.bmp
chi01_msk.bmp
col256_bld100.bmp
bombgas6_alp.bmp
cbx_a_frg1_cm.kms
awa_model2.kms
demo_w04b_pipe.kms
bombgas6_alp.bmp
chi01_msk.bmp
col256_bld100.bmp
P070_09_p09_splash_01.vib
bombgas6_alp.bmp
chi01_msk.bmp
col256_bld100.bmp
bombgas6_alp.bmp
chi01_msk.bmp
col256_bld100.bmp
bombgas6_alp.bmp
chi01_msk.bmp
col256_bld100.bmp
bombgas6_alp.bmp
chi01_msk.bmp
col256_bld100.bmp
bombgas6_alp.bmp
chi01_msk.bmp
col256_bld100.bmp
bombgas6_alp.bmp
chi01_msk.bmp
col256_bld100.bmp
bombgas6_alp.bmp
chi01_msk.bmp
col256_bld100.bmp
bombgas6_alp.bmp
chi01_msk.bmp
col256_bld100.bmp
bombgas6_alp.bmp
chi01_msk.bmp
col256_bld100.bmp
bombgas6_alp.bmp
chi01_msk.bmp
col256_bld100.bmp
bombgas6_alp.bmp
chi01_msk.bmp
col256_bld100.bmp
bombgas6_alp.bmp
chi01_msk.bmp
col256_bld100.bmp
P070_09_p09_destruction_02.vib
bombgas6_alp.bmp
chi01_msk.bmp
col256_bld100.bmp
bombgas6_alp.bmp
chi01_msk.bmp
col256_bld100.bmp
bombgas6_alp.bmp
chi01_msk.bmp
col256_bld100.bmp
bombgas6_alp.bmp
chi01_msk.bmp
col256_bld100.bmp
bombgas6_alp.bmp
chi01_msk.bmp
col256_bld100.bmp
bombgas6_alp.bmp
chi01_msk.bmp
col256_bld100.bmp
bombgas6_alp.bmp
chi01_msk.bmp
col256_bld100.bmp
bombgas6_alp.bmp
chi01_msk.bmp
col256_bld100.bmp
cbx_a_frg1_cm.kms
bombgas6_alp.bmp
chi01_msk.bmp
col256_bld100.bmp
bombgas6_alp.bmp
chi01_msk.bmp
col256_bld100.bmp
bombgas6_alp.bmp
chi01_msk.bmp
col256_bld100.bmp
bombgas6_alp.bmp
chi01_msk.bmp
col256_bld100.bmp
bombgas6_alp.bmp
chi01_msk.bmp
col256_bld100.bmp
bombgas6_alp.bmp
chi01_msk.bmp
col256_bld100.bmp
P070_09_p09_destruction_01.vib
bombgas6_alp.bmp
chi01_msk.bmp
col256_bld100.bmp
bombgas6_alp.bmp
chi01_msk.bmp
col256_bld100.bmp
bombgas6_alp.bmp
chi01_msk.bmp
col256_bld100.bmp
bombgas6_alp.bmp
chi01_msk.bmp
col256_bld100.bmp
bombgas6_alp.bmp
chi01_msk.bmp
col256_bld100.bmp
bombgas6_alp.bmp
chi01_msk.bmp
col256_bld100.bmp
bombgas6_alp.bmp
chi01_msk.bmp
col256_bld100.bmp
cbx_a_frg1_cm.kms
bombgas6_alp.bmp
chi01_msk.bmp
col256_bld100.bmp
bombgas6_alp.bmp
chi01_msk.bmp
col256_bld100.bmp
bombgas6_alp.bmp
chi01_msk.bmp
col256_bld100.bmp
bombgas6_alp.bmp
chi01_msk.bmp
col256_bld100.bmp
bombgas6_alp.bmp
chi01_msk.bmp
col256_bld100.bmp
bombgas6_alp.bmp
chi01_msk.bmp
col256_bld100.bmp
bombgas6_alp.bmp
chi01_msk.bmp
col256_bld100.bmp
bombgas6_alp.bmp
chi01_msk.bmp
col256_bld100.bmp
bombgas6_alp.bmp
chi01_msk.bmp
col256_bld100.bmp
bombgas6_alp.bmp
chi01_msk.bmp
col256_bld100.bmp
bombgas6_alp.bmp
chi01_msk.bmp
col256_bld100.bmp
bombgas6_alp.bmp
chi01_msk.bmp
col256_bld100.bmp
bombgas6_alp.bmp
chi01_msk.bmp
col256_bld100.bmp
bombgas6_alp.bmp
chi01_msk.bmp
col256_bld100.bmp
bombgas6_alp.bmp
chi01_msk.bmp
col256_bld100.bmp
bombgas6_alp.bmp
chi01_msk.bmp
col256_bld100.bmp
bombgas6_alp.bmp
chi01_msk.bmp
col256_bld100.bmp
bombgas6_alp.bmp
chi01_msk.bmp
col256_bld100.bmp
bombgas6_alp.bmp
chi01_msk.bmp
col256_bld100.bmp
fog02_msk.bmp
rcm_l_alp.bmp
rcm_l_alp.bmp
rcm_l_alp.bmp
rcm_l_alp.bmp
rcm_l_alp.bmp
P070_09_p09_quake_02.vib
rcm_l_alp.bmp
rcm_l_alp.bmp
rcm_l_alp.bmp
rcm_l_alp.bmp
rcm_l_alp.bmp
rcm_l_alp.bmp
rcm_l_alp.bmp
rcm_l_alp.bmp
rcm_l_alp.bmp
rcm_l_alp.bmp
rcm_l_alp.bmp
rcm_l_alp.bmp
rcm_l_alp.bmp
P070_09_p09_quake_01.vib
bombgas6_alp.bmp
chi01_msk.bmp
col256_bld100.bmp
bombgas6_alp.bmp
chi01_msk.bmp
col256_bld100.bmp
bombgas6_alp.bmp
chi01_msk.bmp
col256_bld100.bmp
bombgas6_alp.bmp
chi01_msk.bmp
col256_bld100.bmp
chi03_alp.bmp
chi03_alp.bmp
chi03_alp.bmp
chi03_alp.bmp
P070_09_p09_chain_01.vib
bombgas6_alp.bmp
chi01_msk.bmp
col256_bld100.bmp
bombgas6_alp.bmp
chi01_msk.bmp
col256_bld100.bmp
bombgas6_alp.bmp
chi01_msk.bmp
col256_bld100.bmp
bombgas6_alp.bmp
chi01_msk.bmp
col256_bld100.bmp
bombgas6_alp.bmp
chi01_msk.bmp
col256_bld100.bmp
bombgas6_alp.bmp
chi01_msk.bmp
col256_bld100.bmp
bombgas6_alp.bmp
chi01_msk.bmp
col256_bld100.bmp
fog02_msk.bmp
*/
