0x01001020	PL_RaidenEquipmentManager_1020Launch	PL_RaidenEquipmentManager
0x01003007	NewEvmHairModel_Demo_3007Launch	NewEvmHairModel_Demo
0x01000011	NewBlur_Demo_0011Launch	NewBlur_Demo
0x01000000	NewFogSet_Demo_0000Launch	NewFogSet_Demo
0x01008000	DM_SendEffectMessage_8000Launch	DM_SendEffectMessage
0x010fff04	NewControlBoy_fff04Launch	NewControlBoy
0x01003009	NewEvmHairModel_Demo2_3009Launch	NewEvmHairModel_Demo2
0x010fff01	DM_ExecProc_fff01Launch	DM_ExecProc
0x01000002	NewNearFocusEffect_0002Launch	NewNearFocusEffect
0x01000001	NewFarFocusEffect_0001Launch	NewFarFocusEffect
0x01000008	NewFadeInOutForce_Demo_0008Launch	NewFadeInOutForce_Demo
0x0100c100	NewEvmLateControl_c100Launch	NewEvmLateControl
0x01000006	DM_ChangeAmbient_0006Launch	DM_ChangeAmbient
0x010ffff0	DM_ControlChange_ffff0Launch	DM_ControlChange
0x01000007	DM_ChangeParallel_0007Launch	DM_ChangeParallel
0x01001013	NewEyeControl2_1013Launch	NewEyeControl2
0x01000013	NewCrossFadeEffectCustom_0013Launch	NewCrossFadeEffectCustom
0x01000003	NewFadeInOut_Demo_0003Launch	NewFadeInOut_Demo


/* Demo Model List
demo_dummy.mdl
mo_disk.mdl
bird_cage.mdl
par_def_mh.mdl
rai_def.mdl
rai_def_mh_mt.mdl
rai_def.mdl
iro_takeoff_mh_mt.mdl
rai_def.mdl
otc_glasses_mt.mdl
otc_tear_mh_mt.mdl
rai_def.mdl
otc_def_mh_mt.mdl
rai_def.mdl
ema_houtai_addhand_mh_mt.mdl
rai_def.mdl
ema_glasses_sh_mt.mdl
ema_glas_nullshadow_sh.mdl
otc_hair_mh.evm
otc_dummy.kms
otc_jaket_suso_mh.evm
otc_dummy.kms
ema_hair_mh.evm
ema_bounding.kms
rai_hair_mh_mt.evm
rai_hair_bounding.kms
rai_mag.kms
rai_hlst.kms
rai_grip.kms
rai_mag.kms
rai_hlst.kms
rai_grip.kms
*/
