0x01000011	NewBlur_Demo_0011Launch	NewBlur_Demo
0x01000013	NewCrossFadeEffectCustom_0013Launch	NewCrossFadeEffectCustom
0x01008000	DM_SendEffectMessage_8000Launch	DM_SendEffectMessage
0x01003009	NewEvmHairModel_Demo2_3009Launch	NewEvmHairModel_Demo2
0x01003007	NewEvmHairModel_Demo_3007Launch	NewEvmHairModel_Demo
0x010fff01	DM_ExecProc_fff01Launch	DM_ExecProc
0x010fff04	NewControlBoy_fff04Launch	NewControlBoy
0x010fff05	NewDemoEffectInitialize_fff05Launch	NewDemoEffectInitialize
0x01000008	NewFadeInOutForce_Demo_0008Launch	NewFadeInOutForce_Demo
0x01000000	NewFogSet_Demo_0000Launch	NewFogSet_Demo
0x01009000	NewPadVibration2_9000Launch	NewPadVibration2
0x01003004	NewRopeModel3_called_3004Launch	NewRopeModel3_called
0x01000006	DM_ChangeAmbient_0006Launch	DM_ChangeAmbient
0x010ffff0	DM_ControlChange_ffff0Launch	DM_ControlChange
0x01000007	DM_ChangeParallel_0007Launch	DM_ChangeParallel
0x01001013	NewEyeControl2_1013Launch	NewEyeControl2
0x0100101e	NewBreathDemo_101eLaunch	NewBreathDemo
0x01000002	NewNearFocusEffect_0002Launch	NewNearFocusEffect


/* Demo Model List
sol_snakearm_2_mh_mt.mdl
rai_def.mdl
sol_def_addhand_mh_mt.mdl
rai_def.mdl
sol_gantai_mh_mt.mdl
rai_def.mdl
saa.mdl
rev_plant_mh_mt.mdl
rai_def.mdl
rai_naked_mh_mt.mdl
rai_def.mdl
smoke_msk.bmp
smoke_msk.bmp
smoke_msk.bmp
rev_hair_fix.kms
rev_coat_bounding.kms
P070_13_p09_rai_01.vib
rai_hair_mh_mt.evm
rai_hair_bounding.kms
rai_dogtag_naked_mh.evm
rai_dogtag_bounding.kms
*/
