0x01008000	DM_SendEffectMessage_8000Launch	DM_SendEffectMessage
0x010fff01	DM_ExecProc_fff01Launch	DM_ExecProc
0x01003007	NewEvmHairModel_Demo_3007Launch	NewEvmHairModel_Demo
0x010fff04	NewControlBoy_fff04Launch	NewControlBoy
0x0100101a	NewOrgFaceEft_101aLaunch	NewOrgFaceEft
0x01001020	PL_RaidenEquipmentManager_1020Launch	PL_RaidenEquipmentManager
0x01000008	NewFadeInOutForce_Demo_0008Launch	NewFadeInOutForce_Demo
0x0100101c	NewDependArms_101cLaunch	NewDependArms
0x01000002	NewNearFocusEffect_0002Launch	NewNearFocusEffect
0x01000001	NewFarFocusEffect_0001Launch	NewFarFocusEffect
0x010fff03	NewDemoFrameCountCall_fff03Launch	NewDemoFrameCountCall
0x01000000	NewFogSet_Demo_0000Launch	NewFogSet_Demo
0x01000011	NewBlur_Demo_0011Launch	NewBlur_Demo
0x01000006	DM_ChangeAmbient_0006Launch	DM_ChangeAmbient
0x010ffff0	DM_ControlChange_ffff0Launch	DM_ControlChange
0x01000007	DM_ChangeParallel_0007Launch	DM_ChangeParallel
0x01001013	NewEyeControl2_1013Launch	NewEyeControl2
0x01009000	NewPadVibration2_9000Launch	NewPadVibration2
0x01000013	NewCrossFadeEffectCustom_0013Launch	NewCrossFadeEffectCustom
0x01000003	NewFadeInOut_Demo_0003Launch	NewFadeInOut_Demo
0x0100000a	NewContrastForce_Demo_000aLaunch	NewContrastForce_Demo
0x01006002	NewPlasmaPoly_Demo_6002Launch	NewPlasmaPoly_Demo
0x01006020	NewDemoBodyPlasma_6020Launch	NewDemoBodyPlasma


/* Demo Model List
mo_disk.mdl
demo_dummy.mdl
bird_cage_door.mdl
bird_cage_open.mdl
demo_org_tng_hfb_r_blade_mt.mdl
demo_org_tng_hfb_r_blade_mt.mdl
demo_org_tng_hfb_r_sheath.mdl
org_tng_mh_mt.mdl
rai_def.mdl
rai_def_mh_mt.mdl
rai_def.mdl
iro_takeoff_mh_mt.mdl
iro_def_sh_mt.mdl
P070_09_p08_rai_03.vib
orn_sld_text_R_alp.bmp
orn_sld_text_L_alp.bmp
orn_sld_mitsubishi_alp.bmp
orn_sld_square_alp.bmp
orn_sld_noiz_alp.bmp
orn_head_met_alp.bmp
orn_sld_cover_alp.bmp
org_tng_sld_mt.kms
orn_sld_text_R_alp.bmp
orn_sld_text_L_alp.bmp
orn_sld_mitsubishi_alp.bmp
orn_sld_square_alp.bmp
orn_sld_noiz_alp.bmp
orn_head_met_alp.bmp
orn_sld_cover_alp.bmp
org_tng_sld_mt.kms
P070_09_p08_rai_02.vib
scm_sub1.kms
scm_sub2.kms
usp_sub.kms
rai_mag.kms
rai_hlst.kms
rai_grip.kms
P070_09_p08_rai_01.vib
scm_sub1.kms
scm_sub2.kms
usp_sub.kms
scm_sub1.kms
scm_sub2.kms
usp_sub.kms
rai_mag.kms
rai_hlst.kms
rai_grip.kms
orn_sld_text_R_alp.bmp
orn_sld_text_L_alp.bmp
orn_sld_mitsubishi_alp.bmp
orn_sld_square_alp.bmp
orn_sld_noiz_alp.bmp
orn_head_met_alp.bmp
orn_sld_cover_alp.bmp
org_tng_sld_mt.kms
rai_hair_mh_mt.evm
rai_hair_bounding.kms
*/
