0x01008000	DM_SendEffectMessage_8000Launch	DM_SendEffectMessage
0x0100601f	NewHexagonalPattern_601fLaunch	NewHexagonalPattern
0x01003007	NewEvmHairModel_Demo_3007Launch	NewEvmHairModel_Demo
0x01000000	NewFogSet_Demo_0000Launch	NewFogSet_Demo
0x01001006	NewPutAttachments_1006Launch	NewPutAttachments
0x01003009	NewEvmHairModel_Demo2_3009Launch	NewEvmHairModel_Demo2
0x010fff05	NewDemoEffectInitialize_fff05Launch	NewDemoEffectInitialize
0x010fff04	NewControlBoy_fff04Launch	NewControlBoy
0x01003000	NewRopeModel3_called_3000Launch	NewRopeModel3_called
0x0100101e	NewBreathDemo_101eLaunch	NewBreathDemo
0x01000011	NewBlur_Demo_0011Launch	NewBlur_Demo
0x01000008	NewFadeInOutForce_Demo_0008Launch	NewFadeInOutForce_Demo
0x01000006	DM_ChangeAmbient_0006Launch	DM_ChangeAmbient
0x010ffff0	DM_ControlChange_ffff0Launch	DM_ControlChange
0x01000007	DM_ChangeParallel_0007Launch	DM_ChangeParallel
0x01001013	NewEyeControl2_1013Launch	NewEyeControl2
0x01002004	NewLocalWind2_Demo_2004Launch	NewLocalWind2_Demo
0x01000002	NewNearFocusEffect_0002Launch	NewNearFocusEffect
0x010fff03	NewDemoFrameCountCall_fff03Launch	NewDemoFrameCountCall
0x01000013	NewCrossFadeEffectCustom_0013Launch	NewCrossFadeEffectCustom
0x01000015	NewScrConcentrateBlur_0015Launch	NewScrConcentrateBlur
0x01009000	NewPadVibration2_9000Launch	NewPadVibration2
0x01001020	PL_RaidenEquipmentManager_1020Launch	PL_RaidenEquipmentManager


/* Demo Model List
rai_all_ibox.mdl
sna_def_addhand_mh_mt.mdl
rai_def.mdl
rai_def_mh_mt.mdl
rai_def.mdl
rai_naked_p073_mh_mt.mdl
rai_def.mdl
smoke_msk.bmp
smoke_msk.bmp
smoke_msk.bmp
smoke_msk.bmp
smoke_msk.bmp
smoke_msk.bmp
smoke_msk.bmp
smoke_msk.bmp
smoke_msk.bmp
smoke_msk.bmp
smoke_msk.bmp
rai_mag.kms
rai_hlst.kms
rai_grip.kms
rai_mag.kms
rai_hlst.kms
rai_grip.kms
smoke_msk.bmp
smoke_msk.bmp
smoke_msk.bmp
smoke_msk.bmp
smoke_msk.bmp
P073_02_p01_rai_01.vib
smoke_msk.bmp
smoke_msk.bmp
smoke_msk.bmp
smoke_msk.bmp
smoke_msk.bmp
smoke_msk.bmp
smoke_msk.bmp
smoke_msk.bmp
sna_bdn1.kms
sna_def.kms
sna_bdn2.kms
sna_def.kms
rai_dogtag_naked_mh.evm
rai_dogtag_bounding.kms
smoke_msk.bmp
sna_mag1.kms
sna_mag2.kms
sna_mag3.kms
sna_mag4.kms
rai_hair_mh_mt.evm
rai_hair_bounding.kms
*/
