0x0100601f	NewHexagonalPattern_601fLaunch	NewHexagonalPattern
0x01000008	NewFadeInOutForce_Demo_0008Launch	NewFadeInOutForce_Demo
0x01008000	DM_SendEffectMessage_8000Launch	DM_SendEffectMessage
0x01003000	NewRopeModel3_called_3000Launch	NewRopeModel3_called
0x01001002	NewEneEquip_1002Launch	NewEneEquip
0x010fff05	NewDemoEffectInitialize_fff05Launch	NewDemoEffectInitialize
0x01001020	PL_RaidenEquipmentManager_1020Launch	PL_RaidenEquipmentManager
0x010fff04	NewControlBoy_fff04Launch	NewControlBoy
0x01001013	NewEyeControl2_1013Launch	NewEyeControl2
0x01000011	NewBlur_Demo_0011Launch	NewBlur_Demo
0x01000002	NewNearFocusEffect_0002Launch	NewNearFocusEffect
0x0100101e	NewBreathDemo_101eLaunch	NewBreathDemo
0x01001006	NewPutAttachments_1006Launch	NewPutAttachments
0x01000001	NewFarFocusEffect_0001Launch	NewFarFocusEffect
0x01000000	NewFogSet_Demo_0000Launch	NewFogSet_Demo
0x01003007	NewEvmHairModel_Demo_3007Launch	NewEvmHairModel_Demo
0x0100c100	NewEvmLateControl_c100Launch	NewEvmLateControl
0x0100101c	NewDependArms_101cLaunch	NewDependArms
0x01000006	DM_ChangeAmbient_0006Launch	DM_ChangeAmbient
0x010ffff0	DM_ControlChange_ffff0Launch	DM_ControlChange
0x01000007	DM_ChangeParallel_0007Launch	DM_ChangeParallel
0x010fff03	NewDemoFrameCountCall_fff03Launch	NewDemoFrameCountCall
0x01009000	NewPadVibration2_9000Launch	NewPadVibration2


/* Demo Model List
demo_p90_sol.mdl
tng_high.mdl
tbl_katana.mdl
tng_high.mdl
tbl_katana.mdl
tng_high.mdl
demo_p90_sol.mdl
tng_high.mdl
tbl_katana.mdl
tng_high.mdl
demo_p90_sol.mdl
tng_high.mdl
demo_m4_sna.mdl
sna_def_mh.mdl
rai_def.mdl
rai_def_mh_mt.mdl
rai_def.mdl
smoke_msk.bmp
smoke_msk.bmp
smoke_msk.bmp
smoke_msk.bmp
smoke_msk.bmp
smoke_msk.bmp
P077_02_p01_rai_01.vib
scm_sub1.kms
scm_sub2.kms
usp_sub.kms
smoke_msk.bmp
rai_hair_mh_mt.evm
rai_hair_bounding.kms
smoke_msk.bmp
sna_mag1.kms
sna_mag2.kms
sna_mag3.kms
sna_mag4.kms
smoke_msk.bmp
smoke_msk.bmp
gbs_hlst.kms
gbs_knif.kms
gbs_mag.kms
gbs_bp.kms
gbs_hlst.kms
gbs_knif.kms
gbs_mag.kms
gbs_bp.kms
gbs_hlst.kms
gbs_knif.kms
gbs_mag.kms
gbs_bp.kms
gbs_hlst.kms
gbs_knif.kms
gbs_mag.kms
gbs_bp.kms
gbs_hlst.kms
gbs_knif.kms
gbs_mag.kms
gbs_bp.kms
sna_bdn1.kms
sna_def.kms
rai_mag.kms
rai_hlst.kms
rai_grip.kms
rai_mag.kms
rai_hlst.kms
rai_grip.kms
gbs_hlst.kms
gbs_knif.kms
gbs_mag.kms
gbs_bp.kms
sna_bdn2.kms
sna_def.kms
*/
