0x010fff04	NewControlBoy_fff04Launch	NewControlBoy
0x01000001	NewFarFocusEffect_0001Launch	NewFarFocusEffect
0x0100d001	NewRayEye_d001Launch	NewRayEye
0x01000033	NewRainFogPersDemo_0033Launch	NewRainFogPersDemo
0x01000011	NewBlur_Demo_0011Launch	NewBlur_Demo
0x01008000	DM_SendEffectMessage_8000Launch	DM_SendEffectMessage
0x01001020	PL_RaidenEquipmentManager_1020Launch	PL_RaidenEquipmentManager
0x01000002	NewNearFocusEffect_0002Launch	NewNearFocusEffect
0x01000008	NewFadeInOutForce_Demo_0008Launch	NewFadeInOutForce_Demo
0x010fff01	DM_ExecProc_fff01Launch	DM_ExecProc
0x01003007	NewEvmHairModel_Demo_3007Launch	NewEvmHairModel_Demo
0x01002004	NewLocalWind2_Demo_2004Launch	NewLocalWind2_Demo
0x01001013	NewEyeControl2_1013Launch	NewEyeControl2
0x01001006	NewPutAttachments_1006Launch	NewPutAttachments
0x01003015	NewHandcuff_called_3015Launch	NewHandcuff_called
0x01006013	NewMesgBomb3_6013Launch	NewMesgBomb3
0x010fff05	NewDemoEffectInitialize_fff05Launch	NewDemoEffectInitialize
0x01003000	NewRopeModel3_called_3000Launch	NewRopeModel3_called
0x01003009	NewEvmHairModel_Demo2_3009Launch	NewEvmHairModel_Demo2
0x01000006	DM_ChangeAmbient_0006Launch	DM_ChangeAmbient
0x010ffff0	DM_ControlChange_ffff0Launch	DM_ControlChange
0x01000007	DM_ChangeParallel_0007Launch	DM_ChangeParallel
0x01000000	NewFogSet_Demo_0000Launch	NewFogSet_Demo
0x01006027	NewDemoSolidusEnergyPrim_6027Launch	NewDemoSolidusEnergyPrim
0x01006025	NewDemoSolidusSnakearmFlow_6025Launch	NewDemoSolidusSnakearmFlow
0x010fff03	NewDemoFrameCountCall_fff03Launch	NewDemoFrameCountCall
0x01009000	NewPadVibration2_9000Launch	NewPadVibration2
0x01006022	NewDemoSolidusMissileFire_6022Launch	NewDemoSolidusMissileFire
0x01000003	NewFadeInOut_Demo_0003Launch	NewFadeInOut_Demo
0x01006023	NewDemoSolidusMissileSmoke_6023Launch	NewDemoSolidusMissileSmoke
0x0100d000	NewRayConsol_d000Launch	NewRayConsol
0x010fff00	DM_DebugPrint_fff00Launch	DM_DebugPrint
0x01003017	NewRopeModel3_called_3017Launch	NewRopeModel3_called
0x01000013	NewCrossFadeEffectCustom_0013Launch	NewCrossFadeEffectCustom
0x01000004	NewRainCamera_Demo_0004Launch	NewRainCamera_Demo


/* Demo Model List
ray_cockpit.mdl
raycp_canopy2_t12a1d_mt.mdl
raycp_canopy1_t12a1d_mt.mdl
raycp_t12a1d.mdl
ray_def_mt.mdl
rev_liq_p_addhand_mh_mt.mdl
rai_def.mdl
saa.mdl
demo_denji_varia.mdl
rev_liq_p_addhand_mh_mt.mdl
rai_def.mdl
demo_lnr.mdl
for_last_addhand_mh_mt.mdl
rai_def.mdl
demo_mst_uni_mount.mdl
demo_kwt_uni_mount.mdl
sol_msl.mdl
sol_msl.mdl
sol_msl.mdl
sol_gantai_mh_mt.mdl
rai_def.mdl
sol_snakearm_2_mh_mt.mdl
sol_sarm_shadow.mdl
sol_def_mh_mt.mdl
rai_def.mdl
sna_def_addhand_mh_mt.mdl
rai_def.mdl
rai_def_mh_mt.mdl
rai_def.mdl
P080_13_p07_rai_01.vib
P080_13_p07_quake_07.vib
bombgas6_alp.bmp
chi01_msk.bmp
col256_bld100.bmp
bombgas6_alp.bmp
chi01_msk.bmp
col256_bld100.bmp
bombgas6_alp.bmp
chi01_msk.bmp
col256_bld100.bmp
bombgas6_alp.bmp
chi01_msk.bmp
col256_bld100.bmp
bombgas6_alp.bmp
chi01_msk.bmp
col256_bld100.bmp
bombgas6_alp.bmp
chi01_msk.bmp
col256_bld100.bmp
bombgas6_alp.bmp
chi01_msk.bmp
col256_bld100.bmp
bombgas6_alp.bmp
chi01_msk.bmp
col256_bld100.bmp
bombgas6_alp.bmp
chi01_msk.bmp
col256_bld100.bmp
bombgas6_alp.bmp
chi01_msk.bmp
col256_bld100.bmp
bombgas6_alp.bmp
chi01_msk.bmp
col256_bld100.bmp
bombgas6_alp.bmp
chi01_msk.bmp
col256_bld100.bmp
bombgas6_alp.bmp
chi01_msk.bmp
col256_bld100.bmp
bombgas6_alp.bmp
chi01_msk.bmp
col256_bld100.bmp
bombgas6_alp.bmp
chi01_msk.bmp
col256_bld100.bmp
bombgas6_alp.bmp
chi01_msk.bmp
col256_bld100.bmp
bombgas6_alp.bmp
chi01_msk.bmp
col256_bld100.bmp
bombgas6_alp.bmp
chi01_msk.bmp
col256_bld100.bmp
bombgas6_alp.bmp
chi01_msk.bmp
col256_bld100.bmp
bombgas6_alp.bmp
chi01_msk.bmp
col256_bld100.bmp
bombgas6_alp.bmp
chi01_msk.bmp
col256_bld100.bmp
bombgas6_alp.bmp
chi01_msk.bmp
col256_bld100.bmp
P080_13_p07_splash_01.vib
P080_13_p07_quake_06.vib
ray_eye_blur_alp.bmp
ray_eye_bonbori_alp.bmp
P080_13_p07_ray_02.vib
ray_eye_blur_alp.bmp
ray_eye_bonbori_alp.bmp
fog02_msk.bmp
P080_13_p07_quake_05.vib
demo_tjo_sna_link.kms
demo_tjo_sna_broken_l.kms
demo_tjo_sna_broken_r.kms
P080_13_p07_quake_04.vib
bombgas6_alp.bmp
chi01_msk.bmp
col256_bld100.bmp
P080_13_p07_quake_03.vib
bombgas6_alp.bmp
chi01_msk.bmp
col256_bld100.bmp
bombgas6_alp.bmp
chi01_msk.bmp
col256_bld100.bmp
bombgas6_alp.bmp
chi01_msk.bmp
col256_bld100.bmp
bombgas6_alp.bmp
chi01_msk.bmp
col256_bld100.bmp
bombgas6_alp.bmp
chi01_msk.bmp
col256_bld100.bmp
bombgas6_alp.bmp
chi01_msk.bmp
col256_bld100.bmp
bombgas6_alp.bmp
chi01_msk.bmp
col256_bld100.bmp
bombgas6_alp.bmp
chi01_msk.bmp
col256_bld100.bmp
bombgas6_alp.bmp
chi01_msk.bmp
col256_bld100.bmp
bombgas6_alp.bmp
chi01_msk.bmp
col256_bld100.bmp
bombgas6_alp.bmp
chi01_msk.bmp
col256_bld100.bmp
bombgas6_alp.bmp
chi01_msk.bmp
col256_bld100.bmp
bombgas6_alp.bmp
chi01_msk.bmp
col256_bld100.bmp
bombgas6_alp.bmp
chi01_msk.bmp
col256_bld100.bmp
bombgas6_alp.bmp
chi01_msk.bmp
col256_bld100.bmp
bombgas6_alp.bmp
chi01_msk.bmp
col256_bld100.bmp
bombgas6_alp.bmp
chi01_msk.bmp
col256_bld100.bmp
bombgas6_alp.bmp
chi01_msk.bmp
col256_bld100.bmp
bombgas6_alp.bmp
chi01_msk.bmp
col256_bld100.bmp
bombgas6_alp.bmp
chi01_msk.bmp
col256_bld100.bmp
bombgas6_alp.bmp
chi01_msk.bmp
col256_bld100.bmp
bombgas6_alp.bmp
chi01_msk.bmp
col256_bld100.bmp
bombgas6_alp.bmp
chi01_msk.bmp
col256_bld100.bmp
P080_13_p07_quake_02.vib
bombgas6_alp.bmp
chi01_msk.bmp
col256_bld100.bmp
bombgas6_alp.bmp
chi01_msk.bmp
col256_bld100.bmp
bombgas6_alp.bmp
chi01_msk.bmp
col256_bld100.bmp
bombgas6_alp.bmp
chi01_msk.bmp
col256_bld100.bmp
P080_13_p07_ray_01.vib
P080_13_p07_ray_01.vib
fog02_msk.bmp
fog02_msk.bmp
w_bonbori.bmp
fog02_msk.bmp
P080_13_p07_quake_01.vib
raycp_cover.kms
raycp_yajirushi1_alp.bmp
raycp_holograph1_alp.bmp
raycp_touchp_alp.bmp
raycp_hanyoutex_alp.bmp
raycp_circle1_alp.bmp
raycp_text1_alp.bmp
raycp_conpane1_alp.bmp
raycp_circle2_alp.bmp
raycp_scaler_r_alp.bmp
raycp_circle3_alp.bmp
raycp_scaler_l_alp.bmp
raycp_display1_add_alp.bmp
raycp_rearview_alp.bmp
raycp_display1_dammy_alp.bmp
raycp_liner_alp.bmp
raycp_canopy_liner_alp.bmp
raycp_cover.kms
raycp_yajirushi1_alp.bmp
raycp_holograph1_alp.bmp
raycp_touchp_alp.bmp
raycp_hanyoutex_alp.bmp
raycp_circle1_alp.bmp
raycp_text1_alp.bmp
raycp_conpane1_alp.bmp
raycp_circle2_alp.bmp
raycp_scaler_r_alp.bmp
raycp_circle3_alp.bmp
raycp_scaler_l_alp.bmp
raycp_display1_add_alp.bmp
raycp_rearview_alp.bmp
raycp_display1_dammy_alp.bmp
raycp_liner_alp.bmp
raycp_canopy_liner_alp.bmp
ray_eye_blur_alp.bmp
ray_eye_bonbori_alp.bmp
rev_hair_liq_mh.evm
rev_liq_boundhing.kms
bombgas6_alp.bmp
flare0_msk.bmp
flare0_msk.bmp
bombgas6_alp.bmp
bombgas6_alp.bmp
bombgas6_alp.bmp
bombgas6_alp.bmp
bombgas6_alp.bmp
bombgas6_alp.bmp
bombgas6_alp.bmp
bombgas6_alp.bmp
bombgas6_alp.bmp
flare0_msk.bmp
flare0_msk.bmp
flare0_msk.bmp
flare0_msk.bmp
w_bonbori.bmp
w_bonbori.bmp
P080_13_p07_sol_01.vib
w_bonbori.bmp
P080_13_p07_sol_01.vib
w_bonbori.bmp
w_bonbori.bmp
P080_13_p07_sol_01.vib
w_bonbori.bmp
w_bonbori.bmp
P080_13_p07_sol_01.vib
w_bonbori.bmp
w_bonbori.bmp
flare0_msk.bmp
P080_13_p07_sol_01.vib
w_bonbori.bmp
w_bonbori.bmp
w_bonbori.bmp
w_bonbori.bmp
for_hair_def_mh.evm
for_def_bounding.kms
demo_tjo_rai_link.kms
rai_hair_mh_mt.evm
rai_hair_bounding.kms
sna_bdn2.kms
sna_def.kms
sna_bdn1.kms
sna_def.kms
bombgas6_alp.bmp
chi01_msk.bmp
col256_bld100.bmp
rai_mag.kms
rai_hlst.kms
rai_grip.kms
demo_tjo_sna_link.kms
sna_mag1.kms
sna_mag2.kms
sna_mag3.kms
sna_mag4.kms
rev_hair_liq_mh.evm
rev_liq_boundhing.kms
rai_mag.kms
rai_hlst.kms
rai_grip.kms
ray_eye_blur_alp.bmp
ray_eye_bonbori_alp.bmp
fog02_msk.bmp
ray_eye_blur_alp.bmp
ray_eye_bonbori_alp.bmp
*/
