0x010fff04	NewControlBoy_fff04Launch	NewControlBoy
0x01001024	NewFortSling2_1024Launch	NewFortSling2
0x01002004	NewLocalWind2_Demo_2004Launch	NewLocalWind2_Demo
0x01003000	NewRopeModel3_called_3000Launch	NewRopeModel3_called
0x01000033	NewRainFogPersDemo_0033Launch	NewRainFogPersDemo
0x01003004	NewRopeModel3_called_3004Launch	NewRopeModel3_called
0x01008000	DM_SendEffectMessage_8000Launch	DM_SendEffectMessage
0x01003007	NewEvmHairModel_Demo_3007Launch	NewEvmHairModel_Demo
0x01000008	NewFadeInOutForce_Demo_0008Launch	NewFadeInOutForce_Demo
0x0100d000	NewRayConsol_d000Launch	NewRayConsol
0x01003009	NewEvmHairModel_Demo2_3009Launch	NewEvmHairModel_Demo2
0x01001020	PL_RaidenEquipmentManager_1020Launch	PL_RaidenEquipmentManager
0x010fff05	NewDemoEffectInitialize_fff05Launch	NewDemoEffectInitialize
0x01000001	NewFarFocusEffect_0001Launch	NewFarFocusEffect
0x010fff01	DM_ExecProc_fff01Launch	DM_ExecProc
0x01000000	NewFogSet_Demo_0000Launch	NewFogSet_Demo
0x01003015	NewHandcuff_called_3015Launch	NewHandcuff_called
0x01001013	NewEyeControl2_1013Launch	NewEyeControl2
0x01001006	NewPutAttachments_1006Launch	NewPutAttachments
0x01000011	NewBlur_Demo_0011Launch	NewBlur_Demo
0x01000002	NewNearFocusEffect_0002Launch	NewNearFocusEffect
0x01000006	DM_ChangeAmbient_0006Launch	DM_ChangeAmbient
0x010ffff0	DM_ControlChange_ffff0Launch	DM_ControlChange
0x01000007	DM_ChangeParallel_0007Launch	DM_ChangeParallel
0x01001019	NewLinerGunInitEffect_1019Launch	NewLinerGunInitEffect
0x01001018	NewFortBulletDemo_1018Launch	NewFortBulletDemo
0x01009000	NewPadVibration2_9000Launch	NewPadVibration2
0x01006029	NewPlasmaEvade_6029Launch	NewPlasmaEvade
0x0100600b	NewBombGasEffect_600bLaunch	NewBombGasEffect
0x01006014	NewFortBarrierDemo_6014Launch	NewFortBarrierDemo
0x0100101b	NewDemoArmControl_101bLaunch	NewDemoArmControl
0x0100601c	NewMAOParticle_601cLaunch	NewMAOParticle
0x010fff03	NewDemoFrameCountCall_fff03Launch	NewDemoFrameCountCall
0x0100600e	NewTs_Spark_600eLaunch	NewTs_Spark
0x01006025	NewDemoSolidusSnakearmFlow_6025Launch	NewDemoSolidusSnakearmFlow
0x01006022	NewDemoSolidusMissileFire_6022Launch	NewDemoSolidusMissileFire
0x01006023	NewDemoSolidusMissileSmoke_6023Launch	NewDemoSolidusMissileSmoke
0x01006009	NewBombEffect_6009Launch	NewBombEffect
0x0100000a	NewContrastForce_Demo_000aLaunch	NewContrastForce_Demo
0x01000013	NewCrossFadeEffectCustom_0013Launch	NewCrossFadeEffectCustom
0x0100d001	NewRayEye_d001Launch	NewRayEye
0x01006026	NewDemoSolidusBladeLight_6026Launch	NewDemoSolidusBladeLight
0x01006027	NewDemoSolidusEnergyPrim_6027Launch	NewDemoSolidusEnergyPrim
0x01006028	NewDemoBladeFlow_6028Launch	NewDemoBladeFlow
0x01001010	NewArmsEffectControl_1010Launch	NewArmsEffectControl
0x01006024	NewDemoBladeSpark_6024Launch	NewDemoBladeSpark
0x01006013	NewMesgBomb3_6013Launch	NewMesgBomb3
0x01007103	NewLineSmoke_7103Launch	NewLineSmoke
0x01000016	NewRaySight_0016Launch	NewRaySight
0x01007104	NewDemoHarrierMissileSmokeLine2_7104Launch	NewDemoHarrierMissileSmokeLine2
0x01006017	NewDemoHarrierMissileFire2_6017Launch	NewDemoHarrierMissileFire2
0x0100d003	NewRayMissileShower_d003Launch	NewRayMissileShower
0x0100710d	NewSmokeStripControl_710dLaunch	NewSmokeStripControl
0x0100d005	NewRayMissileForDemo_d005Launch	NewRayMissileForDemo
0x01000109	NewWaterWindSplush_DEMO_0109Launch	NewWaterWindSplush_DEMO
0x01000012	NewCrossFadeEffect_0012Launch	NewCrossFadeEffect


/* Demo Model List
demo_dummy.mdl
demo_dummy.mdl
demo_dummy.mdl
demo_dummy.mdl
demo_dummy.mdl
demo_dummy.mdl
demo_dummy.mdl
demo_dummy.mdl
demo_dummy.mdl
demo_dummy.mdl
demo_dummy.mdl
demo_dummy.mdl
demo_dummy.mdl
demo_dummy.mdl
demo_dummy.mdl
demo_dummy.mdl
demo_dummy.mdl
demo_dummy.mdl
demo_dummy.mdl
demo_dummy.mdl
demo_dummy.mdl
demo_dummy.mdl
demo_dummy.mdl
ray_clst_warhead_cm.mdl
ray_clst_warhead_cm.mdl
ray_clst_warhead_cm.mdl
ray_clst_warhead_cm.mdl
ray_clst_warhead_cm.mdl
ray_clst_warhead_cm.mdl
ray_clst_warhead_cm.mdl
ray_clst_warhead_cm.mdl
ray_clst_warhead_cm.mdl
ray_clst_warhead_cm.mdl
ray_clst_warhead_cm.mdl
ray_clst_warhead_cm.mdl
ray_clst_warhead_cm.mdl
ray_clst_warhead_cm.mdl
ray_clst_warhead_cm.mdl
ray_clst_warhead_cm.mdl
ray_clst_warhead_cm.mdl
ray_clst_warhead_cm.mdl
ray_clst_warhead_cm.mdl
rev_liq_p_addhand_mh_mt.mdl
rai_def.mdl
p90_amo.mdl
demo_p90_sol.mdl
pdray_backmsl.mdl
pdray_backmsl.mdl
pdray_backmsl.mdl
pdray_backmsl.mdl
pdray_backmsl.mdl
pdray_backmsl.mdl
pdray_backmsl.mdl
pdray_backmsl.mdl
demo_dummy.mdl
ray_backmsl_open.mdl
ray_backmsl_close.mdl
demo_dummy.mdl
ray_backmsl_open.mdl
ray_backmsl_close.mdl
demo_dummy.mdl
ray_backmsl_open.mdl
ray_backmsl_close.mdl
demo_dummy.mdl
ray_backmsl_open.mdl
ray_backmsl_close.mdl
demo_dummy.mdl
ray_backmsl_open.mdl
ray_backmsl_close.mdl
demo_dummy.mdl
ray_backmsl_open.mdl
ray_backmsl_close.mdl
demo_dummy.mdl
ray_backmsl_open.mdl
ray_backmsl_close.mdl
demo_dummy.mdl
ray_backmsl_open.mdl
ray_backmsl_close.mdl
demo_dummy.mdl
ray_backmsl_open.mdl
ray_backmsl_close.mdl
demo_dummy.mdl
ray_backmsl_open.mdl
ray_backmsl_close.mdl
demo_dummy.mdl
ray_backmsl_open.mdl
ray_backmsl_close.mdl
demo_dummy.mdl
ray_backmsl_open.mdl
ray_backmsl_close.mdl
demo_dummy.mdl
ray_backmsl_open.mdl
ray_backmsl_close.mdl
demo_dummy.mdl
ray_backmsl_open.mdl
ray_backmsl_close.mdl
demo_dummy.mdl
ray_backmsl_open.mdl
ray_backmsl_close.mdl
demo_dummy.mdl
ray_backmsl_open.mdl
ray_backmsl_close.mdl
demo_dummy.mdl
ray_backmsl_open.mdl
ray_backmsl_close.mdl
demo_dummy.mdl
ray_backmsl_open.mdl
ray_backmsl_close.mdl
demo_dummy.mdl
ray_backmsl_open.mdl
ray_backmsl_close.mdl
demo_dummy.mdl
ray_backmsl_open.mdl
ray_backmsl_close.mdl
demo_dummy.mdl
ray_backmsl_open.mdl
ray_backmsl_close.mdl
demo_dummy.mdl
ray_backmsl_open.mdl
ray_backmsl_close.mdl
demo_dummy.mdl
ray_backmsl_open.mdl
ray_backmsl_close.mdl
demo_dummy.mdl
ray_backmsl_open.mdl
ray_backmsl_close.mdl
demo_dummy.mdl
ray_backmsl_open.mdl
ray_backmsl_close.mdl
demo_dummy.mdl
ray_backmsl_open.mdl
ray_backmsl_close.mdl
demo_dummy.mdl
ray_backmsl_open.mdl
ray_backmsl_close.mdl
demo_dummy.mdl
ray_backmsl_open.mdl
ray_backmsl_close.mdl
demo_dummy.mdl
ray_backmsl_open.mdl
ray_backmsl_close.mdl
demo_dummy.mdl
ray_backmsl_open.mdl
ray_backmsl_close.mdl
ray_cockpit.mdl
sol_msl.mdl
sol_msl.mdl
sol_msl.mdl
sol_msl.mdl
sol_msl.mdl
sol_msl.mdl
sol_msl.mdl
sol_msl.mdl
sol_msl.mdl
sol_msl.mdl
sol_msl.mdl
sol_msl.mdl
sol_msl.mdl
sol_msl.mdl
raycp_canopy2_t12a1d_mt.mdl
raycp_canopy1_t12a1d_mt.mdl
raycp_t12a1d.mdl
ray_canopy_mt.mdl
ray_def_mt.mdl
saa_lefthand.mdl
saa_lefthand.mdl
demo_denji_varia.mdl
rev_plant_addhand_mh_mt.mdl
rai_def.mdl
for_blood_face_mh.mdl
rai_def.mdl
for_kizu_mh.mdl
rai_def.mdl
demo_dummy.mdl
for_last_addhand_mh_mt.mdl
rai_def.mdl
demo_dummy.mdl
demo_lnr.mdl
demo_lnr.mdl
for_kizu_mh.mdl
rai_def.mdl
for_def_addhand_mh_mt.mdl
rai_def.mdl
sol_faceguard.mdl
mst_l_mt.mdl
kwt_r_mt.mdl
demo_mst_uni_mount.mdl
demo_mst_sht.mdl
demo_kwt_uni_mount.mdl
demo_kwt_sht.mdl
p90_amo.mdl
demo_p90_sol.mdl
sol_snakearm_2_mh_mt.mdl
sol_sarm_shadow.mdl
sol_gantai_mh_mt.mdl
rai_def.mdl
sol_def_mh_mt.mdl
rai_def.mdl
sna_def_mh.mdl
rai_def.mdl
rai_def_mh_mt.mdl
rai_def.mdl
rev_hair_liq_mh.evm
rev_liq_boundhing.kms
fog02_msk.bmp
fog02_msk.bmp
fog02_msk.bmp
fog02_msk.bmp
fog02_msk.bmp
fog02_msk.bmp
fog02_msk.bmp
fog02_msk.bmp
chi01_alp.bmp
chi02_alp.bmp
chi03_alp.bmp
chi04_alp.bmp
chi05_alp.bmp
drop01_msk.bmp
chi01_alp.bmp
chi01_alp.bmp
chi02_alp.bmp
chi03_alp.bmp
chi04_alp.bmp
chi05_alp.bmp
bombgas6_alp.bmp
chi01_msk.bmp
col256_bld100.bmp
bombgas6_alp.bmp
chi01_msk.bmp
col256_bld100.bmp
P080_11_p06_effect_02.vib
bombgas6_alp.bmp
light10_msk.bmp
P080_11_p06_effect_04.vib
P080_11_p06_effect_04.vib
P080_11_p06_effect_04.vib
splash05_alp.bmp
P080_11_p06_effect_04.vib
bombgas6_alp.bmp
light10_msk.bmp
bombgas6_alp.bmp
light10_msk.bmp
bombgas6_alp.bmp
light10_msk.bmp
bombgas6_alp.bmp
light10_msk.bmp
bombgas6_alp.bmp
light10_msk.bmp
fog02_msk.bmp
bombgas6_alp.bmp
light10_msk.bmp
bombgas6_alp.bmp
light10_msk.bmp
bombgas6_alp.bmp
light10_msk.bmp
fog02_msk.bmp
P080_11_p06_effect_03.vib
bombgas6_alp.bmp
chi01_msk.bmp
col256_bld100.bmp
bombgas6_alp.bmp
chi01_msk.bmp
col256_bld100.bmp
bombgas6_alp.bmp
chi01_msk.bmp
col256_bld100.bmp
smoke_lp3_alp.bmp
chi01_alp.bmp
chi02_alp.bmp
chi03_alp.bmp
chi04_alp.bmp
chi05_alp.bmp
bombgas6_alp.bmp
chi01_msk.bmp
col256_bld100.bmp
P080_11_p06_effect_02.vib
bombgas6_alp.bmp
chi01_msk.bmp
col256_bld100.bmp
P080_11_p06_effect_03.vib
bombgas6_alp.bmp
chi01_msk.bmp
col256_bld100.bmp
P080_11_p06_effect_02.vib
bombgas6_alp.bmp
chi01_msk.bmp
col256_bld100.bmp
P080_11_p06_effect_02.vib
smoke_lp3_alp.bmp
bombgas6_alp.bmp
chi01_msk.bmp
col256_bld100.bmp
P080_11_p06_effect_03.vib
smoke_lp3_alp.bmp
bombgas6_alp.bmp
chi01_msk.bmp
col256_bld100.bmp
P080_11_p06_effect_03.vib
bombgas6_alp.bmp
chi01_msk.bmp
col256_bld100.bmp
P080_11_p06_effect_03.vib
smoke_lp3_alp.bmp
smoke_lp3_alp.bmp
smoke_lp3_alp.bmp
smoke_lp3_alp.bmp
smoke_lp3_alp.bmp
smoke_lp3_alp.bmp
bombgas6_alp.bmp
chi01_msk.bmp
col256_bld100.bmp
P080_11_p06_effect_03.vib
smoke_lp3_alp.bmp
bombgas6_alp.bmp
chi01_msk.bmp
col256_bld100.bmp
P080_11_p06_effect_03.vib
bombgas6_alp.bmp
chi01_msk.bmp
col256_bld100.bmp
smoke_lp3_alp.bmp
smoke_lp3_alp.bmp
smoke_lp3_alp.bmp
P080_11_p06_effect_03.vib
P080_11_p06_effect_03.vib
bombgas6_alp.bmp
chi01_msk.bmp
col256_bld100.bmp
bombgas6_alp.bmp
chi01_msk.bmp
col256_bld100.bmp
bombgas6_alp.bmp
chi01_msk.bmp
col256_bld100.bmp
bombgas6_alp.bmp
chi01_msk.bmp
col256_bld100.bmp
bombgas6_alp.bmp
chi01_msk.bmp
col256_bld100.bmp
P080_11_p06_effect_03.vib
smoke_lp3_alp.bmp
smoke_lp3_alp.bmp
smoke_lp3_alp.bmp
smoke_lp3_alp.bmp
smoke_lp3_alp.bmp
bombgas6_alp.bmp
chi01_msk.bmp
col256_bld100.bmp
P080_11_p06_effect_02.vib
bombgas6_alp.bmp
chi01_msk.bmp
col256_bld100.bmp
chi01_msk.bmp
chi01_msk.bmp
chi01_msk.bmp
chi01_msk.bmp
chi01_msk.bmp
chi01_msk.bmp
chi01_msk.bmp
chi01_msk.bmp
chi01_msk.bmp
chi01_msk.bmp
chi01_msk.bmp
chi01_msk.bmp
chi01_msk.bmp
chi01_msk.bmp
chi01_msk.bmp
chi01_msk.bmp
chi01_msk.bmp
chi01_msk.bmp
chi01_msk.bmp
chi01_msk.bmp
chi01_msk.bmp
chi01_msk.bmp
chi01_msk.bmp
chi01_msk.bmp
chi01_msk.bmp
chi01_msk.bmp
chi01_msk.bmp
chi01_msk.bmp
chi01_msk.bmp
chi01_msk.bmp
flare0_msk.bmp
flare0_msk.bmp
flare0_msk.bmp
flare0_msk.bmp
flare0_msk.bmp
smoke_lp3_alp.bmp
smoke_lp3_alp.bmp
smoke_lp3_alp.bmp
smoke_lp3_alp.bmp
smoke_lp3_alp.bmp
flare0_msk.bmp
smoke_lp3_alp.bmp
flare0_msk.bmp
flare0_msk.bmp
flare0_msk.bmp
flare0_msk.bmp
flare0_msk.bmp
smoke_lp3_alp.bmp
flare0_msk.bmp
smoke_lp3_alp.bmp
smoke_lp3_alp.bmp
smoke_lp3_alp.bmp
smoke_lp3_alp.bmp
smoke_lp3_alp.bmp
smoke_lp3_alp.bmp
smoke_lp3_alp.bmp
flare0_msk.bmp
smoke_lp3_alp.bmp
smoke_lp3_alp.bmp
flare0_msk.bmp
flare0_msk.bmp
flare0_msk.bmp
smoke_lp3_alp.bmp
smoke_lp3_alp.bmp
flare0_msk.bmp
flare0_msk.bmp
smoke_lp3_alp.bmp
smoke_lp3_alp.bmp
flare0_msk.bmp
flare0_msk.bmp
smoke_lp3_alp.bmp
flare0_msk.bmp
flare0_msk.bmp
flare0_msk.bmp
smoke_lp3_alp.bmp
smoke_lp3_alp.bmp
flare0_msk.bmp
smoke_lp3_alp.bmp
fog02_msk.bmp
flare0_msk.bmp
flare0_msk.bmp
flare0_msk.bmp
flare0_msk.bmp
flare0_msk.bmp
flare0_msk.bmp
smoke_lp3_alp.bmp
smoke_lp3_alp.bmp
smoke_lp3_alp.bmp
smoke_lp3_alp.bmp
smoke_lp3_alp.bmp
smoke_lp3_alp.bmp
fog02_msk.bmp
fog02_msk.bmp
fog02_msk.bmp
ray_view.o2d
for_hair_def_mh.evm
for_def_bounding.kms
fog02_msk.bmp
fog02_msk.bmp
light05_msk.bmp
light05_msk.bmp
light05_msk.bmp
light05_msk.bmp
light05_msk.bmp
light05_msk.bmp
smoke_lp1_alp.bmp
light05_msk.bmp
light05_msk.bmp
light05_msk.bmp
light05_msk.bmp
bombgas6_alp.bmp
chi01_msk.bmp
col256_bld100.bmp
P080_11_p06_sol_04.vib
light05_msk.bmp
light05_msk.bmp
light05_msk.bmp
light05_msk.bmp
light05_msk.bmp
light05_msk.bmp
bombgas6_alp.bmp
chi01_msk.bmp
col256_bld100.bmp
bombgas6_alp.bmp
chi01_msk.bmp
col256_bld100.bmp
light05_msk.bmp
P080_11_p06_sol_05.vib
bombgas6_alp.bmp
chi01_msk.bmp
col256_bld100.bmp
light05_msk.bmp
light05_msk.bmp
light05_msk.bmp
bombgas6_alp.bmp
chi01_msk.bmp
col256_bld100.bmp
light05_msk.bmp
light05_msk.bmp
light05_msk.bmp
light05_msk.bmp
light05_msk.bmp
light05_msk.bmp
light05_msk.bmp
light05_msk.bmp
light05_msk.bmp
light05_msk.bmp
light05_msk.bmp
light05_msk.bmp
light05_msk.bmp
light05_msk.bmp
light05_msk.bmp
light05_msk.bmp
light05_msk.bmp
light05_msk.bmp
light05_msk.bmp
light05_msk.bmp
light05_msk.bmp
light05_msk.bmp
light05_msk.bmp
light05_msk.bmp
light05_msk.bmp
light05_msk.bmp
light05_msk.bmp
light05_msk.bmp
light05_msk.bmp
light05_msk.bmp
light05_msk.bmp
w_bonbori.bmp
P080_11_p06_sol_03.vib
light05_msk.bmp
light05_msk.bmp
alpha03_alp_ovl.bmp
col256_bld100.bmp
alpha03_alp_ovl.bmp
col256_bld100.bmp
alpha03_alp_ovl.bmp
col256_bld100.bmp
alpha03_alp_ovl.bmp
col256_bld100.bmp
fog02_msk.bmp
fog02_msk.bmp
P080_11_p06_ray_01.vib
mst_hl_cm.kms
kwt_hl_cm.kms
mst_hl_cm.kms
kwt_hl_cm.kms
w_bonbori.bmp
w_bonbori.bmp
mst_hl_cm.kms
kwt_hl_cm.kms
mst_hl_cm.kms
kwt_hl_cm.kms
fog02_msk.bmp
fog02_msk.bmp
P080_11_p06_ray_01.vib
ray_eye_blur_alp.bmp
ray_eye_bonbori_alp.bmp
ray_eye_blur_alp.bmp
ray_eye_bonbori_alp.bmp
flare0_msk.bmp
bombgas6_alp.bmp
P080_11_p06_effect_02.vib
bombgas6_alp.bmp
bombgas6_alp.bmp
flare0_msk.bmp
P080_11_p06_sol_01.vib
flare0_msk.bmp
bombgas6_alp.bmp
P080_11_p06_sol_01.vib
bombgas6_alp.bmp
flare0_msk.bmp
P080_11_p06_sol_01.vib
flare0_msk.bmp
bombgas6_alp.bmp
P080_11_p06_sol_01.vib
bombgas6_alp.bmp
flare0_msk.bmp
P080_11_p06_sol_01.vib
flare0_msk.bmp
bombgas6_alp.bmp
P080_11_p06_sol_01.vib
bombgas6_alp.bmp
flare0_msk.bmp
P080_11_p06_sol_01.vib
flare0_msk.bmp
bombgas6_alp.bmp
P080_11_p06_sol_01.vib
bombgas6_alp.bmp
flare0_msk.bmp
P080_11_p06_sol_01.vib
flare0_msk.bmp
bombgas6_alp.bmp
P080_11_p06_sol_01.vib
bombgas6_alp.bmp
flare0_msk.bmp
P080_11_p06_sol_01.vib
bombgas6_alp.bmp
flare0_msk.bmp
P080_11_p06_sol_01.vib
flare0_msk.bmp
bombgas6_alp.bmp
flare0_msk.bmp
P080_11_p06_sol_01.vib
flare0_msk.bmp
P080_11_p06_sol_01.vib
w_bonbori.bmp
w_bonbori.bmp
col256_bld100.bmp
drop01_msk.bmp
chi01_alp.bmp
bombpowder1_msk.bmp
P080_11_p06_effect_01.vib
lnr_bul.kms
sonic02_alp.bmp
bombgas6_alp.bmp
P080_11_p06_effect_01.vib
lnr_bul.kms
sonic02_alp.bmp
drop01_msk.bmp
raycp_cover.kms
raycp_yajirushi1_alp.bmp
raycp_holograph1_alp.bmp
raycp_touchp_alp.bmp
raycp_hanyoutex_alp.bmp
raycp_circle1_alp.bmp
raycp_text1_alp.bmp
raycp_conpane1_alp.bmp
raycp_circle2_alp.bmp
raycp_scaler_r_alp.bmp
raycp_circle3_alp.bmp
raycp_scaler_l_alp.bmp
raycp_display1_add_alp.bmp
raycp_rearview_alp.bmp
raycp_display1_dammy_alp.bmp
raycp_liner_alp.bmp
raycp_canopy_liner_alp.bmp
demo_tjo_rai_link.kms
sna_mag1.kms
sna_mag2.kms
sna_mag3.kms
sna_mag4.kms
rai_mag.kms
rai_hlst.kms
rai_grip.kms
demo_tjo_sna_link.kms
rai_mag.kms
rai_hlst.kms
rai_grip.kms
for_hair_def_mh.evm
for_def_bounding.kms
raycp_cover.kms
raycp_yajirushi1_alp.bmp
raycp_holograph1_alp.bmp
raycp_touchp_alp.bmp
raycp_hanyoutex_alp.bmp
raycp_circle1_alp.bmp
raycp_text1_alp.bmp
raycp_conpane1_alp.bmp
raycp_circle2_alp.bmp
raycp_scaler_r_alp.bmp
raycp_circle3_alp.bmp
raycp_scaler_l_alp.bmp
raycp_display1_add_alp.bmp
raycp_rearview_alp.bmp
raycp_display1_dammy_alp.bmp
raycp_liner_alp.bmp
raycp_canopy_liner_alp.bmp
raycp_cover.kms
raycp_yajirushi1_alp.bmp
raycp_holograph1_alp.bmp
raycp_touchp_alp.bmp
raycp_hanyoutex_alp.bmp
raycp_circle1_alp.bmp
raycp_text1_alp.bmp
raycp_conpane1_alp.bmp
raycp_circle2_alp.bmp
raycp_scaler_r_alp.bmp
raycp_circle3_alp.bmp
raycp_scaler_l_alp.bmp
raycp_display1_add_alp.bmp
raycp_rearview_alp.bmp
raycp_display1_dammy_alp.bmp
raycp_liner_alp.bmp
raycp_canopy_liner_alp.bmp
rai_hair_mh_mt.evm
rai_hair_bounding.kms
sna_bdn1.kms
sna_def.kms
rev_hair_fix.kms
rev_coat_bounding.kms
fog02_msk.bmp
sna_bdn2.kms
sna_def.kms
for_lnr_sling.bmp
*/
