0x01000011	NewBlur_Demo_0011Launch	NewBlur_Demo
0x010fff04	NewControlBoy_fff04Launch	NewControlBoy
0x01000001	NewFarFocusEffect_0001Launch	NewFarFocusEffect
0x010fff01	DM_ExecProc_fff01Launch	DM_ExecProc
0x01008000	DM_SendEffectMessage_8000Launch	DM_SendEffectMessage
0x01001020	PL_RaidenEquipmentManager_1020Launch	PL_RaidenEquipmentManager
0x01003015	NewHandcuff_called_3015Launch	NewHandcuff_called
0x01000000	NewFogSet_Demo_0000Launch	NewFogSet_Demo
0x01000019	NewRainFogPersFast_0019Launch	NewRainFogPersFast
0x01003007	NewEvmHairModel_Demo_3007Launch	NewEvmHairModel_Demo
0x01000002	NewNearFocusEffect_0002Launch	NewNearFocusEffect
0x01000008	NewFadeInOutForce_Demo_0008Launch	NewFadeInOutForce_Demo
0x01000006	DM_ChangeAmbient_0006Launch	DM_ChangeAmbient
0x010ffff0	DM_ControlChange_ffff0Launch	DM_ControlChange
0x01000007	DM_ChangeParallel_0007Launch	DM_ChangeParallel
0x01001013	NewEyeControl2_1013Launch	NewEyeControl2
0x01002004	NewLocalWind2_Demo_2004Launch	NewLocalWind2_Demo
0x01000013	NewCrossFadeEffectCustom_0013Launch	NewCrossFadeEffectCustom
0x01000015	NewScrConcentrateBlur_0015Launch	NewScrConcentrateBlur


/* Demo Model List
amg_def.mdl
sol_faceguard.mdl
demo_mst_uni_mount.mdl
demo_mst_sht.mdl
demo_kwt_uni_mount.mdl
demo_kwt_sht.mdl
mst_l_mt.mdl
kwt_r_mt.mdl
sol_snakearm_2_mh_mt.mdl
rai_def.mdl
sol_gantai_mh_mt.mdl
rai_def.mdl
sol_def_addhand_mh_mt.mdl
rai_def.mdl
rai_def_addhand_mh_mt.mdl
rai_def
rai_hair_mh_mt.evm
rai_hair_bounding.kms
fog02_msk.bmp
demo_tjo_rai_link.kms
rai_mag.kms
rai_hlst.kms
rai_grip.kms
rai_mag.kms
rai_hlst.kms
rai_grip.kms
*/
