0x010fff04	NewControlBoy_fff04Launch	NewControlBoy
0x01000002	NewNearFocusEffect_0002Launch	NewNearFocusEffect
0x01008000	DM_SendEffectMessage_8000Launch	DM_SendEffectMessage
0x01006018	NewDemoStageFire_6018Launch	NewDemoStageFire
0x01007108	NewSmokeReactionClient_7108Launch	NewSmokeReactionClient
0x010fff05	NewDemoEffectInitialize_fff05Launch	NewDemoEffectInitialize
0x01000001	NewFarFocusEffect_0001Launch	NewFarFocusEffect
0x01001020	PL_RaidenEquipmentManager_1020Launch	PL_RaidenEquipmentManager
0x01000008	NewFadeInOutForce_Demo_0008Launch	NewFadeInOutForce_Demo
0x0100d007	NewRayOozeBloodDemo_d007Launch	NewRayOozeBloodDemo
0x01004004	NewVADemo_4004Launch	NewVADemo
0x0100101f	NewPutAttachments_101fLaunch	NewPutAttachments
0x01000000	NewFogSet_Demo_0000Launch	NewFogSet_Demo
0x01000011	NewBlur_Demo_0011Launch	NewBlur_Demo
0x01003007	NewEvmHairModel_Demo_3007Launch	NewEvmHairModel_Demo
0x01000006	DM_ChangeAmbient_0006Launch	DM_ChangeAmbient
0x010ffff0	DM_ControlChange_ffff0Launch	DM_ControlChange
0x01000007	DM_ChangeParallel_0007Launch	DM_ChangeParallel
0x0100d004	NewRayMonoEye_Demo_d004Launch	NewRayMonoEye_Demo
0x01001013	NewEyeControl2_1013Launch	NewEyeControl2
0x0100d008	PDRAY_OozeBloodAddDemo_d008Launch	PDRAY_OozeBloodAddDemo
0x0100d00a	NewDemoRayFallBlood_d00aLaunch	NewDemoRayFallBlood
0x01007001	NewBlood_Demo_7001Launch	NewBlood_Demo
0x0100601f	NewHexagonalPattern_601fLaunch	NewHexagonalPattern
0x0100d009	PDRAY_CLOUD_DeleteDensity_d009Launch	PDRAY_CLOUD_DeleteDensity
0x0100d00b	NewFogWave_d00bLaunch	NewFogWave
0x01009000	NewPadVibration2_9000Launch	NewPadVibration2
0x01006025	NewDemoSolidusSnakearmFlow_6025Launch	NewDemoSolidusSnakearmFlow
0x01000013	NewCrossFadeEffectCustom_0013Launch	NewCrossFadeEffectCustom
0x0100601b	NewDemoSolidusDashFire2_601bLaunch	NewDemoSolidusDashFire2
0x01001010	NewArmsEffectControl_1010Launch	NewArmsEffectControl
0x01006013	NewMesgBomb3_6013Launch	NewMesgBomb3
0x01002003	NewSlowParamMan_prog_2003Launch	NewSlowParamMan_prog
0x01000021	NewExplosionControl_Demo_0021Launch	NewExplosionControl_Demo
0x01007107	NewDemoRisingSmoke_7107Launch	NewDemoRisingSmoke
0x01006027	NewDemoSolidusEnergyPrim_6027Launch	NewDemoSolidusEnergyPrim
0x01007100	NewSmokeBlurEffect_7100Launch	NewSmokeBlurEffect
0x01000020	NewScnAiRaySight_0020Launch	NewScnAiRaySight
0x01000012	NewCrossFadeEffect_0012Launch	NewCrossFadeEffect
0x01003000	NewRopeModel3_called_3000Launch	NewRopeModel3_called
0x01003009	NewEvmHairModel_Demo2_3009Launch	NewEvmHairModel_Demo2
0x01001024	NewFortSling2_1024Launch	NewFortSling2
0x01001006	NewPutAttachments_1006Launch	NewPutAttachments
0x01003015	NewHandcuff_called_3015Launch	NewHandcuff_called


/* Demo Model List
demo_lnr.mdl
for_def_mh_mt.mdl
rai_def.mdl
sna_def_addhand_mh_mt.mdl
rai_def.mdl
demo_kwt_uni_mount.mdl
demo_mst_uni_mount.mdl
sol_def_face_mh_mt.mdl
rai_def.mdl
sol_faceguard.mdl
sol_gantai_mh_mt.mdl
rai_def.mdl
sol_snakearm_mh_mt.mdl
rai_def.mdl
demo_p90_sol.mdl
sol_snakearm_2_mh_mt.mdl
rai_def.mdl
sol_snakearm_mh_mt.mdl
rai_def.mdl
sol_vanim_0_sh_mt.mdl
org_plant_dead_mh_mt.mdl
rai_def.mdl
demo_dummy.mdl
demo_dummy.mdl
demo_dummy.mdl
demo_dummy.mdl
pdray_number_a04_r.mdl
pdray_number_a04_l.mdl
pdray_number_a03_r.mdl
pdray_number_a03_l.mdl
pdray_number_a02_r.mdl
pdray_number_a02_l.mdl
pdray_number_a01_r.mdl
pdray_number_a01_l.mdl
pdray_def_mt.mdl
pdray_def_mt.mdl
pdray_def_mt.mdl
pdray_def_mt.mdl
stg_sub.mdl
rai_def_mh_mt.mdl
rai_def.mdl
org_plant_dead_hair_mh.evm
org_plant_dummy.kms
w_bonbori.bmp
P080_03_p02_rai_02.vib
w_bonbori.bmp
w_bonbori.bmp
w_bonbori.bmp
w_bonbori.bmp
w_bonbori.bmp
w_bonbori.bmp
w00_sky_add_alp.bmp
w00_sky_add_alp.bmp
w00_sky_add_alp.bmp
w00_sky_add_alp.bmp
demo_tjo_sna_link.kms
sna_bdn2.kms
sna_def.kms
sna_mag1.kms
sna_mag2.kms
sna_mag3.kms
sna_mag4.kms
for_lnr_sling.bmp
for_hair_def_mh.evm
for_def_bounding.kms
sna_bdn1.kms
sna_def.kms
P080_03_p02_rai_01.vib
w_bonbori.bmp
w_bonbori.bmp
w_bonbori.bmp
w_bonbori.bmp
sol_vanim_0_sh_mt.cv2
sol_vanim_2_sh_mt.cv2
blood_2bw_msk.bmp
bombpowder7_msk.bmp
bombgas6_alp.bmp
chi01_msk.bmp
col256_bld100.bmp
pdray_eye_hl_alp.bmp
pdray_eye_noise_alp.bmp
bombgas6_alp.bmp
chi01_msk.bmp
col256_bld100.bmp
P080_03_p02_ray_03.vib
bombgas6_alp.bmp
chi01_msk.bmp
col256_bld100.bmp
bombgas6_alp.bmp
chi01_msk.bmp
col256_bld100.bmp
P080_03_p02_effect_01.vib
bombgas6_alp.bmp
chi01_msk.bmp
col256_bld100.bmp
bombgas6_alp.bmp
chi01_msk.bmp
col256_bld100.bmp
P080_03_p02_effect_01.vib
ai_ray_view.o2d
ai_ray_view.o2d
P080_03_p02_ray_02.vib
bombgas6_alp.bmp
w_bonbori.bmp
pdray_eye_hl_alp.bmp
pdray_eye_noise_alp.bmp
bombgas6_alp.bmp
chi01_msk.bmp
col256_bld100.bmp
pdray_def_mt.cv2
bombgas6_alp.bmp
chi01_msk.bmp
col256_bld100.bmp
P080_03_p02_effect_01.vib
bombgas6_alp.bmp
chi01_msk.bmp
col256_bld100.bmp
pdray_def_mt.cv2
bombgas6_alp.bmp
chi01_msk.bmp
col256_bld100.bmp
pdray_def_mt.cv2
bombgas6_alp.bmp
chi01_msk.bmp
col256_bld100.bmp
P080_03_p02_effect_01.vib
bombgas6_alp.bmp
chi01_msk.bmp
col256_bld100.bmp
P080_03_p02_effect_01.vib
bombgas6_alp.bmp
chi01_msk.bmp
col256_bld100.bmp
pdray_def_mt.cv2
bombgas6_alp.bmp
chi01_msk.bmp
col256_bld100.bmp
P080_03_p02_effect_01.vib
P080_03_p02_effect_01.vib
bombgas6_alp.bmp
chi01_msk.bmp
col256_bld100.bmp
bombgas6_alp.bmp
chi01_msk.bmp
col256_bld100.bmp
P080_03_p02_effect_01.vib
bombgas6_alp.bmp
chi01_msk.bmp
col256_bld100.bmp
bombgas6_alp.bmp
chi01_msk.bmp
col256_bld100.bmp
P080_03_p02_effect_01.vib
bombgas6_alp.bmp
chi01_msk.bmp
col256_bld100.bmp
bombgas6_alp.bmp
chi01_msk.bmp
col256_bld100.bmp
bombgas6_alp.bmp
chi01_msk.bmp
col256_bld100.bmp
w_bonbori.bmp
w_bonbori.bmp
w_bonbori.bmp
P080_03_p02_sol_01.vib
bombpowder7_msk.bmp
bombsphere01_alp.bmp
bombsphere03_alp.bmp
bombsphere04_alp.bmp
bombsphere01_alp.bmp
bombsphere03_alp.bmp
bombsphere04_alp.bmp
bombgas6_alp.bmp
P080_03_p02_ray_04.vib
pdray_eye_hl_alp.bmp
pdray_eye_noise_alp.bmp
P080_03_p02_effect_01.vib
P080_03_p02_effect_01.vib
bombsphere01_alp.bmp
bombsphere03_alp.bmp
bombsphere04_alp.bmp
bombgas6_alp.bmp
chi01_msk.bmp
col256_bld100.bmp
bombgas6_alp.bmp
chi01_msk.bmp
col256_bld100.bmp
bombgas6_alp.bmp
chi01_msk.bmp
col256_bld100.bmp
bombgas6_alp.bmp
chi01_msk.bmp
col256_bld100.bmp
bombgas6_alp.bmp
chi01_msk.bmp
col256_bld100.bmp
P080_03_p02_effect_01.vib
bombgas6_alp.bmp
chi01_msk.bmp
col256_bld100.bmp
P080_03_p02_effect_01.vib
bombgas6_alp.bmp
chi01_msk.bmp
col256_bld100.bmp
bombgas6_alp.bmp
chi01_msk.bmp
col256_bld100.bmp
pdray_def_mt.cv2
P080_03_p02_effect_01.vib
bombgas6_alp.bmp
chi01_msk.bmp
col256_bld100.bmp
bombgas6_alp.bmp
chi01_msk.bmp
col256_bld100.bmp
bombpowder7_msk.bmp
P080_03_p02_sol_01.vib
smoke_lp3_alp.bmp
w_bonbori.bmp
sol_vanim_0_sh_mt.cv2
sol_vanim_2_sh_mt.cv2
P080_03_p02_ray_01.vib
smoke_lp3_alp.bmp
sol_vanim_0_sh_mt.cv2
sol_vanim_2_sh_mt.cv2
pdray_eye_hl_alp.bmp
pdray_eye_noise_alp.bmp
pdray_eye_hl_alp.bmp
pdray_eye_noise_alp.bmp
pdray_def_mt.cv2
pdray_def_mt.cv2
pdray_eye_hl_alp.bmp
pdray_eye_noise_alp.bmp
pdray_eye_hl_alp.bmp
pdray_eye_noise_alp.bmp
pdray_eye_hl_alp.bmp
pdray_eye_noise_alp.bmp
pdray_eye_hl_alp.bmp
pdray_eye_noise_alp.bmp
w00_sky_add_alp.bmp
rai_hair_mh_mt.evm
rai_hair_bounding.kms
demo_org_plant_hlst.kms
demo_org_plant_radio.kms
demo_org_plant_ssk.kms
sol_vanim_0_sh_mt.cv2
sol_vanim_2_sh_mt.cv2
rai_mag.kms
rai_hlst.kms
rai_grip.kms
w00_sky_add_alp.bmp
blood_2bw_msk.bmp
bombpowder7_msk.bmp
*/
