0x01003017	NewRopeModel3_called_3017Launch	NewRopeModel3_called
0x010fff01	DM_ExecProc_fff01Launch	DM_ExecProc
0x01001029	NewDemoArkms_CitFemale_1029Launch	NewDemoArkms_CitFemale
0x01000008	NewFadeInOutForce_Demo_0008Launch	NewFadeInOutForce_Demo
0x01001028	NewDemoArkms_CitMale_1028Launch	NewDemoArkms_CitMale
0x01000001	NewFarFocusEffect_0001Launch	NewFarFocusEffect
0x01008000	DM_SendEffectMessage_8000Launch	DM_SendEffectMessage
0x0100710e	NewSmokeMitsukoshiMan_710eLaunch	NewSmokeMitsukoshiMan
0x01003009	NewEvmHairModel_Demo2_3009Launch	NewEvmHairModel_Demo2
0x01000002	NewNearFocusEffect_0002Launch	NewNearFocusEffect
0x010fff03	NewDemoFrameCountCall_fff03Launch	NewDemoFrameCountCall
0x01000019	NewRainFogPersFast_0019Launch	NewRainFogPersFast
0x010fff04	NewControlBoy_fff04Launch	NewControlBoy
0x01001020	PL_RaidenEquipmentManager_1020Launch	PL_RaidenEquipmentManager
0x01000000	NewFogSet_Demo_0000Launch	NewFogSet_Demo
0x01000011	NewBlur_Demo_0011Launch	NewBlur_Demo
0x01003007	NewEvmHairModel_Demo_3007Launch	NewEvmHairModel_Demo
0x01000006	DM_ChangeAmbient_0006Launch	DM_ChangeAmbient
0x010ffff0	DM_ControlChange_ffff0Launch	DM_ControlChange
0x01000007	DM_ChangeParallel_0007Launch	DM_ChangeParallel
0x01001013	NewEyeControl2_1013Launch	NewEyeControl2
0x01002004	NewLocalWind2_Demo_2004Launch	NewLocalWind2_Demo
0x01001011	NewDemoArkms_NYPD_1011Launch	NewDemoArkms_NYPD
0x01003000	NewRopeModel3_called_3000Launch	NewRopeModel3_called
0x01001006	NewPutAttachments_1006Launch	NewPutAttachments
0x0100c100	NewEvmLateControl_c100Launch	NewEvmLateControl
0x01009000	NewPadVibration2_9000Launch	NewPadVibration2


/* Demo Model List
nyp_armd.mdl
nyp_armd.mdl
nyp_def3.mdl
nyp_def2.mdl
nyp_def1.mdl
cit_femalec_def.mdl
cit_femaleb_def.mdl
cit_femalea_def.mdl
cit_femalec_def.mdl
cit_femaleb_def.mdl
cit_femalea_def.mdl
cit_malez_def_sh.mdl
cit_maley_def_sh.mdl
cit_maled_def.mdl
cit_malec_def.mdl
cit_maleb_def.mdl
cit_malea_def.mdl
cit_malez_def_sh.mdl
cit_maley_def_sh.mdl
cit_maled_def.mdl
cit_malec_def.mdl
cit_maleb_def.mdl
cit_malea_def.mdl
demo_dummy.mdl
sol_faceguard.mdl
demo_mst_sht.mdl
demo_kwt_sht.mdl
sol_gantai_mh_mt.mdl
rai_def.mdl
sol_def_addhand_mh_mt.mdl
rai_def.mdl
ros_def_mh_mt.mdl
rai_def.mdl
sna_def_addhand_mh_mt.mdl
rai_def.mdl
rai_def_addhand_mh_mt.mdl
rai_def
cti_female.kls
cit_female_hair_a_1.kms
cit_female_hair_a_2.kms
cit_female_hair_a_3.kms
cit_female_hair_a_4.kms
cit_female_hair_a_5.kms
cit_female_hair_b_1.kms
cit_female_hair_b_2.kms
cit_female_hair_b_3.kms
cit_female_hair_b_4.kms
cit_female_hair_b_5.kms
cit_female_shirts_1.kms
cit_female_shirts_2.kms
cit_female_shirts_3.kms
cit_female_shirts_4.kms
cit_female_skirt1_mh.evm
cit_female_skirt2_mh.evm
cit_male_all_def.kls
cit_male_hair01.kms
cit_male_hair02.kms
cit_male_hair04.kms
cit_male_hair05.kms
cit_male_shirtbk.kms
cit_male_shirtbl.kms
cit_male_tieye.kms
cit_male_tiebr.kms
cit_male_glass01.kms
cit_male_bag02.kms
cit_male_bag01.kms
cit_male_bag04.kms
cit_male_bag03.kms
cit_male_bag06.kms
cit_male_bag05.kms
cit_male_all_def.kls
cit_male_hair01.kms
cit_male_hair02.kms
cit_male_hair04.kms
cit_male_hair05.kms
cit_male_shirtbk.kms
cit_male_shirtbl.kms
cit_male_tieye.kms
cit_male_tiebr.kms
cit_male_glass01.kms
cit_male_bag02.kms
cit_male_bag01.kms
cit_male_bag04.kms
cit_male_bag03.kms
cit_male_bag06.kms
cit_male_bag05.kms
cti_female.kls
cit_female_hair_a_1.kms
cit_female_hair_a_2.kms
cit_female_hair_a_3.kms
cit_female_hair_a_4.kms
cit_female_hair_a_5.kms
cit_female_hair_b_1.kms
cit_female_hair_b_2.kms
cit_female_hair_b_3.kms
cit_female_hair_b_4.kms
cit_female_hair_b_5.kms
cit_female_shirts_1.kms
cit_female_shirts_2.kms
cit_female_shirts_3.kms
cit_female_shirts_4.kms
cit_female_skirt1_mh.evm
cit_female_skirt2_mh.evm
cti_female.kls
cit_female_hair_a_1.kms
cit_female_hair_a_2.kms
cit_female_hair_a_3.kms
cit_female_hair_a_4.kms
cit_female_hair_a_5.kms
cit_female_hair_b_1.kms
cit_female_hair_b_2.kms
cit_female_hair_b_3.kms
cit_female_hair_b_4.kms
cit_female_hair_b_5.kms
cit_female_shirts_1.kms
cit_female_shirts_2.kms
cit_female_shirts_3.kms
cit_female_shirts_4.kms
cit_female_skirt1_mh.evm
cit_female_skirt2_mh.evm
P082_02_p02_rai_01.vib
cit_male_all_def.kls
cit_male_hair01.kms
cit_male_hair02.kms
cit_male_hair04.kms
cit_male_hair05.kms
cit_male_shirtbk.kms
cit_male_shirtbl.kms
cit_male_tieye.kms
cit_male_tiebr.kms
cit_male_glass01.kms
cit_male_bag02.kms
cit_male_bag01.kms
cit_male_bag04.kms
cit_male_bag03.kms
cit_male_bag06.kms
cit_male_bag05.kms
cit_male_all_def.kls
cit_male_hair01.kms
cit_male_hair02.kms
cit_male_hair04.kms
cit_male_hair05.kms
cit_male_shirtbk.kms
cit_male_shirtbl.kms
cit_male_tieye.kms
cit_male_tiebr.kms
cit_male_glass01.kms
cit_male_bag02.kms
cit_male_bag01.kms
cit_male_bag04.kms
cit_male_bag03.kms
cit_male_bag06.kms
cit_male_bag05.kms
cit_male_all_def.kls
cit_male_hair01.kms
cit_male_hair02.kms
cit_male_hair04.kms
cit_male_hair05.kms
cit_male_shirtbk.kms
cit_male_shirtbl.kms
cit_male_tieye.kms
cit_male_tiebr.kms
cit_male_glass01.kms
cit_male_bag02.kms
cit_male_bag01.kms
cit_male_bag04.kms
cit_male_bag03.kms
cit_male_bag06.kms
cit_male_bag05.kms
sna_bdn2.kms
sna_skl3.kms
sna_mag1.kms
sna_mag2.kms
sna_mag3.kms
sna_mag4.kms
sna_bdn1.kms
sna_skl3.kms
cit_male_all_def.kls
cit_male_hair01.kms
cit_male_hair02.kms
cit_male_hair04.kms
cit_male_hair05.kms
cit_male_shirtbk.kms
cit_male_shirtbl.kms
cit_male_tieye.kms
cit_male_tiebr.kms
cit_male_glass01.kms
cit_male_bag02.kms
cit_male_bag01.kms
cit_male_bag04.kms
cit_male_bag03.kms
cit_male_bag06.kms
cit_male_bag05.kms
nyp_def_epa.kls
nyp_def_epa.kls
nyp_def_epa.kls
cti_female.kls
cit_female_hair_a_1.kms
cit_female_hair_a_2.kms
cit_female_hair_a_3.kms
cit_female_hair_a_4.kms
cit_female_hair_a_5.kms
cit_female_hair_b_1.kms
cit_female_hair_b_2.kms
cit_female_hair_b_3.kms
cit_female_hair_b_4.kms
cit_female_hair_b_5.kms
cit_female_shirts_1.kms
cit_female_shirts_2.kms
cit_female_shirts_3.kms
cit_female_shirts_4.kms
cit_female_skirt1_mh.evm
cit_female_skirt2_mh.evm
cit_male_all_def.kls
cit_male_hair01.kms
cit_male_hair02.kms
cit_male_hair04.kms
cit_male_hair05.kms
cit_male_shirtbk.kms
cit_male_shirtbl.kms
cit_male_tieye.kms
cit_male_tiebr.kms
cit_male_glass01.kms
cit_male_bag02.kms
cit_male_bag01.kms
cit_male_bag04.kms
cit_male_bag03.kms
cit_male_bag06.kms
cit_male_bag05.kms
cit_male_all_def.kls
cit_male_hair01.kms
cit_male_hair02.kms
cit_male_hair04.kms
cit_male_hair05.kms
cit_male_shirtbk.kms
cit_male_shirtbl.kms
cit_male_tieye.kms
cit_male_tiebr.kms
cit_male_glass01.kms
cit_male_bag02.kms
cit_male_bag01.kms
cit_male_bag04.kms
cit_male_bag03.kms
cit_male_bag06.kms
cit_male_bag05.kms
cit_male_all_def.kls
cit_male_hair01.kms
cit_male_hair02.kms
cit_male_hair04.kms
cit_male_hair05.kms
cit_male_shirtbk.kms
cit_male_shirtbl.kms
cit_male_tieye.kms
cit_male_tiebr.kms
cit_male_glass01.kms
cit_male_bag02.kms
cit_male_bag01.kms
cit_male_bag04.kms
cit_male_bag03.kms
cit_male_bag06.kms
cit_male_bag05.kms
rai_hair_mh_mt.evm
rai_hair_bounding.kms
cit_male_all_def.kls
cit_male_hair01.kms
cit_male_hair02.kms
cit_male_hair04.kms
cit_male_hair05.kms
cit_male_shirtbk.kms
cit_male_shirtbl.kms
cit_male_tieye.kms
cit_male_tiebr.kms
cit_male_glass01.kms
cit_male_bag02.kms
cit_male_bag01.kms
cit_male_bag04.kms
cit_male_bag03.kms
cit_male_bag06.kms
cit_male_bag05.kms
demo_tjo_rai_broken_r.kms
cti_female.kls
cit_female_hair_a_1.kms
cit_female_hair_a_2.kms
cit_female_hair_a_3.kms
cit_female_hair_a_4.kms
cit_female_hair_a_5.kms
cit_female_hair_b_1.kms
cit_female_hair_b_2.kms
cit_female_hair_b_3.kms
cit_female_hair_b_4.kms
cit_female_hair_b_5.kms
cit_female_shirts_1.kms
cit_female_shirts_2.kms
cit_female_shirts_3.kms
cit_female_shirts_4.kms
cit_female_skirt1_mh.evm
cit_female_skirt2_mh.evm
cti_female.kls
cit_female_hair_a_1.kms
cit_female_hair_a_2.kms
cit_female_hair_a_3.kms
cit_female_hair_a_4.kms
cit_female_hair_a_5.kms
cit_female_hair_b_1.kms
cit_female_hair_b_2.kms
cit_female_hair_b_3.kms
cit_female_hair_b_4.kms
cit_female_hair_b_5.kms
cit_female_shirts_1.kms
cit_female_shirts_2.kms
cit_female_shirts_3.kms
cit_female_shirts_4.kms
cit_female_skirt1_mh.evm
cit_female_skirt2_mh.evm
rai_mag.kms
rai_hlst.kms
rai_grip.kms
fog02_msk.bmp
cit_male_all_def.kls
cit_male_hair01.kms
cit_male_hair02.kms
cit_male_hair04.kms
cit_male_hair05.kms
cit_male_shirtbk.kms
cit_male_shirtbl.kms
cit_male_tieye.kms
cit_male_tiebr.kms
cit_male_glass01.kms
cit_male_bag02.kms
cit_male_bag01.kms
cit_male_bag04.kms
cit_male_bag03.kms
cit_male_bag06.kms
cit_male_bag05.kms
cit_male_all_def.kls
cit_male_hair01.kms
cit_male_hair02.kms
cit_male_hair04.kms
cit_male_hair05.kms
cit_male_shirtbk.kms
cit_male_shirtbl.kms
cit_male_tieye.kms
cit_male_tiebr.kms
cit_male_glass01.kms
cit_male_bag02.kms
cit_male_bag01.kms
cit_male_bag04.kms
cit_male_bag03.kms
cit_male_bag06.kms
cit_male_bag05.kms
cit_male_all_def.kls
cit_male_hair01.kms
cit_male_hair02.kms
cit_male_hair04.kms
cit_male_hair05.kms
cit_male_shirtbk.kms
cit_male_shirtbl.kms
cit_male_tieye.kms
cit_male_tiebr.kms
cit_male_glass01.kms
cit_male_bag02.kms
cit_male_bag01.kms
cit_male_bag04.kms
cit_male_bag03.kms
cit_male_bag06.kms
cit_male_bag05.kms
cti_female.kls
cit_female_hair_a_1.kms
cit_female_hair_a_2.kms
cit_female_hair_a_3.kms
cit_female_hair_a_4.kms
cit_female_hair_a_5.kms
cit_female_hair_b_1.kms
cit_female_hair_b_2.kms
cit_female_hair_b_3.kms
cit_female_hair_b_4.kms
cit_female_hair_b_5.kms
cit_female_shirts_1.kms
cit_female_shirts_2.kms
cit_female_shirts_3.kms
cit_female_shirts_4.kms
cit_female_skirt1_mh.evm
cit_female_skirt2_mh.evm
cit_male_all_def.kls
cit_male_hair01.kms
cit_male_hair02.kms
cit_male_hair04.kms
cit_male_hair05.kms
cit_male_shirtbk.kms
cit_male_shirtbl.kms
cit_male_tieye.kms
cit_male_tiebr.kms
cit_male_glass01.kms
cit_male_bag02.kms
cit_male_bag01.kms
cit_male_bag04.kms
cit_male_bag03.kms
cit_male_bag06.kms
cit_male_bag05.kms
rai_dogtag_naked_mh.evm
rai_dogtag_bounding.kms
cit_male_all_def.kls
cit_male_hair01.kms
cit_male_hair02.kms
cit_male_hair04.kms
cit_male_hair05.kms
cit_male_shirtbk.kms
cit_male_shirtbl.kms
cit_male_tieye.kms
cit_male_tiebr.kms
cit_male_glass01.kms
cit_male_bag02.kms
cit_male_bag01.kms
cit_male_bag04.kms
cit_male_bag03.kms
cit_male_bag06.kms
cit_male_bag05.kms
chi03_alp.bmp
chi03_alp.bmp
cit_male_all_def.kls
cit_male_hair01.kms
cit_male_hair02.kms
cit_male_hair04.kms
cit_male_hair05.kms
cit_male_shirtbk.kms
cit_male_shirtbl.kms
cit_male_tieye.kms
cit_male_tiebr.kms
cit_male_glass01.kms
cit_male_bag02.kms
cit_male_bag01.kms
cit_male_bag04.kms
cit_male_bag03.kms
cit_male_bag06.kms
cit_male_bag05.kms
cit_male_all_def.kls
cit_male_hair01.kms
cit_male_hair02.kms
cit_male_hair04.kms
cit_male_hair05.kms
cit_male_shirtbk.kms
cit_male_shirtbl.kms
cit_male_tieye.kms
cit_male_tiebr.kms
cit_male_glass01.kms
cit_male_bag02.kms
cit_male_bag01.kms
cit_male_bag04.kms
cit_male_bag03.kms
cit_male_bag06.kms
cit_male_bag05.kms
cti_female.kls
cit_female_hair_a_1.kms
cit_female_hair_a_2.kms
cit_female_hair_a_3.kms
cit_female_hair_a_4.kms
cit_female_hair_a_5.kms
cit_female_hair_b_1.kms
cit_female_hair_b_2.kms
cit_female_hair_b_3.kms
cit_female_hair_b_4.kms
cit_female_hair_b_5.kms
cit_female_shirts_1.kms
cit_female_shirts_2.kms
cit_female_shirts_3.kms
cit_female_shirts_4.kms
cit_female_skirt1_mh.evm
cit_female_skirt2_mh.evm
cit_male_all_def.kls
cit_male_hair01.kms
cit_male_hair02.kms
cit_male_hair04.kms
cit_male_hair05.kms
cit_male_shirtbk.kms
cit_male_shirtbl.kms
cit_male_tieye.kms
cit_male_tiebr.kms
cit_male_glass01.kms
cit_male_bag02.kms
cit_male_bag01.kms
cit_male_bag04.kms
cit_male_bag03.kms
cit_male_bag06.kms
cit_male_bag05.kms
cti_female.kls
cit_female_hair_a_1.kms
cit_female_hair_a_2.kms
cit_female_hair_a_3.kms
cit_female_hair_a_4.kms
cit_female_hair_a_5.kms
cit_female_hair_b_1.kms
cit_female_hair_b_2.kms
cit_female_hair_b_3.kms
cit_female_hair_b_4.kms
cit_female_hair_b_5.kms
cit_female_shirts_1.kms
cit_female_shirts_2.kms
cit_female_shirts_3.kms
cit_female_shirts_4.kms
cit_female_skirt1_mh.evm
cit_female_skirt2_mh.evm
demo_tjo_rai_broken_l.kms
*/
