0x010fff03	NewDemoFrameCountCall_fff03Launch	NewDemoFrameCountCall
0x0100a002	NewRunTelop_Trial_a002Launch	NewRunTelop_Trial
0x01000008	NewFadeInOutForce_Demo_0008Launch	NewFadeInOutForce_Demo
0x01002003	NewSlowParamMan_prog_2003Launch	NewSlowParamMan_prog
0x01008000	DM_SendEffectMessage_8000Launch	DM_SendEffectMessage
0x010fff02	DM_SetClipParam_fff02Launch	DM_SetClipParam
0x01000011	NewBlur_Demo_0011Launch	NewBlur_Demo
0x01000000	NewFogSet_Demo_0000Launch	NewFogSet_Demo
0x01000004	NewRainCamera_Demo_0004Launch	NewRainCamera_Demo
0x010007d1	NewTraffic_Demo_07d1Launch	NewTraffic_Demo
0x01002000	NewThunder_Demo_2000Launch	NewThunder_Demo
0x01000003	NewFadeInOut_Demo_0003Launch	NewFadeInOut_Demo
0x01000104	NewBodySplash3_0104Launch	NewBodySplash3
0x0100000e	NewCigarette_Demo_000eLaunch	NewCigarette_Demo
0x01000013	NewCrossFadeEffectCustom_0013Launch	NewCrossFadeEffectCustom
0x01000002	NewNearFocusEffect_0002Launch	NewNearFocusEffect
0x01000001	NewFarFocusEffect_0001Launch	NewFarFocusEffect
0x01001000	NewDropShadow_1000Launch	NewDropShadow
0x01000103	NewFootSplash_0103Launch	NewFootSplash
0x01000007	DM_ChangeParallel_0007Launch	DM_ChangeParallel
0x01002002	NewLocalWind_Demo_2002Launch	NewLocalWind_Demo
0x01000100	NewSplashMotion_Demo_0100Launch	NewSplashMotion_Demo
0x01009000	NewPadVibration2_9000Launch	NewPadVibration2
0x01004000	NewPutSTanimeObjectCall_4000Launch	NewPutSTanimeObjectCall
0x01006006	NewOpticalCamouflageBreakDemo2_6006Launch	NewOpticalCamouflageBreakDemo2
0x01000101	NewSplashRipple_Demo_0101Launch	NewSplashRipple_Demo
0x010fff01	DM_ExecProc_fff01Launch	DM_ExecProc
0x01000006	DM_ChangeAmbient_0006Launch	DM_ChangeAmbient
0x01000009	NewContrast_Demo_0009Launch	NewContrast_Demo
0x0100100a	NewBodyShadowVolume_Demo_100aLaunch	NewBodyShadowVolume_Demo
0x01006002	NewPlasmaPoly_Demo_6002Launch	NewPlasmaPoly_Demo
0x01003000	NewRopeModel3_called_3000Launch	NewRopeModel3_called
0x01001006	NewPutAttachments_1006Launch	NewPutAttachments
0x01003004	NewRopeModel3_called_3004Launch	NewRopeModel3_called


/* Demo Model List
demo_dummy.mdl
demo_dummy.mdl
demo_dummy.mdl
demo_dummy.mdl
car_ban.mdl
car_wagon.mdl
kck_cargo.mdl
kck_trot.mdl
kck_mrot.mdl
saa.mdl
saa.mdl
demo_rev_scope.mdl
rev_def_mh_mt.mdl
rev_coat_bounding.mdl
kck_504.mdl
demo_dummy.mdl
ciga.mdl
ciga.mdl
ciga.mdl
sna_coat_mh_mt.mdl
sna_def.mdl
sna_coat_mh_mt.mdl
sna_def.mdl
sna_dive_sh_mt.mdl
sna_dive_sh_mt.mdl
t00a2D_title.vib
rev_hair_fix.kms
sna_mag1.kms
sna_mag2.kms
sna_mag3.kms
sna_mag4.kms
sna_bdn2.kms
sna_bdn1.kms
splash05_alp.bmp
splash07_alp.bmp
splash05_alp.bmp
splash07_alp.bmp
splash05_alp.bmp
splash07_alp.bmp
sna_skl3.cv2
t00a2D_sna_stealth_off.vib
splash05_alp.bmp
splash07_alp.bmp
splash05_alp.bmp
splash07_alp.bmp
t00a2D_sna_touchdown.vib
d00a_divewire.xsi
t00a2D_sna_kick.vib
t00a2D_sna_shock.vib
d00a_divewire.xsi
d00a_divewire.xsi
d00a_divewire.xsi
d00a_divewire.xsi
d00a_divewire.xsi
d00a_divewire2.xsi
d00a_divewire2.xsi
d00a_divewire2.xsi
splash05_alp.bmp
splash07_alp.bmp
t00a2D_sna_jump.vib
splash05_alp.bmp
splash07_alp.bmp
sna_skl3.cv2
splash05_alp.bmp
splash07_alp.bmp
sna_coat_poncho_mt.xsi
sna_skl3.cv2
splash05_alp.bmp
splash07_alp.bmp
sna_skl3.cv2
splash05_alp.bmp
splash07_alp.bmp
splash05_alp.bmp
splash07_alp.bmp
sna_skl3.cv2
splash05_alp.bmp
splash07_alp.bmp
sna_coat_poncho_mt.xsi
sna_coat_poncho_mt.xsi
splash05_alp.bmp
splash07_alp.bmp
t00a2D_sna_stealth_on.vib
splash05_alp.bmp
splash07_alp.bmp
sna_skl3.cv2
splash05_alp.bmp
splash07_alp.bmp
splash05_alp.bmp
splash07_alp.bmp
splash05_alp.bmp
splash07_alp.bmp
sna_skl3.cv2
splash05_alp.bmp
splash07_alp.bmp
sna_skl3.cv2
splash05_alp.bmp
splash07_alp.bmp
sna_skl3.cv2
splash05_alp.bmp
splash07_alp.bmp
sna_skl3.cv2
splash05_alp.bmp
splash07_alp.bmp
sna_skl3.cv2
splash05_alp.bmp
splash07_alp.bmp
sna_skl3.cv2
splash05_alp.bmp
splash07_alp.bmp
splash05_alp.bmp
splash07_alp.bmp
splash05_alp.bmp
splash07_alp.bmp
sna_skl3.cv2
splash05_alp.bmp
splash07_alp.bmp
sna_skl3.cv2
splash05_alp.bmp
splash07_alp.bmp
sna_skl3.cv2
splash05_alp.bmp
splash07_alp.bmp
sna_skl3.cv2
splash05_alp.bmp
splash07_alp.bmp
sna_skl3.cv2
splash05_alp.bmp
splash07_alp.bmp
sna_skl3.cv2
splash05_alp.bmp
splash07_alp.bmp
sna_skl3.cv2
splash05_alp.bmp
splash07_alp.bmp
sna_skl3.cv2
splash05_alp.bmp
splash07_alp.bmp
sna_skl3.cv2
splash05_alp.bmp
splash07_alp.bmp
sna_skl3.cv2
splash05_alp.bmp
splash07_alp.bmp
sna_skl3.cv2
splash05_alp.bmp
splash07_alp.bmp
sna_skl3.cv2
splash05_alp.bmp
splash07_alp.bmp
sna_skl3.cv2
splash05_alp.bmp
splash07_alp.bmp
sna_skl3.cv2
splash05_alp.bmp
splash07_alp.bmp
*/
