0x01001002	NewEneEquip_1002Launch	NewEneEquip
0x010fff02	DM_SetClipParam_fff02Launch	DM_SetClipParam
0x01000000	NewFogSet_Demo_0000Launch	NewFogSet_Demo
0x010fff03	NewDemoFrameCountCall_fff03Launch	NewDemoFrameCountCall
0x01000006	DM_ChangeAmbient_0006Launch	DM_ChangeAmbient
0x01000007	DM_ChangeParallel_0007Launch	DM_ChangeParallel
0x01000001	NewFarFocusEffect_0001Launch	NewFarFocusEffect
0x01001005	NewRaincoat_called_1005Launch	NewRaincoat_called
0x01008000	DM_SendEffectMessage_8000Launch	DM_SendEffectMessage
0x01000104	NewBodySplash3_0104Launch	NewBodySplash3
0x01002000	NewThunder_Demo_2000Launch	NewThunder_Demo
0x010fff00	DM_DebugPrint_fff00Launch	DM_DebugPrint
0x01001000	NewDropShadow_1000Launch	NewDropShadow
0x01000003	NewFadeInOut_Demo_0003Launch	NewFadeInOut_Demo
0x01000002	NewNearFocusEffect_0002Launch	NewNearFocusEffect
0x01000008	NewFadeInOutForce_Demo_0008Launch	NewFadeInOutForce_Demo


/* Demo Model List
tnr_def.mdl
tnr_def.mdl
*/
