0x01007100	NewSmokeBlurEffect_7100Launch	NewSmokeBlurEffect
0x01008000	DM_SendEffectMessage_8000Launch	DM_SendEffectMessage
0x01000100	NewSplashMotion_Demo_0100Launch	NewSplashMotion_Demo
0x01000000	NewFogSet_Demo_0000Launch	NewFogSet_Demo
0x010fff02	DM_SetClipParam_fff02Launch	DM_SetClipParam
0x01000001	NewFarFocusEffect_0001Launch	NewFarFocusEffect
0x01000006	DM_ChangeAmbient_0006Launch	DM_ChangeAmbient
0x01001007	NewPutAttachments_1007Launch	NewPutAttachments
0x01003011	NewEvmMMOrga_called_3011Launch	NewEvmMMOrga_called
0x01000008	NewFadeInOutForce_Demo_0008Launch	NewFadeInOutForce_Demo
0x0100100a	NewBodyShadowVolume_Demo_100aLaunch	NewBodyShadowVolume_Demo
0x01000007	DM_ChangeParallel_0007Launch	DM_ChangeParallel
0x01001001	NewShadow_1001Launch	NewShadow
0x01001006	NewPutAttachments_1006Launch	NewPutAttachments
0x01000104	NewBodySplash3_0104Launch	NewBodySplash3
0x01000103	NewFootSplash_0103Launch	NewFootSplash
0x01004001	DM_SendEffectMessage_4001Launch	DM_SendEffectMessage
0x01001000	NewDropShadow_1000Launch	NewDropShadow
0x01000002	NewNearFocusEffect_0002Launch	NewNearFocusEffect
0x01003000	NewRopeModel3_called_3000Launch	NewRopeModel3_called
0x010fff01	DM_ExecProc_fff01Launch	DM_ExecProc
0x01009000	NewPadVibration2_9000Launch	NewPadVibration2
0x0100a002	NewRunTelop_Trial_a002Launch	NewRunTelop_Trial
0x01006028	NewDemoBladeFlow_6028Launch	NewDemoBladeFlow
0x01006000	NewSpark_6000Launch	NewSpark
0x01002003	NewSlowParamMan_prog_2003Launch	NewSlowParamMan_prog
0x01006005	NewDemoBulletCall_6005Launch	NewDemoBulletCall
0x01007103	NewLineSmoke_7103Launch	NewLineSmoke
0x0100600b	NewBombGasEffect_600bLaunch	NewBombGasEffect
0x01006024	NewDemoBladeSpark_6024Launch	NewDemoBladeSpark
0x0100600e	NewTs_Spark_600eLaunch	NewTs_Spark
0x01007101	NewCommonSmoke_7101Launch	NewCommonSmoke


/* Demo Model List
ssk.mdl
demo_usp.mdl
ssk.mdl
demo_usp.mdl
demo_dummy.mdl
demo_dummy.mdl
demo_dummy.mdl
demo_dummy.mdl
demo_usp.mdl
demo_org_skcover.mdl
ssk.mdl
demo_org_hut.mdl
demo_pss.mdl
org_def_addhand_mh_mt.mdl
org_def_sleepface_sh_mt
org_def.mdl
org_def_sleepface_sh_mt
m92_sub.mdl
sna_def_mh.mdl
sna_def.mdl
demo_dummy.mdl
m92_sub.mdl
sna_def_mh.mdl
sna_def
ssk.mdl
demo_org_skcover.mdl
rad.mdl
demo_usp.mdl
demo_org_hut.mdl
rad.mdl
demo_pss.mdl
org_def.mdl
org_def_sleepface_sh_mt
kck_trot.mdl
kck_mrot.mdl
kck_504.mdl
gbs_def_mt.mdl
rad.mdl
crg_hut_mt.mdl
crg_def_mh_mt.mdl
sna_def.mdl
sna_skl3.cv2
splash05_alp.bmp
splash07_alp.bmp
org_sgl.cv2
splash05_alp.bmp
splash07_alp.bmp
splash05_alp.bmp
splash07_alp.bmp
splash05_alp.bmp
splash07_alp.bmp
org_gbhlst.kms
org_sk_cover.kms
org_radio.kms
col256_bld100.bmp
col256_bld100.bmp
light05_msk.bmp
t05a1D_sna_rise.vib
alpha03_alp_ovl.bmp
col256_bld100.bmp
alpha03_alp_ovl.bmp
col256_bld100.bmp
bombgas6_alp.bmp
smoke_lp1_alp.bmp
smoke_lp1_alp.bmp
smoke_lp1_alp.bmp
smoke_lp1_alp.bmp
smoke_lp1_alp.bmp
smoke_lp1_alp.bmp
smoke_lp1_alp.bmp
smoke_lp1_alp.bmp
smoke_lp1_alp.bmp
smoke_lp1_alp.bmp
ssk_bul.kms
ssk_bul.kms
ssk_bul.kms
ssk_bul.kms
ssk_bul.kms
alpha03_alp_ovl.bmp
col256_bld100.bmp
alpha03_alp_ovl.bmp
col256_bld100.bmp
alpha03_alp_ovl.bmp
col256_bld100.bmp
t05a1D_wave.vib
t05a1D_cap_through.vib
splash05_alp.bmp
splash07_alp.bmp
org_sgl.cv2
splash05_alp.bmp
splash07_alp.bmp
splash05_alp.bmp
splash07_alp.bmp
org_gbhlst.kms
org_sk_cover.kms
org_radio.kms
t05a1D_sna_menace.vib
sna_bdn1.kms
sna_mag1.kms
sna_mag2.kms
sna_mag3.kms
sna_mag4.kms
sna_bdn2.kms
sna_skl3.cv2
splash05_alp.bmp
splash07_alp.bmp
splash05_alp.bmp
splash07_alp.bmp
splash05_alp.bmp
splash07_alp.bmp
splash05_alp.bmp
splash07_alp.bmp
sna_skl3.cv2
splash05_alp.bmp
splash07_alp.bmp
splash05_alp.bmp
splash07_alp.bmp
sna_bdn1.kms
sna_bdn2.kms
org_sgl.cv2
splash05_alp.bmp
splash07_alp.bmp
org_sgl.cv2
splash05_alp.bmp
splash07_alp.bmp
sna_mag1.kms
sna_mag2.kms
sna_mag3.kms
sna_mag4.kms
foot_shadow_cm.kms
org_sgl.cv2
org_sgl.cv2
org_gbhlst.kms
org_sk_cover.kms
org_radio.kms
splash05_alp.bmp
splash07_alp.bmp
*/
