0x01000001	NewFarFocusEffect_0001Launch	NewFarFocusEffect
0x01001006	NewPutAttachments_1006Launch	NewPutAttachments
0x01001007	NewPutAttachments_1007Launch	NewPutAttachments
0x01000002	NewNearFocusEffect_0002Launch	NewNearFocusEffect
0x01000007	DM_ChangeParallel_0007Launch	DM_ChangeParallel
0x01008000	DM_SendEffectMessage_8000Launch	DM_SendEffectMessage
0x01004001	DM_SendEffectMessage_4001Launch	DM_SendEffectMessage
0x01000104	NewBodySplash3_0104Launch	NewBodySplash3
0x01000103	NewFootSplash_0103Launch	NewFootSplash
0x01003000	NewRopeModel3_called_3000Launch	NewRopeModel3_called
0x01000100	NewSplashMotion_Demo_0100Launch	NewSplashMotion_Demo
0x01000000	NewFogSet_Demo_0000Launch	NewFogSet_Demo
0x010fff01	DM_ExecProc_fff01Launch	DM_ExecProc
0x01000008	NewFadeInOutForce_Demo_0008Launch	NewFadeInOutForce_Demo
0x010fff02	DM_SetClipParam_fff02Launch	DM_SetClipParam
0x010fff00	DM_DebugPrint_fff00Launch	DM_DebugPrint
0x01009000	NewPadVibration2_9000Launch	NewPadVibration2
0x01000004	NewRainCamera_Demo_0004Launch	NewRainCamera_Demo


/* Demo Model List
cyp_sh.mdl
cyp_sh.mdl
demo_usp.mdl
sna_def_addhand_mh_mt.mdl
sna_def.mdl
demo_usp.mdl
demo_usp.mdl
demo_usp.mdl
m92_sub.mdl
sna_def_mh.mdl
sna_def
org_def.mdl
org_def_sleepface_sh_mt
splash05_alp.bmp
splash07_alp.bmp
cyp_sh.cv2
splash05_alp.bmp
splash07_alp.bmp
splash05_alp.bmp
splash07_alp.bmp
splash05_alp.bmp
splash07_alp.bmp
cyp_sh.cv2
splash05_alp.bmp
splash07_alp.bmp
splash05_alp.bmp
splash07_alp.bmp
splash05_alp.bmp
splash07_alp.bmp
cyp_sh.cv2
splash05_alp.bmp
splash07_alp.bmp
splash05_alp.bmp
splash07_alp.bmp
splash05_alp.bmp
splash07_alp.bmp
cyp_sh.cv2
splash05_alp.bmp
splash07_alp.bmp
splash05_alp.bmp
splash07_alp.bmp
splash05_alp.bmp
splash07_alp.bmp
cyp_sh.cv2
splash05_alp.bmp
splash07_alp.bmp
splash05_alp.bmp
splash07_alp.bmp
splash05_alp.bmp
splash07_alp.bmp
cyp_sh.cv2
splash05_alp.bmp
splash07_alp.bmp
splash05_alp.bmp
splash07_alp.bmp
splash05_alp.bmp
splash07_alp.bmp
cyp_sh.cv2
splash05_alp.bmp
splash07_alp.bmp
splash05_alp.bmp
splash07_alp.bmp
splash05_alp.bmp
splash07_alp.bmp
cyp_sh.cv2
splash05_alp.bmp
splash07_alp.bmp
splash05_alp.bmp
splash07_alp.bmp
splash05_alp.bmp
splash07_alp.bmp
cyp_sh.cv2
splash05_alp.bmp
splash07_alp.bmp
splash05_alp.bmp
splash07_alp.bmp
t06a1D_sna_touch.vib
splash05_alp.bmp
splash07_alp.bmp
org_sgl.cv2
splash05_alp.bmp
splash07_alp.bmp
splash05_alp.bmp
splash07_alp.bmp
splash05_alp.bmp
splash07_alp.bmp
splash05_alp.bmp
splash07_alp.bmp
splash05_alp.bmp
splash07_alp.bmp
splash05_alp.bmp
splash07_alp.bmp
splash05_alp.bmp
splash07_alp.bmp
splash05_alp.bmp
splash07_alp.bmp
splash05_alp.bmp
splash07_alp.bmp
splash05_alp.bmp
splash07_alp.bmp
splash05_alp.bmp
splash07_alp.bmp
splash05_alp.bmp
splash07_alp.bmp
splash05_alp.bmp
splash07_alp.bmp
splash05_alp.bmp
splash07_alp.bmp
sna_bdn1.kms
sna_bdn1.kms
splash05_alp.bmp
splash07_alp.bmp
splash05_alp.bmp
splash07_alp.bmp
sna_skl3.cv2
splash05_alp.bmp
splash07_alp.bmp
splash05_alp.bmp
splash07_alp.bmp
org_gbhlst.kms
org_sk_cover.kms
org_radio.kms
org_gbhlst.kms
org_sk_cover.kms
org_radio.kms
sna_mag1.kms
sna_mag2.kms
sna_mag3.kms
sna_mag4.kms
sna_mag1.kms
sna_mag2.kms
sna_mag3.kms
sna_mag4.kms
*/
