0x01001002	NewEneEquip_1002Launch	NewEneEquip
0x0100100d	NewEyeControl_100dLaunch	NewEyeControl
0x01000011	NewBlur_Demo_0011Launch	NewBlur_Demo
0x01008000	DM_SendEffectMessage_8000Launch	DM_SendEffectMessage
0x01003000	NewRopeModel3_called_3000Launch	NewRopeModel3_called
0x01000001	NewFarFocusEffect_0001Launch	NewFarFocusEffect
0x010fff05	NewDemoEffectInitialize_fff05Launch	NewDemoEffectInitialize
0x01001021	NewDependArms_USP_SP_1021Launch	NewDependArms_USP_SP
0x01000002	NewNearFocusEffect_0002Launch	NewNearFocusEffect
0x01000008	NewFadeInOutForce_Demo_0008Launch	NewFadeInOutForce_Demo
0x01000000	NewFogSet_Demo_0000Launch	NewFogSet_Demo
0x01001006	NewPutAttachments_1006Launch	NewPutAttachments
0x01000006	DM_ChangeAmbient_0006Launch	DM_ChangeAmbient
0x010ffff0	DM_ControlChange_ffff0Launch	DM_ControlChange
0x01000007	DM_ChangeParallel_0007Launch	DM_ChangeParallel
0x010fff00	DM_DebugPrint_fff00Launch	DM_DebugPrint
0x01009000	NewPadVibration2_9000Launch	NewPadVibration2
0x01001001	NewShadow_1001Launch	NewShadow
0x010fff01	DM_ExecProc_fff01Launch	DM_ExecProc
0x01001000	NewDropShadow_1000Launch	NewDropShadow


/* Demo Model List
demo_dummy.mdl
demo_dr_handle.mdl
demo_dr_handle.mdl
demo_dr_body.mdl
aks_sp.mdl
aks_sp.mdl
rad.mdl
gbs_def.mdl
gbs_def.mdl
gbs_def.mdl
usp_sub.mdl
usp_amo.mdl
sna_def_mh.mdl
sna_def.mdl
aks_sp.kms
gbs_hlst.kms
gbs_knif.kms
gbs_mag.kms
gbs_bp.kms
aks_sp.kms
gbs_hlst.kms
gbs_knif.kms
gbs_mag.kms
gbs_bp.kms
aks_sp.kms
gbs_hlst.kms
gbs_knif.kms
gbs_mag.kms
gbs_bp.kms
aks_sp.kms
gbs_hlst.kms
gbs_knif.kms
gbs_mag.kms
gbs_bp.kms
t08a1D_sna_hide.vib
aks_sp.kms
gbs_hlst.kms
gbs_knif.kms
gbs_mag.kms
gbs_bp.kms
aks_sp.kms
aks_sp.kms
gbs_hlst.kms
gbs_knif.kms
gbs_mag.kms
gbs_bp.kms
aks_sp.kms
gbs_hlst.kms
gbs_knif.kms
gbs_mag.kms
gbs_bp.kms
aks_sp.kms
gbs_hlst.kms
gbs_knif.kms
gbs_mag.kms
gbs_bp.kms
foot_shadow_cm.kms
foot_shadow_cm.kms
foot_shadow_cm.kms
t08a1D_sna_setup02.vib
t08a1D_sna_setup01.vib
sna_mag1.kms
sna_mag2.kms
sna_mag3.kms
sna_mag4.kms
demo_usp_supressor.kms
aks_sp.kms
gbs_hlst.kms
gbs_knif.kms
gbs_mag.kms
gbs_bp.kms
aks_sp.kms
gbs_hlst.kms
gbs_knif.kms
gbs_mag.kms
gbs_bp.kms
sna_bdn1.kms
sna_bdn2.kms
aks_sp.kms
gbs_hlst.kms
gbs_knif.kms
gbs_mag.kms
gbs_bp.kms
*/
