0x010fff04	NewControlBoy_fff04Launch	NewControlBoy
0x01001010	NewArmsEffectControl_1010Launch	NewArmsEffectControl
0x01001006	NewPutAttachments_1006Launch	NewPutAttachments
0x01001013	NewEyeControl2_1013Launch	NewEyeControl2
0x01008000	DM_SendEffectMessage_8000Launch	DM_SendEffectMessage
0x01007102	NewDynamicFlow_Demo_7102Launch	NewDynamicFlow_Demo
0x01006010	NewMesgBomb2_6010Launch	NewMesgBomb2
0x010fff05	NewDemoEffectInitialize_fff05Launch	NewDemoEffectInitialize
0x01003000	NewRopeModel3_called_3000Launch	NewRopeModel3_called
0x01001021	NewDependArms_USP_SP_1021Launch	NewDependArms_USP_SP
0x01002004	NewLocalWind2_Demo_2004Launch	NewLocalWind2_Demo
0x01000011	NewBlur_Demo_0011Launch	NewBlur_Demo
0x01000008	NewFadeInOutForce_Demo_0008Launch	NewFadeInOutForce_Demo
0x01000002	NewNearFocusEffect_0002Launch	NewNearFocusEffect
0x01000001	NewFarFocusEffect_0001Launch	NewFarFocusEffect
0x01000000	NewFogSet_Demo_0000Launch	NewFogSet_Demo
0x01000006	DM_ChangeAmbient_0006Launch	DM_ChangeAmbient
0x010ffff0	DM_ControlChange_ffff0Launch	DM_ControlChange
0x01000007	DM_ChangeParallel_0007Launch	DM_ChangeParallel
0x0100600e	NewTs_Spark_600eLaunch	NewTs_Spark
0x010fff00	DM_DebugPrint_fff00Launch	DM_DebugPrint
0x01000012	NewCrossFadeEffect_0012Launch	NewCrossFadeEffect
0x01001000	NewDropShadow_1000Launch	NewDropShadow
0x01003010	NewWavingClothModelW_called_3010Launch	NewWavingClothModelW_called
0x01009000	NewPadVibration2_9000Launch	NewPadVibration2
0x01003004	NewRopeModel3_called_3004Launch	NewRopeModel3_called
0x01001002	NewEneEquip_1002Launch	NewEneEquip
0x010fff01	DM_ExecProc_fff01Launch	DM_ExecProc
0x01007003	AN_Blood_Mist_7003Launch	AN_Blood_Mist
0x01007001	NewBlood_Demo_7001Launch	NewBlood_Demo
0x01007002	NewBlood2_Demo_7002Launch	NewBlood2_Demo
0x0100600b	NewBombGasEffect_600bLaunch	NewBombGasEffect
0x01002002	NewLocalWind_Demo_2002Launch	NewLocalWind_Demo
0x01002003	NewSlowParamMan_prog_2003Launch	NewSlowParamMan_prog


/* Demo Model List
demo_usp_supressor.mdl
demo_dr_handle.mdl
demo_dr_body2.mdl
demo_dr_handle.mdl
demo_dr_handle.mdl
demo_dr_body.mdl
usp_amo.mdl
usp_sub.mdl
saa.mdl
saa.mdl
saa.mdl
rev_coat.mdl
rev_def_shadow.mdl
gbs_def.mdl
sna_def_mh.mdl
sna_def.mdl
rev_parts_coat.rwv
rev_coat_bounding.kms
rev_parts_coat.rwv
rev_coat_bounding.kms
rev_parts_coat.rwv
rev_coat_bounding.kms
aks_sp.kms
gbs_hlst.kms
gbs_knif.kms
gbs_mag.kms
gbs_bp.kms
bombgas6_alp.bmp
rev_parts_coat.rwv
rev_coat_bounding.kms
rev_parts_coat.rwv
rev_coat_bounding.kms
demo_usp_supressor.kms
t09a1D_sna_handle02.vib
aks_sp.kms
gbs_hlst.kms
gbs_knif.kms
gbs_mag.kms
gbs_bp.kms
t09a1D_sna_handle01.vib
rev_hair_fix.kms
rev_coat_bounding.kms
t09a1D_sna_handle01.vib
rev_parts_coat.rwv
rev_coat_bounding.kms
demo_usp_supressor.kms
bombgas6_alp.bmp
chi01_msk.bmp
col256_bld100.bmp
bombgas6_alp.bmp
chi01_msk.bmp
col256_bld100.bmp
bombgas6_alp.bmp
chi01_msk.bmp
col256_bld100.bmp
bombgas6_alp.bmp
chi01_msk.bmp
col256_bld100.bmp
bombgas6_alp.bmp
bombgas6_alp.bmp
chi01_msk.bmp
col256_bld100.bmp
col256_bld100.bmp
col256_bld100.bmp
bombgas6_alp.bmp
chi01_msk.bmp
col256_bld100.bmp
col256_bld100.bmp
bombgas6_alp.bmp
chi01_msk.bmp
col256_bld100.bmp
bombgas6_alp.bmp
chi01_msk.bmp
col256_bld100.bmp
bombgas6_alp.bmp
chi01_msk.bmp
col256_bld100.bmp
sna_bdn1.kms
demo_usp_supressor.kms
sna_bdn2.kms
bombgas6_alp.bmp
chi01_msk.bmp
col256_bld100.bmp
bombgas6_alp.bmp
sna_mag1.kms
sna_mag2.kms
sna_mag3.kms
sna_mag4.kms
*/
