0x01000001	NewFarFocusEffect_0001Launch	NewFarFocusEffect
0x01003000	NewRopeModel3_called_3000Launch	NewRopeModel3_called
0x010fff04	NewControlBoy_fff04Launch	NewControlBoy
0x0100100f	NewDemoArkms_100fLaunch	NewDemoArkms
0x010fff01	DM_ExecProc_fff01Launch	DM_ExecProc
0x01008000	DM_SendEffectMessage_8000Launch	DM_SendEffectMessage
0x01000008	NewFadeInOutForce_Demo_0008Launch	NewFadeInOutForce_Demo
0x01000011	NewBlur_Demo_0011Launch	NewBlur_Demo
0x010fff05	NewDemoEffectInitialize_fff05Launch	NewDemoEffectInitialize
0x01006007	NewDebris_Cm_Demo_6007Launch	NewDebris_Cm_Demo
0x01000002	NewNearFocusEffect_0002Launch	NewNearFocusEffect
0x01001006	NewPutAttachments_1006Launch	NewPutAttachments
0x0100b000	NewWaterLevelControl_Demo_b000Launch	NewWaterLevelControl_Demo
0x0100d001	NewRayEye_d001Launch	NewRayEye
0x01001013	NewEyeControl2_1013Launch	NewEyeControl2
0x01000000	NewFogSet_Demo_0000Launch	NewFogSet_Demo
0x01000006	DM_ChangeAmbient_0006Launch	DM_ChangeAmbient
0x010ffff0	DM_ControlChange_ffff0Launch	DM_ControlChange
0x01000007	DM_ChangeParallel_0007Launch	DM_ChangeParallel
0x01001002	NewEneEquip_1002Launch	NewEneEquip
0x01009000	NewPadVibration2_9000Launch	NewPadVibration2
0x01006010	NewMesgBomb2_6010Launch	NewMesgBomb2
0x01000107	NewWaveSplash_Demo_0107Launch	NewWaveSplash_Demo
0x01001010	NewArmsEffectControl_1010Launch	NewArmsEffectControl
0x0100600e	NewTs_Spark_600eLaunch	NewTs_Spark
0x0100600b	NewBombGasEffect_600bLaunch	NewBombGasEffect
0x010fff03	NewDemoFrameCountCall_fff03Launch	NewDemoFrameCountCall
0x01006009	NewBombEffect_6009Launch	NewBombEffect
0x01000004	NewRainCamera_Demo_0004Launch	NewRainCamera_Demo
0x01000013	NewCrossFadeEffectCustom_0013Launch	NewCrossFadeEffectCustom
0x0100b003	NewSplushTidal_b003Launch	NewSplushTidal
0x01000014	NewScrWater_Demo_0014Launch	NewScrWater_Demo
0x01000015	NewScrConcentrateBlur_0015Launch	NewScrConcentrateBlur
0x01000003	NewFadeInOut_Demo_0003Launch	NewFadeInOut_Demo
0x0100d002	NewWaterPollute_demo_d002Launch	NewWaterPollute_demo
0x01000108	NewWallTidal_0108Launch	NewWallTidal


/* Demo Model List
w04c1_brk_lit.mdl
w04c1_brk_lit.mdl
w04c1_brk_lit.mdl
w04c1_brk_lit.mdl
w04c1_brk_lit.mdl
w04c1_brk_lit.mdl
w04c1_brk_lit.mdl
w04c1_brk_lit.mdl
w04c1_brk_lit.mdl
w04c1_brk_lit.mdl
w04c1_brk_lit.mdl
w04c1_brk_lit.mdl
w04c_brk_pipe.mdl
w04a1_brk_wall_hahen.mdl
w04c1_brk_hang_r.mdl
w04c1_brk_hang_l.mdl
w04c1_brk_cat.mdl
gbs_def.mdl
gba_def_mt.mdl
gbs_def.mdl
gbs_def.mdl
gbs_def.mdl
m4b_gl.mdl
m4b_gl.mdl
m4b_gl.mdl
demo_m4_grn_barel_usm.mdl
demo_m4_grn_usm.mdl
obj_helmet_def_s.mdl
gbs_def.mdl
gbs_def.mdl
gbs_def.mdl
gbs_def.mdl
gbs_def.mdl
gbs_def.mdl
gbs_def.mdl
ray_canopy_mt.mdl
test_ray_kousyuu_area.mdl
ray_def_mt.mdl
sna_def_mh.mdl
sna_def.mdl
bombgas6_alp.bmp
chi01_msk.bmp
col256_bld100.bmp
bombgas6_alp.bmp
chi01_msk.bmp
col256_bld100.bmp
bombgas6_alp.bmp
chi01_msk.bmp
col256_bld100.bmp
bombgas6_alp.bmp
chi01_msk.bmp
col256_bld100.bmp
splash05_alp.bmp
bombgas6_alp.bmp
splash07_alp.bmp
bombgas6_alp.bmp
chi01_msk.bmp
col256_bld100.bmp
bombgas6_alp.bmp
chi01_msk.bmp
col256_bld100.bmp
bombgas6_alp.bmp
chi01_msk.bmp
col256_bld100.bmp
bombgas6_alp.bmp
chi01_msk.bmp
col256_bld100.bmp
bombgas6_alp.bmp
chi01_msk.bmp
col256_bld100.bmp
bombgas6_alp.bmp
chi01_msk.bmp
col256_bld100.bmp
bombgas6_alp.bmp
chi01_msk.bmp
col256_bld100.bmp
bombgas6_alp.bmp
chi01_msk.bmp
col256_bld100.bmp
bombgas6_alp.bmp
chi01_msk.bmp
col256_bld100.bmp
bombgas6_alp.bmp
chi01_msk.bmp
col256_bld100.bmp
bombgas6_alp.bmp
chi01_msk.bmp
col256_bld100.bmp
bombgas6_alp.bmp
chi01_msk.bmp
col256_bld100.bmp
bombgas6_alp.bmp
chi01_msk.bmp
col256_bld100.bmp
splash05_alp.bmp
bombgas6_alp.bmp
splash07_alp.bmp
bombgas6_alp.bmp
chi01_msk.bmp
col256_bld100.bmp
bombgas6_alp.bmp
chi01_msk.bmp
col256_bld100.bmp
bombgas6_alp.bmp
chi01_msk.bmp
col256_bld100.bmp
bombgas6_alp.bmp
chi01_msk.bmp
col256_bld100.bmp
bombgas6_alp.bmp
chi01_msk.bmp
col256_bld100.bmp
bombgas6_alp.bmp
chi01_msk.bmp
col256_bld100.bmp
splash05_alp.bmp
splash03_alp.bmp
splash07_alp.bmp
splash05_alp.bmp
splash03_alp.bmp
splash07_alp.bmp
bombgas6_alp.bmp
chi01_msk.bmp
col256_bld100.bmp
splash05_alp.bmp
splash03_alp.bmp
splash07_alp.bmp
bombgas6_alp.bmp
chi01_msk.bmp
col256_bld100.bmp
bombgas6_alp.bmp
chi01_msk.bmp
col256_bld100.bmp
bombgas6_alp.bmp
chi01_msk.bmp
col256_bld100.bmp
bombgas6_alp.bmp
chi01_msk.bmp
col256_bld100.bmp
bombgas6_alp.bmp
chi01_msk.bmp
col256_bld100.bmp
bombgas6_alp.bmp
chi01_msk.bmp
col256_bld100.bmp
bombgas6_alp.bmp
chi01_msk.bmp
col256_bld100.bmp
ray_eye_blur_alp.bmp
ray_eye_bonbori_alp.bmp
t12a5D_sna_down.vib
bombgas6_alp.bmp
chi01_msk.bmp
col256_bld100.bmp
bombgas6_alp.bmp
chi01_msk.bmp
col256_bld100.bmp
bombgas6_alp.bmp
chi01_msk.bmp
col256_bld100.bmp
splash05_alp.bmp
bombgas6_alp.bmp
splash07_alp.bmp
bombgas6_alp.bmp
chi01_msk.bmp
col256_bld100.bmp
bombgas6_alp.bmp
chi01_msk.bmp
col256_bld100.bmp
bombgas6_alp.bmp
chi01_msk.bmp
col256_bld100.bmp
bombgas6_alp.bmp
chi01_msk.bmp
col256_bld100.bmp
bombgas6_alp.bmp
chi01_msk.bmp
col256_bld100.bmp
bombgas6_alp.bmp
chi01_msk.bmp
col256_bld100.bmp
bombgas6_alp.bmp
chi01_msk.bmp
col256_bld100.bmp
bombgas6_alp.bmp
chi01_msk.bmp
col256_bld100.bmp
bombgas6_alp.bmp
chi01_msk.bmp
col256_bld100.bmp
bombgas6_alp.bmp
chi01_msk.bmp
col256_bld100.bmp
bombgas6_alp.bmp
chi01_msk.bmp
col256_bld100.bmp
ray_eye_blur_alp.bmp
ray_eye_bonbori_alp.bmp
bombgas6_alp.bmp
chi01_msk.bmp
col256_bld100.bmp
bombgas6_alp.bmp
chi01_msk.bmp
col256_bld100.bmp
bombgas6_alp.bmp
chi01_msk.bmp
col256_bld100.bmp
bombgas6_alp.bmp
chi01_msk.bmp
col256_bld100.bmp
splash05_alp.bmp
bombgas6_alp.bmp
splash07_alp.bmp
bombgas6_alp.bmp
chi01_msk.bmp
col256_bld100.bmp
bombgas6_alp.bmp
chi01_msk.bmp
col256_bld100.bmp
bombgas6_alp.bmp
chi01_msk.bmp
col256_bld100.bmp
bombgas6_alp.bmp
chi01_msk.bmp
col256_bld100.bmp
bombgas6_alp.bmp
chi01_msk.bmp
col256_bld100.bmp
bombgas6_alp.bmp
chi01_msk.bmp
col256_bld100.bmp
bombgas6_alp.bmp
chi01_msk.bmp
col256_bld100.bmp
bombgas6_alp.bmp
chi01_msk.bmp
col256_bld100.bmp
bombgas6_alp.bmp
chi01_msk.bmp
col256_bld100.bmp
bombgas6_alp.bmp
chi01_msk.bmp
col256_bld100.bmp
bombgas6_alp.bmp
chi01_msk.bmp
col256_bld100.bmp
bombgas6_alp.bmp
chi01_msk.bmp
col256_bld100.bmp
bombgas6_alp.bmp
chi01_msk.bmp
col256_bld100.bmp
bombgas6_alp.bmp
chi01_msk.bmp
col256_bld100.bmp
splash05_alp.bmp
bombgas6_alp.bmp
splash07_alp.bmp
bombgas6_alp.bmp
chi01_msk.bmp
col256_bld100.bmp
ray_eye_blur_alp.bmp
ray_eye_bonbori_alp.bmp
ray_eye_blur_alp.bmp
ray_eye_bonbori_alp.bmp
drop01_msk.bmp
blood_1c_msk.bmp
t12a5D_rey_water.vib
ray_eye_blur_alp.bmp
ray_eye_bonbori_alp.bmp
ray_eye_blur_alp.bmp
ray_eye_bonbori_alp.bmp
bombgas6_alp.bmp
chi01_msk.bmp
col256_bld100.bmp
bombgas6_alp.bmp
chi01_msk.bmp
col256_bld100.bmp
bombgas6_alp.bmp
chi01_msk.bmp
col256_bld100.bmp
bombgas6_alp.bmp
chi01_msk.bmp
col256_bld100.bmp
bombgas6_alp.bmp
chi01_msk.bmp
col256_bld100.bmp
ray_eye_blur_alp.bmp
ray_eye_bonbori_alp.bmp
bombgas6_alp.bmp
chi01_msk.bmp
col256_bld100.bmp
bombgas6_alp.bmp
chi01_msk.bmp
col256_bld100.bmp
cbx_a_frg1_cm.kms
bombgas6_alp.bmp
chi01_msk.bmp
col256_bld100.bmp
bombgas6_alp.bmp
chi01_msk.bmp
col256_bld100.bmp
bombgas6_alp.bmp
chi01_msk.bmp
col256_bld100.bmp
bombgas6_alp.bmp
chi01_msk.bmp
col256_bld100.bmp
bombgas6_alp.bmp
chi01_msk.bmp
col256_bld100.bmp
bombgas6_alp.bmp
chi01_msk.bmp
col256_bld100.bmp
bombgas6_alp.bmp
chi01_msk.bmp
col256_bld100.bmp
bombgas6_alp.bmp
chi01_msk.bmp
col256_bld100.bmp
bombgas6_alp.bmp
chi01_msk.bmp
col256_bld100.bmp
bombgas6_alp.bmp
chi01_msk.bmp
col256_bld100.bmp
bombgas6_alp.bmp
chi01_msk.bmp
col256_bld100.bmp
bombgas6_alp.bmp
chi01_msk.bmp
col256_bld100.bmp
bombgas6_alp.bmp
chi01_msk.bmp
col256_bld100.bmp
bombgas6_alp.bmp
chi01_msk.bmp
col256_bld100.bmp
bombgas6_alp.bmp
chi01_msk.bmp
col256_bld100.bmp
bombgas6_alp.bmp
chi01_msk.bmp
col256_bld100.bmp
bombgas6_alp.bmp
chi01_msk.bmp
col256_bld100.bmp
bombgas6_alp.bmp
chi01_msk.bmp
col256_bld100.bmp
t12a5D_rey_drink.vib
bombgas6_alp.bmp
chi01_msk.bmp
col256_bld100.bmp
bombgas6_alp.bmp
ray_eye_blur_alp.bmp
ray_eye_bonbori_alp.bmp
cbx_a_frg1_cm.kms
bombgas6_alp.bmp
chi01_msk.bmp
col256_bld100.bmp
bombgas6_alp.bmp
chi01_msk.bmp
col256_bld100.bmp
bombgas6_alp.bmp
chi01_msk.bmp
col256_bld100.bmp
bombgas6_alp.bmp
chi01_msk.bmp
col256_bld100.bmp
bombgas6_alp.bmp
chi01_msk.bmp
col256_bld100.bmp
bombgas6_alp.bmp
chi01_msk.bmp
col256_bld100.bmp
t12a5D_rey_step03.vib
t12a5D_sna_wakeup.vib
ray_eye_blur_alp.bmp
ray_eye_bonbori_alp.bmp
cbx_a_frg1_cm.kms
cbx_a_frg1_cm.kms
bombgas6_alp.bmp
chi01_msk.bmp
col256_bld100.bmp
bombgas6_alp.bmp
chi01_msk.bmp
col256_bld100.bmp
bombgas6_alp.bmp
chi01_msk.bmp
col256_bld100.bmp
bombgas6_alp.bmp
chi01_msk.bmp
col256_bld100.bmp
bombgas6_alp.bmp
chi01_msk.bmp
col256_bld100.bmp
cbx_a_frg1_cm.kms
bombgas6_alp.bmp
chi01_msk.bmp
col256_bld100.bmp
bombgas6_alp.bmp
chi01_msk.bmp
col256_bld100.bmp
ray_eye_blur_alp.bmp
ray_eye_bonbori_alp.bmp
cbx_a_frg1_cm.kms
bombgas6_alp.bmp
chi01_msk.bmp
col256_bld100.bmp
cbx_a_frg1_cm.kms
cbx_a_frg1_cm.kms
t12a5D_rey_kick.vib
ray_eye_blur_alp.bmp
ray_eye_bonbori_alp.bmp
ray_eye_blur_alp.bmp
ray_eye_bonbori_alp.bmp
ray_eye_blur_alp.bmp
ray_eye_bonbori_alp.bmp
ray_eye_blur_alp.bmp
ray_eye_bonbori_alp.bmp
bombgas6_alp.bmp
bombgas6_alp.bmp
bombgas6_alp.bmp
bombgas6_alp.bmp
bombgas6_alp.bmp
bombgas6_alp.bmp
chi01_msk.bmp
col256_bld100.bmp
bombgas6_alp.bmp
chi01_msk.bmp
col256_bld100.bmp
t12a5D_grenade.vib
bombgas6_alp.bmp
chi01_msk.bmp
col256_bld100.bmp
bombgas6_alp.bmp
chi01_msk.bmp
col256_bld100.bmp
t12a5D_grenade.vib
t12a5D_grenade.vib
bombgas6_alp.bmp
chi01_msk.bmp
col256_bld100.bmp
col256_bld100.bmp
cbx_a_frg1_cm.kms
bombgas6_alp.bmp
chi01_msk.bmp
col256_bld100.bmp
t12a5D_grenade.vib
bombgas6_alp.bmp
chi01_msk.bmp
col256_bld100.bmp
bombgas6_alp.bmp
chi01_msk.bmp
col256_bld100.bmp
bombgas6_alp.bmp
chi01_msk.bmp
col256_bld100.bmp
bombgas6_alp.bmp
chi01_msk.bmp
col256_bld100.bmp
bombgas6_alp.bmp
chi01_msk.bmp
col256_bld100.bmp
t12a5D_grenade.vib
bombgas6_alp.bmp
chi01_msk.bmp
col256_bld100.bmp
bombgas6_alp.bmp
chi01_msk.bmp
col256_bld100.bmp
t12a5D_grenade.vib
bombgas6_alp.bmp
chi01_msk.bmp
col256_bld100.bmp
bombgas6_alp.bmp
chi01_msk.bmp
col256_bld100.bmp
col256_bld100.bmp
bombgas6_alp.bmp
chi01_msk.bmp
col256_bld100.bmp
t12a5D_grenade.vib
bombgas6_alp.bmp
chi01_msk.bmp
col256_bld100.bmp
bombgas6_alp.bmp
chi01_msk.bmp
col256_bld100.bmp
col256_bld100.bmp
bombgas6_alp.bmp
chi01_msk.bmp
col256_bld100.bmp
bombgas6_alp.bmp
chi01_msk.bmp
col256_bld100.bmp
t12a5D_grenade.vib
bombgas6_alp.bmp
chi01_msk.bmp
col256_bld100.bmp
cbx_a_frg1_cm.kms
ray_eye_blur_alp.bmp
ray_eye_bonbori_alp.bmp
col256_bld100.bmp
cbx_a_frg1_cm.kms
ray_eye_blur_alp.bmp
ray_eye_bonbori_alp.bmp
bombgas6_alp.bmp
chi01_msk.bmp
col256_bld100.bmp
bombgas6_alp.bmp
chi01_msk.bmp
col256_bld100.bmp
bombgas6_alp.bmp
chi01_msk.bmp
col256_bld100.bmp
bombgas6_alp.bmp
chi01_msk.bmp
col256_bld100.bmp
bombgas6_alp.bmp
chi01_msk.bmp
col256_bld100.bmp
bombgas6_alp.bmp
chi01_msk.bmp
col256_bld100.bmp
bombgas6_alp.bmp
chi01_msk.bmp
col256_bld100.bmp
bombgas6_alp.bmp
chi01_msk.bmp
col256_bld100.bmp
bombgas6_alp.bmp
chi01_msk.bmp
col256_bld100.bmp
bombgas6_alp.bmp
chi01_msk.bmp
col256_bld100.bmp
bombgas6_alp.bmp
chi01_msk.bmp
col256_bld100.bmp
bombgas6_alp.bmp
chi01_msk.bmp
col256_bld100.bmp
bombgas6_alp.bmp
chi01_msk.bmp
col256_bld100.bmp
bombgas6_alp.bmp
chi01_msk.bmp
col256_bld100.bmp
bombgas6_alp.bmp
chi01_msk.bmp
col256_bld100.bmp
bombgas6_alp.bmp
chi01_msk.bmp
col256_bld100.bmp
bombgas6_alp.bmp
chi01_msk.bmp
col256_bld100.bmp
bombgas6_alp.bmp
chi01_msk.bmp
col256_bld100.bmp
bombgas6_alp.bmp
chi01_msk.bmp
col256_bld100.bmp
bombgas6_alp.bmp
chi01_msk.bmp
col256_bld100.bmp
bombgas6_alp.bmp
chi01_msk.bmp
col256_bld100.bmp
bombgas6_alp.bmp
chi01_msk.bmp
col256_bld100.bmp
bombgas6_alp.bmp
chi01_msk.bmp
col256_bld100.bmp
bombgas6_alp.bmp
chi01_msk.bmp
col256_bld100.bmp
bombgas6_alp.bmp
chi01_msk.bmp
col256_bld100.bmp
bombgas6_alp.bmp
chi01_msk.bmp
col256_bld100.bmp
bombgas6_alp.bmp
chi01_msk.bmp
col256_bld100.bmp
bombgas6_alp.bmp
chi01_msk.bmp
col256_bld100.bmp
bombgas6_alp.bmp
chi01_msk.bmp
col256_bld100.bmp
bombgas6_alp.bmp
chi01_msk.bmp
col256_bld100.bmp
bombgas6_alp.bmp
chi01_msk.bmp
col256_bld100.bmp
bombgas6_alp.bmp
chi01_msk.bmp
col256_bld100.bmp
bombgas6_alp.bmp
chi01_msk.bmp
col256_bld100.bmp
bombgas6_alp.bmp
chi01_msk.bmp
col256_bld100.bmp
bombgas6_alp.bmp
chi01_msk.bmp
col256_bld100.bmp
bombgas6_alp.bmp
chi01_msk.bmp
col256_bld100.bmp
bombgas6_alp.bmp
chi01_msk.bmp
col256_bld100.bmp
bombgas6_alp.bmp
chi01_msk.bmp
col256_bld100.bmp
bombgas6_alp.bmp
chi01_msk.bmp
col256_bld100.bmp
bombgas6_alp.bmp
chi01_msk.bmp
col256_bld100.bmp
bombgas6_alp.bmp
chi01_msk.bmp
col256_bld100.bmp
bombgas6_alp.bmp
chi01_msk.bmp
col256_bld100.bmp
bombgas6_alp.bmp
chi01_msk.bmp
col256_bld100.bmp
bombgas6_alp.bmp
chi01_msk.bmp
col256_bld100.bmp
bombgas6_alp.bmp
chi01_msk.bmp
col256_bld100.bmp
bombgas6_alp.bmp
chi01_msk.bmp
col256_bld100.bmp
bombgas6_alp.bmp
chi01_msk.bmp
col256_bld100.bmp
bombgas6_alp.bmp
chi01_msk.bmp
col256_bld100.bmp
bombgas6_alp.bmp
chi01_msk.bmp
col256_bld100.bmp
bombgas6_alp.bmp
chi01_msk.bmp
col256_bld100.bmp
bombgas6_alp.bmp
chi01_msk.bmp
col256_bld100.bmp
bombgas6_alp.bmp
chi01_msk.bmp
col256_bld100.bmp
bombgas6_alp.bmp
chi01_msk.bmp
col256_bld100.bmp
bombgas6_alp.bmp
chi01_msk.bmp
col256_bld100.bmp
bombgas6_alp.bmp
chi01_msk.bmp
col256_bld100.bmp
bombgas6_alp.bmp
chi01_msk.bmp
col256_bld100.bmp
bombgas6_alp.bmp
chi01_msk.bmp
col256_bld100.bmp
bombgas6_alp.bmp
chi01_msk.bmp
col256_bld100.bmp
bombgas6_alp.bmp
chi01_msk.bmp
col256_bld100.bmp
bombgas6_alp.bmp
chi01_msk.bmp
col256_bld100.bmp
bombgas6_alp.bmp
chi01_msk.bmp
col256_bld100.bmp
bombgas6_alp.bmp
chi01_msk.bmp
col256_bld100.bmp
bombgas6_alp.bmp
chi01_msk.bmp
col256_bld100.bmp
bombgas6_alp.bmp
chi01_msk.bmp
col256_bld100.bmp
bombgas6_alp.bmp
chi01_msk.bmp
col256_bld100.bmp
bombgas6_alp.bmp
chi01_msk.bmp
col256_bld100.bmp
bombgas6_alp.bmp
chi01_msk.bmp
col256_bld100.bmp
bombgas6_alp.bmp
chi01_msk.bmp
col256_bld100.bmp
bombgas6_alp.bmp
chi01_msk.bmp
col256_bld100.bmp
bombgas6_alp.bmp
chi01_msk.bmp
col256_bld100.bmp
bombgas6_alp.bmp
chi01_msk.bmp
col256_bld100.bmp
bombgas6_alp.bmp
chi01_msk.bmp
col256_bld100.bmp
bombgas6_alp.bmp
chi01_msk.bmp
col256_bld100.bmp
bombgas6_alp.bmp
chi01_msk.bmp
col256_bld100.bmp
bombgas6_alp.bmp
chi01_msk.bmp
col256_bld100.bmp
bombgas6_alp.bmp
chi01_msk.bmp
col256_bld100.bmp
bombgas6_alp.bmp
chi01_msk.bmp
col256_bld100.bmp
bombgas6_alp.bmp
chi01_msk.bmp
col256_bld100.bmp
bombgas6_alp.bmp
chi01_msk.bmp
col256_bld100.bmp
bombgas6_alp.bmp
chi01_msk.bmp
col256_bld100.bmp
ray_eye_blur_alp.bmp
ray_eye_bonbori_alp.bmp
cbx_a_frg1_cm.kms
bombgas6_alp.bmp
chi01_msk.bmp
col256_bld100.bmp
bombgas6_alp.bmp
chi01_msk.bmp
col256_bld100.bmp
bombgas6_alp.bmp
chi01_msk.bmp
col256_bld100.bmp
cbx_a_frg1_cm.kms
bombgas6_alp.bmp
chi01_msk.bmp
col256_bld100.bmp
cbx_a_frg1_cm.kms
bombgas6_alp.bmp
chi01_msk.bmp
col256_bld100.bmp
bombgas6_alp.bmp
chi01_msk.bmp
col256_bld100.bmp
bombgas6_alp.bmp
chi01_msk.bmp
col256_bld100.bmp
bombgas6_alp.bmp
chi01_msk.bmp
col256_bld100.bmp
bombgas6_alp.bmp
chi01_msk.bmp
col256_bld100.bmp
bombgas6_alp.bmp
chi01_msk.bmp
col256_bld100.bmp
bombgas6_alp.bmp
chi01_msk.bmp
col256_bld100.bmp
bombgas6_alp.bmp
chi01_msk.bmp
col256_bld100.bmp
bombgas6_alp.bmp
chi01_msk.bmp
col256_bld100.bmp
splash05_alp.bmp
splash03_alp.bmp
splash07_alp.bmp
bombgas6_alp.bmp
chi01_msk.bmp
col256_bld100.bmp
cbx_a_frg1_cm.kms
t12a5D_rey_step02.vib
ray_eye_blur_alp.bmp
ray_eye_bonbori_alp.bmp
cbx_a_frg1_cm.kms
splash05_alp.bmp
splash03_alp.bmp
splash07_alp.bmp
cbx_a_frg1_cm.kms
bombgas6_alp.bmp
chi01_msk.bmp
col256_bld100.bmp
bombgas6_alp.bmp
chi01_msk.bmp
col256_bld100.bmp
bombgas6_alp.bmp
chi01_msk.bmp
col256_bld100.bmp
bombgas6_alp.bmp
chi01_msk.bmp
col256_bld100.bmp
bombgas6_alp.bmp
chi01_msk.bmp
col256_bld100.bmp
bombgas6_alp.bmp
chi01_msk.bmp
col256_bld100.bmp
bombgas6_alp.bmp
chi01_msk.bmp
col256_bld100.bmp
bombgas6_alp.bmp
chi01_msk.bmp
col256_bld100.bmp
bombgas6_alp.bmp
chi01_msk.bmp
col256_bld100.bmp
bombgas6_alp.bmp
chi01_msk.bmp
col256_bld100.bmp
bombgas6_alp.bmp
chi01_msk.bmp
col256_bld100.bmp
bombgas6_alp.bmp
chi01_msk.bmp
col256_bld100.bmp
bombgas6_alp.bmp
chi01_msk.bmp
col256_bld100.bmp
bombgas6_alp.bmp
chi01_msk.bmp
col256_bld100.bmp
cbx_a_frg1_cm.kms
bombgas6_alp.bmp
chi01_msk.bmp
col256_bld100.bmp
ray_eye_blur_alp.bmp
ray_eye_bonbori_alp.bmp
ray_eye_blur_alp.bmp
ray_eye_bonbori_alp.bmp
ray_eye_blur_alp.bmp
ray_eye_bonbori_alp.bmp
ray_eye_blur_alp.bmp
ray_eye_bonbori_alp.bmp
cbx_a_frg1_cm.kms
cbx_a_frg1_cm.kms
t12a5D_rey_step01.vib
cbx_a_frg1_cm.kms
cgr_frg1_cm.kms
cbx_a_frg1_cm.kms
shl_frg1.kms
ray_eye_blur_alp.bmp
ray_eye_bonbori_alp.bmp
bombgas6_alp.bmp
chi01_msk.bmp
col256_bld100.bmp
t12a5D_rey_stretch.vib
cbx_a_frg1_cm.kms
m92.kms
gbs_hlst.kms
gbs_knif.kms
gbs_mag.kms
gbs_bp.kms
m4a_nm.kms
gbs_hlst.kms
gbs_knif.kms
gbs_mag.kms
gbs_bp.kms
ray_eye_blur_alp.bmp
ray_eye_bonbori_alp.bmp
m4a_nm.kms
gbs_hlst.kms
gbs_knif.kms
gbs_mag.kms
gbs_bp.kms
ray_eye_blur_alp.bmp
ray_eye_bonbori_alp.bmp
ray_eye_blur_alp.bmp
ray_eye_bonbori_alp.bmp
sna_mag1.kms
sna_mag2.kms
sna_mag3.kms
sna_mag4.kms
cbx_a_frg1_cm.kms
w04a_us_def_2.kls
w04a_us_def_2.kls
w04a_us_def_2.kls
w04a_us_def_2.kls
w04a_us_def_2.kls
w04a_us_def_2.kls
w04a_us_def_2.kls
w04a_us_def_2.kls
w04a_us_def_2.kls
w04a_us_def_2.kls
sna_bdn1.kms
sna_bdn2.kms
*/
