0x01000001	NewFarFocusEffect_0001Launch	NewFarFocusEffect
0x01000002	NewNearFocusEffect_0002Launch	NewNearFocusEffect
0x01008000	DM_SendEffectMessage_8000Launch	DM_SendEffectMessage
0x0100100d	NewEyeControl_100dLaunch	NewEyeControl
0x01000011	NewBlur_Demo_0011Launch	NewBlur_Demo
0x01003004	NewRopeModel3_called_3004Launch	NewRopeModel3_called
0x01001000	NewDropShadow_1000Launch	NewDropShadow
0x01000008	NewFadeInOutForce_Demo_0008Launch	NewFadeInOutForce_Demo
0x0100100f	NewDemoArkms_100fLaunch	NewDemoArkms
0x01001012	NewCreateEquipment_1012Launch	NewCreateEquipment
0x010fff05	NewDemoEffectInitialize_fff05Launch	NewDemoEffectInitialize
0x01001002	NewEneEquip_1002Launch	NewEneEquip
0x010fff03	NewDemoFrameCountCall_fff03Launch	NewDemoFrameCountCall
0x01003000	NewRopeModel3_called_3000Launch	NewRopeModel3_called
0x01001006	NewPutAttachments_1006Launch	NewPutAttachments
0x0100100c	NewPutAttachments_100cLaunch	NewPutAttachments
0x01000000	NewFogSet_Demo_0000Launch	NewFogSet_Demo
0x01000006	DM_ChangeAmbient_0006Launch	DM_ChangeAmbient
0x010ffff0	DM_ControlChange_ffff0Launch	DM_ControlChange
0x01000007	DM_ChangeParallel_0007Launch	DM_ChangeParallel
0x01006011	NewGeneralSprite2_6011Launch	NewGeneralSprite2
0x01000107	NewWaveSplash_Demo_0107Launch	NewWaveSplash_Demo
0x010fff00	DM_DebugPrint_fff00Launch	DM_DebugPrint
0x01009000	NewPadVibration2_9000Launch	NewPadVibration2
0x01006008	NewDebris_Tex_Demo_6008Launch	NewDebris_Tex_Demo
0x0100000a	NewContrastForce_Demo_000aLaunch	NewContrastForce_Demo
0x01006007	NewDebris_Cm_Demo_6007Launch	NewDebris_Cm_Demo
0x010fff01	DM_ExecProc_fff01Launch	DM_ExecProc
0x01006009	NewBombEffect_6009Launch	NewBombEffect
0x01000005	NewFlush_0005Launch	NewFlush
0x0100600a	NewFlyingSmoke_600aLaunch	NewFlyingSmoke
0x0100600b	NewBombGasEffect_600bLaunch	NewBombGasEffect
0x01000017	NewVtrSight_0017Launch	NewVtrSight
0x0100000c	NewScrCrack_000cLaunch	NewScrCrack
0x0100b000	NewWaterLevelControl_Demo_b000Launch	NewWaterLevelControl_Demo
0x01000004	NewRainCamera_Demo_0004Launch	NewRainCamera_Demo
0x0100a003	NewSplushSurfaceMan_a003Launch	NewSplushSurfaceMan
0x0100b001	NewDropBodySplush_b001Launch	NewDropBodySplush
0x01000014	NewScrWater_Demo_0014Launch	NewScrWater_Demo
0x01001010	NewArmsEffectControl_1010Launch	NewArmsEffectControl
0x01006000	NewSpark_6000Launch	NewSpark
0x01000106	NewSphereSplush_0106Launch	NewSphereSplush
0x01001021	NewDependArms_USP_SP_1021Launch	NewDependArms_USP_SP
0x0100a004	NewRippleMan_a004Launch	NewRippleMan
0x01000100	NewSplashMotion_Demo_0100Launch	NewSplashMotion_Demo
0x01003007	NewEvmHairModel_Demo_3007Launch	NewEvmHairModel_Demo
0x0100000d	New2DSprite_Prog_000dLaunch	New2DSprite_Prog
0x01000012	NewCrossFadeEffect_0012Launch	NewCrossFadeEffect
0x010fff04	NewControlBoy_fff04Launch	NewControlBoy
0x01006010	NewMesgBomb2_6010Launch	NewMesgBomb2


/* Demo Model List
w04b_demo_screen.mdl
demo_dummy.mdl
field_camera_head.mdl
field_camera_light.mdl
field_camera_base.mdl
raycp_canopy2_t12a1d_mt.mdl
raycp_canopy1_t12a1d_mt.mdl
raycp_t12a1d.mdl
demo_w04b_pipe.mdl
demo_w04b_pipe.mdl
demo_w04b_screw.mdl
demo_w04b_bar.mdl
demo_w04b_wall.mdl
gbs_def.mdl
gbs_def.mdl
gbs_def.mdl
gbs_def.mdl
gbs_def.mdl
gba_def_mt.mdl
gba_def_mt.mdl
gbs_def.mdl
gbs_def.mdl
gbs_def.mdl
gbs_def.mdl
us_def_5_s.mdl
gbs_def.mdl
gbs_def.mdl
gbs_def.mdl
gbs_def.mdl
gbs_def.mdl
gbs_def.mdl
gbs_def.mdl
gbs_def.mdl
gbs_def.mdl
gbs_def.mdl
gbs_def.mdl
gbs_def.mdl
gbs_def.mdl
gbs_def.mdl
gbs_def.mdl
crg_def_mh_mt.mdl
sna_def.mdl
sco_def.mdl
sna_def.mdl
demo_dummy.mdl
saa.mdl
rev_dtdv.mdl
rev_dtdv.mdl
rev_liq_addhand_mh_mt.mdl
rev_def_shadow.mdl
rev_def_addhand_mh_mt.mdl
rev_def_shadow.mdl
demo_dummy.mdl
sna_def_addhand_mh_mt.mdl
sna_def.mdl
bombgas2_alp.bmp
splash05_alp.bmp
splash03_alp.bmp
splash07_alp.bmp
cbx_a_frg1_cm.kms
splash05_alp.bmp
splash03_alp.bmp
splash07_alp.bmp
bombgas2_alp.bmp
bombgas2_alp.bmp
splash05_alp.bmp
splash07_alp.bmp
splash05_alp.bmp
splash03_alp.bmp
splash07_alp.bmp
splash05_alp.bmp
splash03_alp.bmp
splash07_alp.bmp
splash05_alp.bmp
splash03_alp.bmp
splash07_alp.bmp
splash05_alp.bmp
splash03_alp.bmp
splash07_alp.bmp
splash05_alp.bmp
splash07_alp.bmp
t12a3D_sna_down.vib
cbx_a_frg1_cm.kms
shl_frg1.kms
splash05_alp.bmp
splash03_alp.bmp
splash07_alp.bmp
splash05_alp.bmp
splash03_alp.bmp
splash07_alp.bmp
splash05_alp.bmp
splash03_alp.bmp
splash07_alp.bmp
splash05_alp.bmp
splash07_alp.bmp
cbx_a_frg1_cm.kms
splash05_alp.bmp
splash03_alp.bmp
splash07_alp.bmp
splash05_alp.bmp
splash03_alp.bmp
splash07_alp.bmp
splash05_alp.bmp
splash07_alp.bmp
splash05_alp.bmp
splash03_alp.bmp
splash07_alp.bmp
splash05_alp.bmp
splash03_alp.bmp
splash07_alp.bmp
splash05_alp.bmp
splash03_alp.bmp
splash07_alp.bmp
cbx_a_frg1_cm.kms
splash05_alp.bmp
splash03_alp.bmp
splash07_alp.bmp
splash05_alp.bmp
splash07_alp.bmp
shl_frg1.kms
splash05_alp.bmp
splash03_alp.bmp
splash07_alp.bmp
cbx_a_frg1_cm.kms
splash05_alp.bmp
splash07_alp.bmp
cbx_a_frg1_cm.kms
splash05_alp.bmp
splash03_alp.bmp
splash07_alp.bmp
splash05_alp.bmp
splash03_alp.bmp
splash07_alp.bmp
splash05_alp.bmp
splash07_alp.bmp
splash05_alp.bmp
splash03_alp.bmp
splash07_alp.bmp
shl_frg1.kms
shl_frg1.kms
cbx_a_frg1_cm.kms
cbx_a_frg1_cm.kms
cbx_a_frg1_cm.kms
cbx_a_frg1_cm.kms
bombgas6_alp.bmp
chi01_msk.bmp
col256_bld100.bmp
bombgas6_alp.bmp
chi01_msk.bmp
col256_bld100.bmp
bombgas6_alp.bmp
chi01_msk.bmp
col256_bld100.bmp
bombgas6_alp.bmp
chi01_msk.bmp
col256_bld100.bmp
bombgas6_alp.bmp
chi01_msk.bmp
col256_bld100.bmp
bombgas6_alp.bmp
chi01_msk.bmp
col256_bld100.bmp
bombgas6_alp.bmp
chi01_msk.bmp
col256_bld100.bmp
bombgas6_alp.bmp
chi01_msk.bmp
col256_bld100.bmp
splash05_alp.bmp
splash03_alp.bmp
splash07_alp.bmp
splash05_alp.bmp
splash03_alp.bmp
splash07_alp.bmp
splash05_alp.bmp
splash03_alp.bmp
splash07_alp.bmp
splash05_alp.bmp
splash03_alp.bmp
splash07_alp.bmp
cbx_a_frg1_cm.kms
cbx_a_frg1_cm.kms
splash05_alp.bmp
splash07_alp.bmp
cbx_a_frg1_cm.kms
splash05_alp.bmp
splash03_alp.bmp
splash07_alp.bmp
splash05_alp.bmp
splash07_alp.bmp
splash05_alp.bmp
splash03_alp.bmp
splash07_alp.bmp
cbx_a_frg1_cm.kms
cbx_a_frg1_cm.kms
cbx_a_frg1_cm.kms
rev_hair_liq_mh.evm
rev_liq_boundhing.kms
cbx_a_frg1_cm.kms
cbx_a_frg1_cm.kms
cbx_a_frg1_cm.kms
splash05_alp.bmp
splash07_alp.bmp
splash05_alp.bmp
splash03_alp.bmp
splash07_alp.bmp
splash05_alp.bmp
splash07_alp.bmp
splash05_alp.bmp
splash03_alp.bmp
splash07_alp.bmp
cbx_a_frg1_cm.kms
splash05_alp.bmp
splash03_alp.bmp
splash07_alp.bmp
splash05_alp.bmp
splash07_alp.bmp
splash05_alp.bmp
splash03_alp.bmp
splash07_alp.bmp
splash05_alp.bmp
splash03_alp.bmp
splash07_alp.bmp
splash05_alp.bmp
splash07_alp.bmp
splash05_alp.bmp
splash03_alp.bmp
splash07_alp.bmp
cbx_a_frg1_cm.kms
t12a3D_sna_setup.vib
cbx_a_frg1_cm.kms
splash05_alp.bmp
splash03_alp.bmp
splash07_alp.bmp
splash05_alp.bmp
splash07_alp.bmp
splash05_alp.bmp
splash03_alp.bmp
splash07_alp.bmp
splash05_alp.bmp
splash03_alp.bmp
splash07_alp.bmp
splash05_alp.bmp
splash03_alp.bmp
splash07_alp.bmp
splash05_alp.bmp
splash03_alp.bmp
splash07_alp.bmp
splash05_alp.bmp
splash03_alp.bmp
splash07_alp.bmp
splash05_alp.bmp
splash03_alp.bmp
splash07_alp.bmp
splash05_alp.bmp
splash03_alp.bmp
splash07_alp.bmp
splash05_alp.bmp
splash03_alp.bmp
splash07_alp.bmp
splash05_alp.bmp
splash03_alp.bmp
splash07_alp.bmp
sna_def.cv2
splash05_alp.bmp
splash03_alp.bmp
splash07_alp.bmp
splash05_alp.bmp
splash03_alp.bmp
splash07_alp.bmp
splash05_alp.bmp
splash03_alp.bmp
splash07_alp.bmp
t12a3D_sna_walk.vib
demo_usp_supressor.kms
splash05_alp.bmp
splash03_alp.bmp
splash07_alp.bmp
splash05_alp.bmp
splash07_alp.bmp
splash05_alp.bmp
splash03_alp.bmp
splash07_alp.bmp
splash05_alp.bmp
splash07_alp.bmp
splash05_alp.bmp
splash03_alp.bmp
splash07_alp.bmp
splash05_alp.bmp
splash03_alp.bmp
splash07_alp.bmp
cbx_a_frg1_cm.kms
splash05_alp.bmp
splash03_alp.bmp
splash07_alp.bmp
sna_def.cv2
bombgas2_alp.bmp
bombgas2_alp.bmp
cbx_a_frg1_cm.kms
t12a3D_bang02.vib
cbx_a_frg1_cm.kms
t12a3D_bang02.vib
bombgas2_alp.bmp
cbx_a_frg1_cm.kms
t12a3D_bang02.vib
vtr.o2d
t12a3D_bang02.vib
vtr.o2d
vtr.o2d
bombgas2_alp.bmp
bombgas2_alp.bmp
w04a_us_def_2.kls
obj_cap.kms
obj_glass.kms
obj_helmet_def_s.kms
obj_headphone_def.kms
m4a_nm.kms
m92.kms
t12a3D_bang02.vib
cbx_a_frg1_cm.kms
bombgas6_alp.bmp
bombgas6_alp.bmp
t12a3D_bang03.vib
bombgas6_alp.bmp
t12a3D_bang03.vib
cbx_a_frg1_cm.kms
bombgas6_alp.bmp
bombgas6_alp.bmp
bombgas6_alp.bmp
cbx_a_frg1_cm.kms
bombgas6_alp.bmp
bombgas6_alp.bmp
bombgas6_alp.bmp
t12a3D_bang03.vib
bombgas6_alp.bmp
bombgas6_alp.bmp
bombgas6_alp.bmp
bombgas6_alp.bmp
bombgas2_alp.bmp
t12a3D_bang03.vib
bombgas2_alp.bmp
cbx_a_frg1_cm.kms
t12a3D_bang02.vib
bombgas2_alp.bmp
bombgas2_alp.bmp
bombgas2_alp.bmp
bombgas2_alp.bmp
bombgas2_alp.bmp
cgr_frg1_cm.kms
bombgas2_alp.bmp
t12a3D_bang02.vib
bombgas2_alp.bmp
bombgas2_alp.bmp
bombgas2_alp.bmp
bombgas2_alp.bmp
t12a3D_bang02.vib
bombgas2_alp.bmp
bombgas2_alp.bmp
bombgas2_alp.bmp
bombgas2_alp.bmp
t12a3D_bang02.vib
cgr_frg1_cm.kms
cbx_a_frg1_cm.kms
cbx_a_frg1_cm.kms
cbx_a_frg1_cm.kms
cbx_a_frg1_cm.kms
rcm_l_alp.bmp
rcm_l_alp.bmp
rcm_l_alp.bmp
rcm_l_alp.bmp
rcm_l_alp.bmp
rcm_l_alp.bmp
t12a3D_shake.vib
rcm_l_alp.bmp
rcm_l_alp.bmp
rcm_l_alp.bmp
rcm_l_alp.bmp
rcm_l_alp.bmp
rcm_l_alp.bmp
rcm_l_alp.bmp
rcm_l_alp.bmp
rcm_l_alp.bmp
rcm_l_alp.bmp
rcm_l_alp.bmp
rcm_l_alp.bmp
rcm_l_alp.bmp
rcm_l_alp.bmp
rcm_l_alp.bmp
rcm_l_alp.bmp
rcm_l_alp.bmp
rcm_l_alp.bmp
rcm_l_alp.bmp
rcm_l_alp.bmp
rcm_l_alp.bmp
rcm_l_alp.bmp
rcm_l_alp.bmp
rcm_l_alp.bmp
rcm_l_alp.bmp
rcm_l_alp.bmp
rcm_l_alp.bmp
rcm_l_alp.bmp
rcm_l_alp.bmp
rcm_l_alp.bmp
rcm_l_alp.bmp
rcm_l_alp.bmp
bombgas2_alp.bmp
rcm_l_alp.bmp
rcm_l_alp.bmp
rcm_l_alp.bmp
rcm_l_alp.bmp
rcm_l_alp.bmp
rcm_l_alp.bmp
rcm_l_alp.bmp
rcm_l_alp.bmp
rcm_l_alp.bmp
rcm_l_alp.bmp
cbx_a_frg1_cm.kms
rcm_l_alp.bmp
rcm_l_alp.bmp
rcm_l_alp.bmp
rcm_l_alp.bmp
rcm_l_alp.bmp
rcm_l_alp.bmp
rcm_l_alp.bmp
rcm_l_alp.bmp
rcm_l_alp.bmp
rcm_l_alp.bmp
rcm_l_alp.bmp
rcm_l_alp.bmp
rcm_l_alp.bmp
rcm_l_alp.bmp
rcm_l_alp.bmp
rcm_l_alp.bmp
bombgas2_alp.bmp
rcm_l_alp.bmp
rcm_l_alp.bmp
rcm_l_alp.bmp
rcm_l_alp.bmp
rcm_l_alp.bmp
rcm_l_alp.bmp
shl_frg1.kms
rcm_l_alp.bmp
rcm_l_alp.bmp
rcm_l_alp.bmp
rcm_l_alp.bmp
rcm_l_alp.bmp
rcm_l_alp.bmp
rcm_l_alp.bmp
rcm_l_alp.bmp
rcm_l_alp.bmp
rcm_l_alp.bmp
rcm_l_alp.bmp
rcm_l_alp.bmp
bombgas2_alp.bmp
rcm_l_alp.bmp
rcm_l_alp.bmp
rcm_l_alp.bmp
rcm_l_alp.bmp
rcm_l_alp.bmp
rcm_l_alp.bmp
rcm_l_alp.bmp
rcm_l_alp.bmp
rcm_l_alp.bmp
rcm_l_alp.bmp
rcm_l_alp.bmp
rcm_l_alp.bmp
rcm_l_alp.bmp
bombgas2_alp.bmp
rcm_l_alp.bmp
t12a3D_bang01.vib
t12a3D_vib.vib
rcm_l_alp.bmp
rcm_l_alp.bmp
rcm_l_alp.bmp
rcm_l_alp.bmp
rcm_l_alp.bmp
rcm_l_alp.bmp
rcm_l_alp.bmp
rcm_l_alp.bmp
rcm_l_alp.bmp
rcm_l_alp.bmp
rcm_l_alp.bmp
rcm_l_alp.bmp
rcm_l_alp.bmp
rcm_l_alp.bmp
splash05_alp.bmp
splash03_alp.bmp
splash07_alp.bmp
rcm_l_alp.bmp
w04a_us_def_2.kls
obj_cap.kms
obj_glass.kms
obj_helmet_def_s.kms
obj_headphone_def.kms
m4a_nm.kms
m92.kms
obj_cap.kms
obj_glass.kms
obj_helmet_def_s.kms
obj_headphone_def.kms
m4a_nm.kms
m92.kms
obj_cap.kms
obj_glass.kms
obj_helmet_def_s.kms
obj_headphone_def.kms
m4a_nm.kms
m92.kms
obj_cap.kms
obj_glass.kms
obj_helmet_def_s.kms
obj_headphone_def.kms
m4a_nm.kms
m92.kms
obj_cap.kms
obj_glass.kms
obj_helmet_def_s.kms
obj_headphone_def.kms
m4a_nm.kms
m92.kms
obj_cap.kms
obj_glass.kms
obj_helmet_def_s.kms
obj_headphone_def.kms
m4a_nm.kms
m92.kms
aks_sp.kms
gbs_hlst.kms
gbs_knif.kms
gbs_mag.kms
gbs_bp.kms
obj_cap.kms
obj_glass.kms
obj_helmet_def_s.kms
obj_headphone_def.kms
m4a_nm.kms
m92.kms
obj_cap.kms
obj_glass.kms
obj_helmet_def_s.kms
obj_headphone_def.kms
m4a_nm.kms
m92.kms
crg_hlst.kms
crg_skn.kms
crg_waist_parts00.kms
crg_waist_parts01.kms
sna_bdn1.kms
w04a_us_def_2.kls
sna_mag1.kms
sna_mag2.kms
sna_mag3.kms
sna_mag4.kms
sna_bdn2.kms
w04a_us_def_2.kls
obj_cap.kms
obj_glass.kms
obj_helmet_def_s.kms
obj_headphone_def.kms
m4a_nm.kms
m92.kms
obj_cap.kms
obj_glass.kms
obj_helmet_def_s.kms
obj_headphone_def.kms
m4a_nm.kms
m92.kms
obj_cap.kms
obj_glass.kms
obj_helmet_def_s.kms
obj_headphone_def.kms
m4a_nm.kms
m92.kms
obj_cap.kms
obj_glass.kms
obj_helmet_def_s.kms
obj_headphone_def.kms
m4a_nm.kms
m92.kms
w04a_us_def_2.kls
w04a_us_def_2.kls
aks_sp.kms
gbs_hlst.kms
gbs_knif.kms
gbs_mag.kms
gbs_bp.kms
aks_sp.kms
gbs_hlst.kms
gbs_knif.kms
gbs_mag.kms
gbs_bp.kms
aks_sp.kms
gbs_hlst.kms
gbs_knif.kms
gbs_mag.kms
gbs_bp.kms
obj_cap.kms
obj_glass.kms
obj_helmet_def_s.kms
obj_headphone_def.kms
m4a_nm.kms
m92.kms
w04a_us_def_2.kls
aks_sp.kms
gbs_hlst.kms
gbs_knif.kms
gbs_mag.kms
gbs_bp.kms
obj_cap.kms
obj_glass.kms
obj_helmet_def_s.kms
obj_headphone_def.kms
m4a_nm.kms
m92.kms
obj_cap.kms
obj_glass.kms
obj_helmet_def_s.kms
obj_headphone_def.kms
m4a_nm.kms
m92.kms
aks_sp.kms
gbs_hlst.kms
gbs_knif.kms
gbs_mag.kms
gbs_bp.kms
obj_cap.kms
obj_glass.kms
obj_helmet_def_s.kms
obj_headphone_def.kms
m4a_nm.kms
m92.kms
obj_cap.kms
obj_glass.kms
obj_helmet_def_s.kms
obj_headphone_def.kms
m4a_nm.kms
m92.kms
w04a_us_def_2.kls
w04a_us_def_2.kls
obj_cap.kms
obj_glass.kms
obj_helmet_def_s.kms
obj_headphone_def.kms
m4a_nm.kms
m92.kms
obj_cap.kms
obj_glass.kms
obj_helmet_def_s.kms
obj_headphone_def.kms
m4a_nm.kms
m92.kms
obj_cap.kms
obj_glass.kms
obj_helmet_def_s.kms
obj_headphone_def.kms
m4a_nm.kms
m92.kms
w04a_us_def_2.kls
w04a_us_def_2.kls
w04a_us_def_2.kls
w04a_us_def_2.kls
w04a_us_def_2.kls
w04a_us_def_2.kls
w04a_us_def_2.kls
w04a_us_def_2.kls
w04a_us_def_2.kls
w04a_us_def_2.kls
w04a_us_def_2.kls
rev_hair_fix.kms
rev_coat_bounding.kms
*/
