0x01008000	DM_SendEffectMessage_8000Launch	DM_SendEffectMessage
0x01000001	NewFarFocusEffect_0001Launch	NewFarFocusEffect
0x0100100f	NewDemoArkms_100fLaunch	NewDemoArkms
0x01001012	NewCreateEquipment_1012Launch	NewCreateEquipment
0x010fff01	DM_ExecProc_fff01Launch	DM_ExecProc
0x01000002	NewNearFocusEffect_0002Launch	NewNearFocusEffect
0x01000008	NewFadeInOutForce_Demo_0008Launch	NewFadeInOutForce_Demo
0x0100100d	NewEyeControl_100dLaunch	NewEyeControl
0x01000011	NewBlur_Demo_0011Launch	NewBlur_Demo
0x01001006	NewPutAttachments_1006Launch	NewPutAttachments
0x0100100c	NewPutAttachments_100cLaunch	NewPutAttachments
0x010fff05	NewDemoEffectInitialize_fff05Launch	NewDemoEffectInitialize
0x01003012	NewCergeiEri_demo_3012Launch	NewCergeiEri_demo
0x01000006	DM_ChangeAmbient_0006Launch	DM_ChangeAmbient
0x01000007	DM_ChangeParallel_0007Launch	DM_ChangeParallel
0x01003000	NewRopeModel3_called_3000Launch	NewRopeModel3_called
0x010fff00	DM_DebugPrint_fff00Launch	DM_DebugPrint
0x01000000	NewFogSet_Demo_0000Launch	NewFogSet_Demo
0x01003004	NewRopeModel3_called_3004Launch	NewRopeModel3_called
0x01003010	NewWavingClothModelW_called_3010Launch	NewWavingClothModelW_called
0x01000013	NewCrossFadeEffectCustom_0013Launch	NewCrossFadeEffectCustom
0x010fff03	NewDemoFrameCountCall_fff03Launch	NewDemoFrameCountCall
0x0100000d	New2DSprite_Prog_000dLaunch	New2DSprite_Prog
0x01000017	NewVtrSight_0017Launch	NewVtrSight
0x01006011	NewGeneralSprite2_6011Launch	NewGeneralSprite2
0x01001002	NewEneEquip_1002Launch	NewEneEquip
0x01004000	NewPutSTanimeObjectCall_4000Launch	NewPutSTanimeObjectCall


/* Demo Model List
demo_dummy.mdl
demo_dummy.mdl
demo_dummy.mdl
demo_dummy.mdl
demo_lope02.mdl
sna_def.mdl
gbs_def.mdl
demo_lope02.mdl
sna_def.mdl
gba_def_mt.mdl
demo_lope02.mdl
sna_def.mdl
gba_def_mt.mdl
gbs_def.mdl
gbs_def.mdl
gbs_def.mdl
gbs_def.mdl
gba_def_mt.mdl
gba_def_mt.mdl
field_camera_base.mdl
field_camera_light.mdl
field_camera_head.mdl
field_camera_base.mdl
field_camera_light.mdl
field_camera_head.mdl
us_def_5_s.mdl
us_def_5_s.mdl
saa.mdl
rev_coat.mdl
rev_coat_bounding.mdl
rev_dtdv.mdl
demo_makarov_crg.mdl
crg_def_addhand_mh_mt.mdl
sna_def.mdl
sco_hat.mdl
sco_def_addhand_mh_mt.mdl
sna_def.mdl
gbs_def.mdl
gbs_def.mdl
gbs_def.mdl
gbs_def.mdl
gbs_def.mdl
gbs_def.mdl
us_def_5_s.mdl
gbs_def.mdl
gbs_def.mdl
gbs_def.mdl
gbs_def.mdl
gbs_def.mdl
usp_sub.mdl
usp_amo.mdl
sna_def_mh.mdl
sna_def.mdl
aks_sp.kms
gbs_hlst.kms
gbs_knif.kms
gbs_mag.kms
gbs_bp.kms
aks_sp.kms
gbs_hlst.kms
gbs_knif.kms
gbs_mag.kms
gbs_bp.kms
aks_sp.kms
gbs_hlst.kms
gbs_knif.kms
gbs_mag.kms
gbs_bp.kms
aks_sp.kms
gbs_hlst.kms
gbs_knif.kms
gbs_mag.kms
gbs_bp.kms
rev_parts_coat.rwv
rev_coat_bounding.kms
aks_sp.kms
gbs_hlst.kms
gbs_knif.kms
gbs_mag.kms
gbs_bp.kms
aks_sp.kms
gbs_hlst.kms
gbs_knif.kms
gbs_mag.kms
gbs_bp.kms
aks_sp.kms
gbs_hlst.kms
gbs_knif.kms
gbs_mag.kms
gbs_bp.kms
aks_sp.kms
gbs_hlst.kms
gbs_knif.kms
gbs_mag.kms
gbs_bp.kms
aks_sp.kms
gbs_hlst.kms
gbs_knif.kms
gbs_mag.kms
gbs_bp.kms
aks_sp.kms
gbs_hlst.kms
gbs_knif.kms
gbs_mag.kms
gbs_bp.kms
t12_gbs002.xsi
t12_gbs002.xsi
t12_gbs001.xsi
t12_gbs001.xsi
aks_sp.kms
gbs_hlst.kms
gbs_knif.kms
gbs_mag.kms
gbs_bp.kms
aks_sp.kms
gbs_hlst.kms
gbs_knif.kms
gbs_mag.kms
gbs_bp.kms
w04a_us_def_2.kls
rcm_l_alp.bmp
vtr.o2d
vtr.o2d
obj_cap.kms
obj_glass.kms
obj_helmet_def_s.kms
obj_headphone_def.kms
m4a_nm.kms
m92.kms
rev_parts_coat.rwv
rev_coat_bounding.kms
rev_parts_coat.rwv
rev_coat_bounding.kms
w04a_us_def_2.kls
rev_parts_coat.rwv
rev_coat_bounding.kms
obj_cap.kms
obj_glass.kms
obj_helmet_def_s.kms
obj_headphone_def.kms
m4a_nm.kms
m92.kms
obj_cap.kms
obj_glass.kms
obj_helmet_def_s.kms
obj_headphone_def.kms
m4a_nm.kms
m92.kms
obj_cap.kms
obj_glass.kms
obj_helmet_def_s.kms
obj_headphone_def.kms
m4a_nm.kms
m92.kms
obj_cap.kms
obj_glass.kms
obj_helmet_def_s.kms
obj_headphone_def.kms
m4a_nm.kms
m92.kms
obj_cap.kms
obj_glass.kms
obj_helmet_def_s.kms
obj_headphone_def.kms
m4a_nm.kms
m92.kms
obj_cap.kms
obj_glass.kms
obj_helmet_def_s.kms
obj_headphone_def.kms
m4a_nm.kms
m92.kms
obj_cap.kms
obj_glass.kms
obj_helmet_def_s.kms
obj_headphone_def.kms
m4a_nm.kms
m92.kms
obj_cap.kms
obj_glass.kms
obj_helmet_def_s.kms
obj_headphone_def.kms
m4a_nm.kms
m92.kms
obj_cap.kms
obj_glass.kms
obj_helmet_def_s.kms
obj_headphone_def.kms
m4a_nm.kms
m92.kms
obj_cap.kms
obj_glass.kms
obj_helmet_def_s.kms
obj_headphone_def.kms
m4a_nm.kms
m92.kms
obj_cap.kms
obj_glass.kms
obj_helmet_def_s.kms
obj_headphone_def.kms
m4a_nm.kms
m92.kms
obj_cap.kms
obj_glass.kms
obj_helmet_def_s.kms
obj_headphone_def.kms
m4a_nm.kms
m92.kms
rev_parts_coat.rwv
rev_coat_bounding.kms
rev_parts_coat.rwv
rev_coat_bounding.kms
rev_parts_coat.rwv
rev_coat_bounding.kms
rev_hair_fix.kms
rev_coat_bounding.kms
sna_bdn1.kms
sna_bdn2.kms
obj_cap.kms
obj_glass.kms
obj_helmet_def_s.kms
obj_headphone_def.kms
m4a_nm.kms
m92.kms
obj_cap.kms
obj_glass.kms
obj_helmet_def_s.kms
obj_headphone_def.kms
m4a_nm.kms
m92.kms
obj_cap.kms
obj_glass.kms
obj_helmet_def_s.kms
obj_headphone_def.kms
m4a_nm.kms
m92.kms
obj_cap.kms
obj_glass.kms
obj_helmet_def_s.kms
obj_headphone_def.kms
m4a_nm.kms
m92.kms
obj_cap.kms
obj_glass.kms
obj_helmet_def_s.kms
obj_headphone_def.kms
m4a_nm.kms
m92.kms
obj_cap.kms
obj_glass.kms
obj_helmet_def_s.kms
obj_headphone_def.kms
m4a_nm.kms
m92.kms
w04a_us_def_2.kls
w04a_us_def_2.kls
w04a_us_def_2.kls
w04a_us_def_2.kls
w04a_us_def_2.kls
w04a_us_def_2.kls
w04a_us_def_2.kls
w04a_us_def_2.kls
w04a_us_def_2.kls
obj_cap.kms
obj_glass.kms
obj_helmet_def_s.kms
obj_headphone_def.kms
m4a_nm.kms
m92.kms
obj_cap.kms
obj_glass.kms
obj_helmet_def_s.kms
obj_headphone_def.kms
m4a_nm.kms
m92.kms
crg_hlst.kms
crg_skn.kms
crg_waist_parts00.kms
crg_waist_parts01.kms
sna_mag1.kms
sna_mag2.kms
sna_mag3.kms
sna_mag4.kms
w04a_us_def_2.kls
obj_cap.kms
obj_glass.kms
obj_helmet_def_s.kms
obj_headphone_def.kms
m4a_nm.kms
m92.kms
obj_cap.kms
obj_glass.kms
obj_helmet_def_s.kms
obj_headphone_def.kms
m4a_nm.kms
m92.kms
obj_cap.kms
obj_glass.kms
obj_helmet_def_s.kms
obj_headphone_def.kms
m4a_nm.kms
m92.kms
obj_cap.kms
obj_glass.kms
obj_helmet_def_s.kms
obj_headphone_def.kms
m4a_nm.kms
m92.kms
w04a_us_def_2.kls
*/
