//サウンドパックリスト（実行環境用）

pak r_tnk0/pk000000.sdx	//タンカー常駐
{
	wvx	wvx1/wv00007f.wvx
	wvx	wvx1/wv0000ff.wvx
	mdx	mdx1/sg0000ff.mdx
	efx	efx1/se00007f.efx
}

pak r_title/pk000000.sdx	//タイトル常駐
{
	wvx	wvx1/wv00005f.wvx
	wvx	wvx1/wv0000ff.wvx
	mdx	mdx1/sg0000ff.mdx
	efx	efx1/se00005f.efx
}
pak r_plt0/pk000000.sdx	//プラント常駐
{
	wvx	wvx1/wv00005f.wvx
	wvx	wvx1/wv0000ff.wvx
	mdx	mdx1/sg0000ff.mdx
	efx	efx1/se00005f.efx
}
pak r_plt1/pk000000.sdx	//プラント常駐（潜水スーツ）
{
	wvx	wvx1/wv00005f.wvx
	wvx	wvx1/wv0000ff.wvx
	mdx	mdx1/sg0000ff.mdx
	efx	efx1/se00005f.efx
}
pak r_plt2/pk000000.sdx	//プラント常駐（裸）
{
	wvx	wvx1/wv00005f.wvx
	wvx	wvx1/wv0000ff.wvx
	mdx	mdx1/sg0000ff.mdx
	efx	efx1/se00005f.efx
}
pak r_plt3/pk000000.sdx	//プラント常駐（ファットマン戦直後）
{
	wvx	wvx1/wv00005f.wvx
	wvx	wvx1/wv0000ff.wvx
	mdx	mdx1/sg0000ff.mdx
	efx	efx1/se00005f.efx
}
pak r_plt4/pk000000.sdx	//プラント常駐（敵兵装ライデン）
{
	wvx	wvx1/wv00005f.wvx
	wvx	wvx1/wv0000ff.wvx
	mdx	mdx1/sg0000ff.mdx
	efx	efx1/se00005f.efx
}
pak r_plt5/pk000000.sdx	//プラント常駐（敵兵装ライデン覆面ナシ）
{
	wvx	wvx1/wv00005f.wvx
	wvx	wvx1/wv0000ff.wvx
	mdx	mdx1/sg0000ff.mdx
	efx	efx1/se00005f.efx
}


//ボスラッシュ用常駐

pak w00b/pk00000e.sdx	//タンカー常駐（ボスラッシュスネーク）
{
	wvx	wvx1/wv00007f.wvx
	wvx	wvx1/wv0000ff.wvx
	mdx	mdx1/sg0000ff.mdx
	efx	efx1/se00007f.efx
}
pak w00b/pk00000f.sdx	//ライデン声タンカー常駐（ボスラッシュライデン）
{
	wvx	wvx1/wv00001f.wvx
	wvx	wvx1/wv0000ff.wvx
	mdx	mdx1/sg0000ff.mdx
	efx	efx1/se00001f.efx
}
pak w20c/pk00000e.sdx	//スネーク声プラント常駐読替（ボスラッシュスネーク）
{
	wvx	wvx1/wv00002f.wvx
	wvx	wvx1/wv0000ff.wvx
	mdx	mdx1/sg0000ff.mdx
	efx	efx1/se00002f.efx
}
pak w20c/pk00000f.sdx	//プラント常駐読替（ボスラッシュライデン）
{
	wvx	wvx1/wv00005f.wvx
	wvx	wvx1/wv0000ff.wvx
	mdx	mdx1/sg0000ff.mdx
	efx	efx1/se00005f.efx
}


//タンカー編

//pak title/pk000000.sdx	title　タンカータイトル
//{
//	wvx	wvx1/wv000070.wvx
//	wvx	wvx1/wv000082.wvx
//	mdx	mdx1/sg000020.mdx
//	efx	efx1/se000070.efx
//}

//pak special/pk000000.sdx	special　スペシャル
//{
//	wvx	wvx1/wv000070.wvx
//	wvx	wvx1/wv000082.wvx
//	mdx	mdx1/sg000020.mdx
//	efx	efx1/se000070.efx
//}

pak d00t/pk000000.sdx	//d00t　デモ１
{
	wvx	wvx1/wv00007d.wvx
	wvx	wvx1/wv000080.wvx
	efx	efx1/se00007d.efx
	mdx	mdx1/sg000010.mdx
}

pak d01t/pk000000.sdx	//d01t　デモ２
{
	wvx	wvx1/wv00007d.wvx
	wvx	wvx1/wv000080.wvx
	efx	efx1/se00007d.efx
	mdx	mdx1/sg000010.mdx
}

pak w00a/pk000000.sdx	//w00a　タンカー甲板
{
	wvx	wvx1/wv00007d.wvx
	wvx	wvx1/wv000080.wvx
	efx	efx1/se00007d.efx
	mdx	mdx1/sg000010.mdx
}

pak w00b/pk000000.sdx	//w00b　オルガ戦
{
	wvx	wvx1/wv00007a.wvx
	wvx	wvx1/wv000081.wvx
	efx	efx1/se00007a.efx
	mdx	mdx1/sg000012.mdx
} 

pak w00c/pk000000.sdx	//w00c　タンカー屋外上層
{
	wvx	wvx1/wv00007d.wvx
	wvx	wvx1/wv000080.wvx
	efx	efx1/se00007d.efx
	mdx	mdx1/sg000010.mdx
}

pak w01a/pk000000.sdx	//w01a　タンカー居住区一階（下半分）
{
	wvx	wvx1/wv000079.wvx
	wvx	wvx1/wv000080.wvx
	efx	efx1/se000079.efx
	mdx	mdx1/sg000014.mdx
}

pak w01b/pk000000.sdx	//w01b　タンカー居住区二階
{
	wvx	wvx1/wv000073.wvx
	wvx	wvx1/wv000080.wvx
	efx	efx1/se000073.efx
	mdx	mdx1/sg000018.mdx
}

pak w01c/pk000000.sdx	//w01c　タンカー居住区三階
{
	wvx	wvx1/wv000073.wvx
	wvx	wvx1/wv000080.wvx
	efx	efx1/se000072.efx
	mdx	mdx1/sg00001a.mdx
}

pak w01d/pk000000.sdx	//w01d　タンカー居住区四階
{
	wvx	wvx1/wv000076.wvx
	wvx	wvx1/wv000080.wvx
	efx	efx1/se000074.efx
	mdx	mdx1/sg000019.mdx
}

pak w01e/pk000000.sdx	//w01e　タンカー居住区五階（操舵室）
{
	wvx	wvx1/wv000078.wvx
	wvx	wvx1/wv000080.wvx
	efx	efx1/se000078.efx
	mdx	mdx1/sg000017.mdx
}

pak w01f/pk000000.sdx	//w01f　タンカー居住区一階（上半分）
{
	wvx	wvx1/wv000075.wvx
	wvx	wvx1/wv000080.wvx
	efx	efx1/se000076.efx
	mdx	mdx1/sg000015.mdx
}

pak w02a/pk000000.sdx	//w02a　タンカーエンジンルーム
{
	wvx	wvx1/wv00007c.wvx
	wvx	wvx1/wv000080.wvx
	efx	efx1/se00007c.efx
	mdx	mdx1/sg000011.mdx
}

pak w03a/pk000000.sdx	//w03a　タンカー長廊下（左舷）
{
	wvx	wvx1/wv00007b.wvx
	wvx	wvx1/wv000080.wvx
	efx	efx1/se00007b.efx
	mdx	mdx1/sg000013.mdx
}

pak w03b/pk000000.sdx	//w03b　タンカー長廊下（右舷）
{
	wvx	wvx1/wv000074.wvx
	wvx	wvx1/wv000080.wvx
	efx	efx1/se000075.efx
	mdx	mdx1/sg00001b.mdx
}

pak w04a/pk000000.sdx	//w04a　タンカー船倉１
{
	wvx	wvx1/wv000077.wvx
	wvx	wvx1/wv000083.wvx
	efx	efx1/se000077.efx
	mdx	mdx1/sg000016.mdx
}

pak w04b/pk000000.sdx	//w04b　タンカー船倉２
{
	wvx	wvx1/wv000077.wvx
	wvx	wvx1/wv000083.wvx
	efx	efx1/se000077.efx
	mdx	mdx1/sg000016.mdx
}

pak w04c/pk000000.sdx	//w04c　タンカー船倉３
{
	wvx	wvx1/wv000077.wvx
	wvx	wvx1/wv000083.wvx
	efx	efx1/se000077.efx
	mdx	mdx1/sg000016.mdx
}


//プラント編

pak n_title/pk000000.sdx	//n_title　本タイトル
{
	wvx	wvx1/wv00003c.wvx
	wvx	wvx1/wv000082.wvx
	efx	efx1/se00003c.efx
	mdx	mdx1/sg000048.mdx
}

pak d001p02/pk000000.sdx	//d001p02　海底ドック（スタート時デモ）
{
	wvx	wvx1/wv00004e.wvx
	wvx	wvx1/wv000080.wvx
	efx	efx1/se00004e.efx
	mdx	mdx1/sg000044.mdx
}

pak w11a/pk000000.sdx	//w11a　海底ドック（〜爆弾解体前）
{
	wvx	wvx1/wv00004e.wvx
	wvx	wvx1/wv000080.wvx
	efx	efx1/se00004e.efx
	mdx	mdx1/sg000044.mdx
}

pak w11b/pk000000.sdx	//w11b　海底ドック（〜フォーチュン戦前）
{
	wvx	wvx1/wv00004e.wvx
	wvx	wvx1/wv000080.wvx
	efx	efx1/se00004e.efx
	mdx	mdx1/sg00004c.mdx
}

pak w11c/pk000000.sdx	//w11c　フォーチュン戦
{
	wvx	wvx1/wv00005e.wvx
	wvx	wvx1/wv000092.wvx
	efx	efx1/se00005e.efx
	mdx	mdx1/sg00003e.mdx
}

pak d005p01/pk000000.sdx	//d005p01　Ａ脚屋上（ＥＶ上昇直後デモ）
{
	wvx	wvx1/wv00004d.wvx
	wvx	wvx1/wv000080.wvx
	efx	efx1/se00004d.efx
	mdx	mdx1/sg000030.mdx
}

pak w12a/pk000000.sdx	//w12a　Ａ脚屋上（朝）
{
	wvx	wvx1/wv00004d.wvx
	wvx	wvx1/wv000080.wvx
	efx	efx1/se00004d.efx
	mdx	mdx1/sg000030.mdx
}

pak w12b/pk000000.sdx	//w12b　Ａ脚1Fポンプ室
{
	wvx	wvx1/wv00004c.wvx
	wvx	wvx1/wv000080.wvx
	efx	efx1/se00004c.efx
	mdx	mdx1/sg000042.mdx
}
pak w12b/pk000001.sdx	//w12b　Ａ脚1Fポンプ室（センサーＢ爆弾探索イベント中）
{
	wvx	wvx1/wv00004c.wvx
	wvx	wvx1/wv000080.wvx
	efx	efx1/se00004c.efx
	mdx	mdx1/sg00004b.mdx
}

pak w12c/pk000000.sdx	//w12c　Ａ脚屋上（昼）
{
	wvx	wvx1/wv00004d.wvx
	wvx	wvx1/wv000080.wvx
	efx	efx1/se00004d.efx
	mdx	mdx1/sg000030.mdx
}

pak w13a/pk000000.sdx	//w13a　ＡＢ連絡橋（朝）
{
	wvx	wvx1/wv00004d.wvx
	wvx	wvx1/wv000080.wvx
	efx	efx1/se00004b.efx
	mdx	mdx1/sg000030.mdx
}

pak w13b/pk000000.sdx	//w13b　ＡＢ連絡橋（昼）
{
	wvx	wvx1/wv00004d.wvx
	wvx	wvx1/wv000080.wvx
	efx	efx1/se00004b.efx
	mdx	mdx1/sg000030.mdx
}

pak w14a/pk000000.sdx	//w14a　Ｂ脚変電室
{
	wvx	wvx1/wv000057.wvx
	wvx	wvx1/wv000080.wvx
	efx	efx1/se000057.efx
	mdx	mdx1/sg00004f.mdx
}
pak w14a/pk000001.sdx	//w14a　Ｂ脚変電室（センサーＢ爆弾探索イベント中）
{
	wvx	wvx1/wv000057.wvx
	wvx	wvx1/wv000080.wvx
	efx	efx1/se000057.efx
	mdx	mdx1/sg00004b.mdx
}

pak d012p01/pk000000.sdx	//d012p01　ＢＣ連絡橋（フォーチュンデモ後用）
{
	wvx	wvx1/wv00004d.wvx
	wvx	wvx1/wv000080.wvx
	efx	efx1/se00004a.efx
	mdx	mdx1/sg000030.mdx
}

pak w15a/pk000000.sdx	//w15a　ＢＣ連絡橋（朝）
{
	wvx	wvx1/wv00004d.wvx
	wvx	wvx1/wv000080.wvx
	efx	efx1/se00004a.efx
	mdx	mdx1/sg000030.mdx
}

pak w15b/pk000000.sdx	//w15b　ＢＣ連絡橋（昼）
{
	wvx	wvx1/wv00004d.wvx
	wvx	wvx1/wv000080.wvx
	efx	efx1/se00004a.efx
	mdx	mdx1/sg000030.mdx
}

pak w16a/pk000000.sdx	//w16a　Ｃ脚トイレ＆厨房
{
	wvx	wvx1/wv00003b.wvx
	wvx	wvx1/wv000080.wvx
	efx	efx1/se00004f.efx
	mdx	mdx1/sg000033.mdx
}

pak w16b/pk000000.sdx	//w16b　Ｃ脚トイレ＆厨房
{
	wvx	wvx1/wv00004f.wvx
	wvx	wvx1/wv000080.wvx
	efx	efx1/se00004f.efx
	mdx	mdx1/sg00004a.mdx
}
pak w16b/pk000001.sdx	//w16b　Ｃ脚トイレ厨房（センサーＢ爆弾探索イベント中）
{
	wvx	wvx1/wv00004f.wvx
	wvx	wvx1/wv000080.wvx
	efx	efx1/se00004f.efx
	mdx	mdx1/sg00004b.mdx
}

pak w17a/pk000000.sdx	//w17a　ＣＤ連絡橋
{
	wvx	wvx1/wv00003d.wvx
	wvx	wvx1/wv000080.wvx
	efx	efx1/se00003d.efx
	mdx	mdx1/sg000030.mdx
}

pak w18a/pk000000.sdx	//w18a　Ｄ脚第一沈殿池
{
	wvx	wvx1/wv000049.wvx
	wvx	wvx1/wv000080.wvx
	efx	efx1/se000049.efx
	mdx	mdx1/sg00004e.mdx
}
pak w18a/pk000001.sdx	//w18a　Ｄ脚第一沈殿池（センサーＢ爆弾探索イベント中）
{
	wvx	wvx1/wv000049.wvx
	wvx	wvx1/wv000080.wvx
	efx	efx1/se000049.efx
	mdx	mdx1/sg00004b.mdx
}

pak w19a/pk000000.sdx	//w19a　ＤＥ連絡橋
{
	wvx	wvx1/wv00005c.wvx
	wvx	wvx1/wv000080.wvx
	efx	efx1/se00005c.efx
	mdx	mdx1/sg000030.mdx
}

pak w20a/pk000000.sdx	//w20a　Ｅ脚ベルトコンベア
{
	wvx	wvx1/wv000048.wvx
	wvx	wvx1/wv000080.wvx
	efx	efx1/se000048.efx
	mdx	mdx1/sg000046.mdx
}
pak w20a/pk000001.sdx	//w20a　Ｅ脚ベルトコンベア停止後
{
	wvx	wvx1/wv000048.wvx
	wvx	wvx1/wv000080.wvx
	efx	efx1/se000048.efx
	mdx	mdx1/sg000049.mdx
}

pak w20b/pk000000.sdx	//w20b　Ｅ脚ヘリポート（フォーチュン戦前）
{
	wvx	wvx1/wv000047.wvx
	wvx	wvx1/wv000080.wvx
	efx	efx1/se000047.efx
	mdx	mdx1/sg000030.mdx
}

pak d021p01/pk000000.sdx	//d021p01　Ｅ脚ヘリポート（オルガデモ後用）
{
	wvx	wvx1/wv000047.wvx
	wvx	wvx1/wv000080.wvx
	efx	efx1/se000047.efx
	mdx	mdx1/sg000030.mdx
}

pak w20c/pk000000.sdx	//w20c　ファットマン戦
{
	wvx	wvx1/wv000059.wvx
	wvx	wvx1/wv000091.wvx
	efx	efx1/se000059.efx
	mdx	mdx1/sg000043.mdx
}

pak w20d/pk000000.sdx	//w20d　Ｅ脚ヘリポート（ファットマン戦後）
{
	wvx	wvx1/wv000047.wvx
	wvx	wvx1/wv000080.wvx
	efx	efx1/se000047.efx
	mdx	mdx1/sg000030.mdx
}

pak w21a/pk000000.sdx	//w21a　ＥＦ連絡橋（昼）
{
	wvx	wvx1/wv000046.wvx
	wvx	wvx1/wv000080.wvx
	efx	efx1/se000046.efx
	mdx	mdx1/sg000030.mdx
}

pak w21b/pk000000.sdx	//w21b　ＥＦ連絡橋（夕）
{
	wvx	wvx1/wv000046.wvx
	wvx	wvx1/wv000080.wvx
	efx	efx1/se000046.efx
	mdx	mdx1/sg000030.mdx
}

pak w22a/pk000000.sdx	//w22a　Ｆ脚倉庫
{
	wvx	wvx1/wv000045.wvx
	wvx	wvx1/wv000080.wvx
	efx	efx1/se000045.efx
	mdx	mdx1/sg000034.mdx
}
pak w22a/pk000001.sdx	//w22a　Ｆ脚倉庫（センサーＢ爆弾探索イベント中）
{
	wvx	wvx1/wv000045.wvx
	wvx	wvx1/wv000080.wvx
	efx	efx1/se000045.efx
	mdx	mdx1/sg00004b.mdx
}

pak w23a/pk000000.sdx	//w23a　ＦＡ連絡橋（朝）
{
	wvx	wvx1/wv00005c.wvx
	wvx	wvx1/wv000080.wvx
	efx	efx1/se00005c.efx
	mdx	mdx1/sg000030.mdx
}

pak w23b/pk000000.sdx	//w23b　ＦＡ連絡橋（昼）
{
	wvx	wvx1/wv00005c.wvx
	wvx	wvx1/wv000080.wvx
	efx	efx1/se00005c.efx
	mdx	mdx1/sg000030.mdx
}

pak w24a/pk000000.sdx	//w24a　シェル１中央棟1F回廊
{
	wvx	wvx1/wv000044.wvx
	wvx	wvx1/wv000080.wvx
	efx	efx1/se000044.efx
	mdx	mdx1/sg00004d.mdx
}

pak w24b/pk000000.sdx	//w24b　シェル１中央棟B1
{
	wvx	wvx1/wv000044.wvx
	wvx	wvx1/wv000080.wvx
	efx	efx1/se000044.efx
	mdx	mdx1/sg00004d.mdx
}

pak w24c/pk000000.sdx	//w24c　シェル１中央棟Ｂ１ホール
{
	wvx	wvx1/wv00005a.wvx
	wvx	wvx1/wv000097.wvx
	efx	efx1/se00005a.efx
	mdx	mdx1/sg000038.mdx
}

pak w24d/pk000000.sdx	//w24d　シェル１中央棟Ｂ３電算室（オウム）
{
	wvx	wvx1/wv000052.wvx
	wvx	wvx1/wv000080.wvx
	efx	efx1/se000052.efx
	mdx	mdx1/sg000041.mdx
}

pak w24e/pk000000.sdx	//w24e　シェル１中央棟Ｂ２ホール（オセロット）
{
	wvx	wvx1/wv00003e.wvx
	wvx	wvx1/wv000097.wvx
	efx	efx1/se00003e.efx
	mdx	mdx1/sg000038.mdx
}

pak w25a/pk000000.sdx	//w25a　ＤＧ連絡橋（ハリアー戦）
{
	wvx	wvx1/wv000056.wvx
	wvx	wvx1/wv000093.wvx
	efx	efx1/se000056.efx
	mdx	mdx1/sg000039.mdx
}

pak w25b/pk000000.sdx	//w25b　ＤＧ連絡橋（キャットウォーク）
{
	wvx	wvx1/wv00005c.wvx
	wvx	wvx1/wv000080.wvx
	efx	efx1/se00005c.efx
	mdx	mdx1/sg000056.mdx
}

pak w25c/pk000000.sdx	//w25c　ＤＧ連絡橋（キャットウォーク）
{
	wvx	wvx1/wv00005c.wvx
	wvx	wvx1/wv000080.wvx
	efx	efx1/se00005c.efx
	mdx	mdx1/sg000056.mdx
}

pak w25d/pk000000.sdx	//w25d　ＤＧ連絡橋（エマ連れ３）
{
	wvx	wvx1/wv000043.wvx
	wvx	wvx1/wv000080.wvx
	efx	efx1/se000043.efx
	mdx	mdx1/sg000030.mdx
}

pak w28a/pk000000.sdx	//w28a　Ｌ脚（倉庫）（エマ連れ４）
{
	wvx	wvx1/wv000042.wvx
	wvx	wvx1/wv000080.wvx
	efx	efx1/se000042.efx
	mdx	mdx1/sg000050.mdx
}

pak w31a/pk000000.sdx	//w31a　シェル２中央棟１Ｆ空気清浄室（大統領）
{
	wvx	wvx1/wv000054.wvx
	wvx	wvx1/wv000095.wvx
	efx	efx1/se000054.efx
	mdx	mdx1/sg000055.mdx
}

pak w31b/pk000000.sdx	//w31b　シェル２中央棟Ｂ１ろ過槽
{
	wvx	wvx1/wv00005b.wvx
	wvx	wvx1/wv000080.wvx
	efx	efx1/se00005b.efx
	mdx	mdx1/sg000053.mdx
}
pak w31b/pk000001.sdx	//w31b　シェル２中央棟Ｂ１ろ過槽（エマ連れ１）
{
	wvx	wvx1/wv00005b.wvx
	wvx	wvx1/wv000080.wvx
	efx	efx1/se00005b.efx
	mdx	mdx1/sg00003f.mdx
}

pak w31c/pk000000.sdx	//w31c　ヴァンプ戦（シェル２中央棟Ｂ１生物反応槽）
{
	wvx	wvx1/wv000053.wvx
	wvx	wvx1/wv000096.wvx
	efx	efx1/se000053.efx
	mdx	mdx1/sg00003c.mdx
}
pak w31c/pk000001.sdx	//w31c　ヴァンプ戦（対スネークバージョン）
{
	wvx	wvx1/wv000053.wvx
	wvx	wvx1/wv000099.wvx
	efx	efx1/se00002e.efx
	mdx	mdx1/sg00003c.mdx
}

pak w31f/pk000000.sdx	//w31f　シェル２中央棟Ｂ１生物反応槽（エマ遭遇）
{
	wvx	wvx1/wv00005b.wvx
	wvx	wvx1/wv000080.wvx
	efx	efx1/se00005b.efx
	mdx	mdx1/sg00003f.mdx
}


pak w31d/pk000000.sdx	//w31d　シェル２中央棟１Ｆ空気清浄室（エマ連れ２）
{
	wvx	wvx1/wv000051.wvx
	wvx	wvx1/wv000080.wvx
	efx	efx1/se000051.efx
	mdx	mdx1/sg00003f.mdx
}

pak w32a/pk000000.sdx	//w32a　オイルフェンス(狙撃)
{
	wvx	wvx1/wv000058.wvx
	wvx	wvx1/wv000080.wvx
	efx	efx1/se000058.efx
	mdx	mdx1/sg000040.mdx
}

pak w32b/pk000000.sdx	//w32b　オイルフェンス(狙撃ヴァンプ)
{
	wvx	wvx1/wv00003f.wvx
	wvx	wvx1/wv000080.wvx
	efx	efx1/se000058.efx
	mdx	mdx1/sg00003e.mdx
}
pak w32b/pk000001.sdx	//w32b　あたふたデモ用
{
	wvx	wvx1/wv000048.wvx
	wvx	wvx1/wv000080.wvx
	efx	efx1/se000048.efx
	mdx	mdx1/sg000049.mdx
}

pak w41a/pk000000.sdx	//w41a　ＡＧ・拷問部屋
{
	wvx	wvx1/wv000041.wvx
	wvx	wvx1/wv000080.wvx
	efx	efx1/se000041.efx
	mdx	mdx1/sg000051.mdx
}
pak w41a/pk000001.sdx	//w41a　ＡＧ・拷問部屋・２回目以降
{
	wvx	wvx1/wv00005d.wvx
	wvx	wvx1/wv000080.wvx
	efx	efx1/se00005d.efx
	mdx	mdx1/sg000047.mdx
}

pak w42a/pk000000.sdx	//w42a　ＡＧ・第一メタルハンガー（天狗兵）
{
	wvx	wvx1/wv00005d.wvx
	wvx	wvx1/wv000080.wvx
	efx	efx1/se00005d.efx
	mdx	mdx1/sg000047.mdx
}

pak w43a/pk000000.sdx	//w43a　ＡＧ・丸通路
{
	wvx	wvx1/wv00005d.wvx
	wvx	wvx1/wv000080.wvx
	efx	efx1/se00005d.efx
	mdx	mdx1/sg000052.mdx
}

pak w44a/pk000000.sdx	//w44a　ＡＧ・第ニメタルハンガー（天狗兵）
{
	wvx	wvx1/wv00005d.wvx
	wvx	wvx1/wv000080.wvx
	efx	efx1/se00005d.efx
	mdx	mdx1/sg000047.mdx
}

pak w45a/pk000000.sdx	//w45a　アーセナルギア小部屋Ｂ（天狗兵）
{
	wvx	wvx1/wv00005d.wvx
	wvx	wvx1/wv000080.wvx
	efx	efx1/se00005d.efx
	mdx	mdx1/sg000047.mdx
}

pak w46a/pk000000.sdx	//w46a　ＲＡＹ戦
{
	wvx	wvx1/wv000050.wvx
	wvx	wvx1/wv000098.wvx
	efx	efx1/se000050.efx
	mdx	mdx1/sg00003d.mdx
}

pak w51a/pk000000.sdx	//w51a　ＡＧ・上部
{
	wvx	wvx1/wv000040.wvx
	wvx	wvx1/wv000080.wvx
	efx	efx1/se000040.efx
	mdx	mdx1/sg000054.mdx
}

pak w61a/pk000000.sdx	//w61a　ソリダス戦
{
	wvx	wvx1/wv000055.wvx
	wvx	wvx1/wv000094.wvx
	efx	efx1/se000055.efx
	mdx	mdx1/sg00003a.mdx
}
