//サウンドパックリスト（実行環境用、英語版）

pak r_tnk0/pk000000.sdx	//タンカー常駐
{
	wvx	wvx1/wv00007f.wvx
	wvx	wvx1/wv0000ff.wvx
	mdx	mdx1/sg0000ff.mdx
	efx	efx1/se00007f.efx
}

pak r_title/pk000000.sdx	//タイトル常駐
{
	wvx	wvx1/wv00004f.wvx
	wvx	wvx1/wv0000ff.wvx
	mdx	mdx1/sg0000ff.mdx
	efx	efx1/se00005f.efx
}
pak r_plt0/pk000000.sdx	//プラント常駐
{
	wvx	wvx1/wv00005f.wvx
	wvx	wvx1/wv0000ff.wvx
	mdx	mdx1/sg0000ff.mdx
	efx	efx1/se00005f.efx
}
pak r_plt1/pk000000.sdx	//プラント常駐（潜水スーツ）
{
	wvx	wvx1/wv00005f.wvx
	wvx	wvx1/wv0000ff.wvx
	mdx	mdx1/sg0000ff.mdx
	efx	efx1/se00005f.efx
}
pak r_plt2/pk000000.sdx	//プラント常駐（裸）
{
	wvx	wvx1/wv00005f.wvx
	wvx	wvx1/wv0000ff.wvx
	mdx	mdx1/sg0000ff.mdx
	efx	efx1/se00005f.efx
}
pak r_plt3/pk000000.sdx	//プラント常駐（ファットマン戦直後）
{
	wvx	wvx1/wv00005f.wvx
	wvx	wvx1/wv0000ff.wvx
	mdx	mdx1/sg0000ff.mdx
	efx	efx1/se00005f.efx
}
pak r_plt4/pk000000.sdx	//プラント常駐（敵兵装ライデン）
{
	wvx	wvx1/wv00005f.wvx
	wvx	wvx1/wv0000ff.wvx
	mdx	mdx1/sg0000ff.mdx
	efx	efx1/se00005f.efx
}
pak r_plt5/pk000000.sdx	//プラント常駐（敵兵装ライデン覆面ナシ）
{
	wvx	wvx1/wv00005f.wvx
	wvx	wvx1/wv0000ff.wvx
	mdx	mdx1/sg0000ff.mdx
	efx	efx1/se00005f.efx
}


//ボスラッシュ用常駐

pak w00b/pk00000e.sdx	//タンカー常駐（ボスラッシュスネーク）
{
	wvx	wvx1/wv00007f.wvx
	wvx	wvx1/wv0000ff.wvx
	mdx	mdx1/sg0000ff.mdx
	efx	efx1/se00007f.efx
}
pak w00b/pk00000f.sdx	//ライデン声タンカー常駐（ボスラッシュライデン）
{
	wvx	wvx1/wv00001f.wvx
	wvx	wvx1/wv0000ff.wvx
	mdx	mdx1/sg0000ff.mdx
	efx	efx1/se00001f.efx
}
pak w20c/pk00000e.sdx	//スネーク声プラント常駐読替（ボスラッシュスネーク）
{
	wvx	wvx1/wv00002f.wvx
	wvx	wvx1/wv0000ff.wvx
	mdx	mdx1/sg0000ff.mdx
	efx	efx1/se00002f.efx
}
pak w20c/pk00000f.sdx	//プラント常駐読替（ボスラッシュライデン）
{
	wvx	wvx1/wv00005f.wvx
	wvx	wvx1/wv0000ff.wvx
	mdx	mdx1/sg0000ff.mdx
	efx	efx1/se00005f.efx
}


//タンカー編

//pak title/pk000000.sdx	title　タンカータイトル
//{
//	wvx	wvx1/wv000070.wvx
//	wvx	wvx1/wv000082.wvx
//	mdx	mdx1/sg000020.mdx
//	efx	efx1/se000070.efx
//}

//pak special/pk000000.sdx	special　スペシャル
//{
//	wvx	wvx1/wv000070.wvx
//	wvx	wvx1/wv000082.wvx
//	mdx	mdx1/sg000020.mdx
//	efx	efx1/se000070.efx
//}

pak d00t/pk000000.sdx	//d00t　デモ１
{
	wvx	wvx1/wv00007d.wvx
	wvx	wvx1/wv000080.wvx
	efx	efx1/se00007d.efx
	mdx	mdx1/sg000010.mdx
}

pak d01t/pk000000.sdx	//d01t　デモ２
{
	wvx	wvx1/wv00007d.wvx
	wvx	wvx1/wv000080.wvx
	efx	efx1/se00007d.efx
	mdx	mdx1/sg000010.mdx
}

pak w00a/pk000000.sdx	//w00a　タンカー甲板
{
	wvx	wvx1/wv00007d.wvx
	wvx	wvx1/wv000080.wvx
	efx	efx1/se00007d.efx
	mdx	mdx1/sg000010.mdx
}

pak w00b/pk000000.sdx	//w00b　オルガ戦
{
	wvx	wvx1/wv00007a.wvx
	wvx	wvx1/wv000081.wvx
	efx	efx1/se00007a.efx
	mdx	mdx1/sg000012.mdx
} 

pak w00c/pk000000.sdx	//w00c　タンカー屋外上層
{
	wvx	wvx1/wv00007d.wvx
	wvx	wvx1/wv000080.wvx
	efx	efx1/se00007d.efx
	mdx	mdx1/sg000010.mdx
}

pak w01a/pk000000.sdx	//w01a　タンカー居住区一階（下半分）
{
	wvx	wvx1/wv000079.wvx
	wvx	wvx1/wv000080.wvx
	efx	efx1/se000079.efx
	mdx	mdx1/sg000014.mdx
}

pak w01b/pk000000.sdx	//w01b　タンカー居住区二階
{
	wvx	wvx1/wv000073.wvx
	wvx	wvx1/wv000080.wvx
	efx	efx1/se000073.efx
	mdx	mdx1/sg000018.mdx
}

pak w01c/pk000000.sdx	//w01c　タンカー居住区三階
{
	wvx	wvx1/wv000073.wvx
	wvx	wvx1/wv000080.wvx
	efx	efx1/se000072.efx
	mdx	mdx1/sg00001a.mdx
}

pak w01d/pk000000.sdx	//w01d　タンカー居住区四階
{
	wvx	wvx1/wv000076.wvx
	wvx	wvx1/wv000080.wvx
	efx	efx1/se000074.efx
	mdx	mdx1/sg000019.mdx
}

pak w01e/pk000000.sdx	//w01e　タンカー居住区五階（操舵室）
{
	wvx	wvx1/wv000078.wvx
	wvx	wvx1/wv000080.wvx
	efx	efx1/se000078.efx
	mdx	mdx1/sg000017.mdx
}

pak w01f/pk000000.sdx	//w01f　タンカー居住区一階（上半分）
{
	wvx	wvx1/wv000075.wvx
	wvx	wvx1/wv000080.wvx
	efx	efx1/se000076.efx
	mdx	mdx1/sg000015.mdx
}

pak w02a/pk000000.sdx	//w02a　タンカーエンジンルーム
{
	wvx	wvx1/wv00007c.wvx
	wvx	wvx1/wv000080.wvx
	efx	efx1/se00007c.efx
	mdx	mdx1/sg000011.mdx
}

pak w03a/pk000000.sdx	//w03a　タンカー長廊下（左舷）
{
	wvx	wvx1/wv00007b.wvx
	wvx	wvx1/wv000080.wvx
	efx	efx1/se00007b.efx
	mdx	mdx1/sg000013.mdx
}

pak w03b/pk000000.sdx	//w03b　タンカー長廊下（右舷）
{
	wvx	wvx1/wv000074.wvx
	wvx	wvx1/wv000080.wvx
	efx	efx1/se000075.efx
	mdx	mdx1/sg00001b.mdx
}
pak w03b/pk000001.sdx	//w03b　タンカー長廊下（右舷、ボスサバ）
{
	wvx	wvx1/wv000074.wvx
	wvx	wvx1/wv000080.wvx
	efx	efx1/se000075.efx
	mdx	mdx1/sg000012.mdx
}

pak w04a/pk000000.sdx	//w04a　タンカー船倉１
{
	wvx	wvx1/wv000077.wvx
	wvx	wvx1/wv000083.wvx
	efx	efx1/se000077.efx
	mdx	mdx1/sg000016.mdx
}

pak w04b/pk000000.sdx	//w04b　タンカー船倉２
{
	wvx	wvx1/wv000077.wvx
	wvx	wvx1/wv000083.wvx
	efx	efx1/se000077.efx
	mdx	mdx1/sg000016.mdx
}

pak w04c/pk000000.sdx	//w04c　タンカー船倉３
{
	wvx	wvx1/wv000077.wvx
	wvx	wvx1/wv000083.wvx
	efx	efx1/se000077.efx
	mdx	mdx1/sg000016.mdx
}


//プラント編

pak n_title/pk000000.sdx	//n_title　本タイトル
{
	wvx	wvx1/wv00003c.wvx
	wvx	wvx1/wv000082.wvx
	efx	efx1/se00003c.efx
	mdx	mdx1/sg000048.mdx
}

pak d001p02/pk000000.sdx	//d001p02　海底ドック（スタート時デモ）
{
	wvx	wvx1/wv00004e.wvx
	wvx	wvx1/wv000080.wvx
	efx	efx1/se00004e.efx
	mdx	mdx1/sg000044.mdx
}

pak w11a/pk000000.sdx	//w11a　海底ドック（〜爆弾解体前）
{
	wvx	wvx1/wv00004e.wvx
	wvx	wvx1/wv000080.wvx
	efx	efx1/se00004e.efx
	mdx	mdx1/sg000044.mdx
}

pak w11b/pk000000.sdx	//w11b　海底ドック（〜フォーチュン戦前）
{
	wvx	wvx1/wv00004e.wvx
	wvx	wvx1/wv000080.wvx
	efx	efx1/se00004e.efx
	mdx	mdx1/sg00004c.mdx
}

pak w11c/pk000000.sdx	//w11c　フォーチュン戦
{
	wvx	wvx1/wv00005e.wvx
	wvx	wvx1/wv000092.wvx
	efx	efx1/se00005e.efx
	mdx	mdx1/sg00003e.mdx
}

pak d005p01/pk000000.sdx	//d005p01　Ａ脚屋上（ＥＶ上昇直後デモ）
{
	wvx	wvx1/wv00004d.wvx
	wvx	wvx1/wv000080.wvx
	efx	efx1/se00004d.efx
	mdx	mdx1/sg000030.mdx
}

pak w12a/pk000000.sdx	//w12a　Ａ脚屋上（朝）
{
	wvx	wvx1/wv00004d.wvx
	wvx	wvx1/wv000080.wvx
	efx	efx1/se00004d.efx
	mdx	mdx1/sg000030.mdx
}

pak w12b/pk000000.sdx	//w12b　Ａ脚1Fポンプ室
{
	wvx	wvx1/wv00004c.wvx
	wvx	wvx1/wv000080.wvx
	efx	efx1/se00004c.efx
	mdx	mdx1/sg000042.mdx
}
pak w12b/pk000001.sdx	//w12b　Ａ脚1Fポンプ室（センサーＢ爆弾探索イベント中）
{
	wvx	wvx1/wv00004c.wvx
	wvx	wvx1/wv000080.wvx
	efx	efx1/se00004c.efx
	mdx	mdx1/sg00004b.mdx
}
pak w12b/pk000002.sdx	//w12b　Ａ脚1Fポンプ室（ハイテク兵）
{
	wvx	wvx1/wv00004c.wvx
	wvx	wvx1/wv0000a0.wvx
	efx	efx1/se00004c.efx
	mdx	mdx1/sg000042.mdx
}

pak w12c/pk000000.sdx	//w12c　Ａ脚屋上（昼）
{
	wvx	wvx1/wv00004d.wvx
	wvx	wvx1/wv000080.wvx
	efx	efx1/se00004d.efx
	mdx	mdx1/sg000030.mdx
}
pak w12c/pk000001.sdx	//w12c　Ａ脚屋上（昼、ハイテク兵）
{
	wvx	wvx1/wv00004d.wvx
	wvx	wvx1/wv0000a0.wvx
	efx	efx1/se00004d.efx
	mdx	mdx1/sg000030.mdx
}

pak w13a/pk000000.sdx	//w13a　ＡＢ連絡橋（朝）
{
	wvx	wvx1/wv00004d.wvx
	wvx	wvx1/wv000080.wvx
	efx	efx1/se00004b.efx
	mdx	mdx1/sg000030.mdx
}

pak w13b/pk000000.sdx	//w13b　ＡＢ連絡橋（昼）
{
	wvx	wvx1/wv00004d.wvx
	wvx	wvx1/wv000080.wvx
	efx	efx1/se00004b.efx
	mdx	mdx1/sg000030.mdx
}
pak w13b/pk000001.sdx	//w13b　ＡＢ連絡橋（昼、ハイテク兵）
{
	wvx	wvx1/wv00004d.wvx
	wvx	wvx1/wv0000a0.wvx
	efx	efx1/se00004b.efx
	mdx	mdx1/sg000030.mdx
}

pak w14a/pk000000.sdx	//w14a　Ｂ脚変電室
{
	wvx	wvx1/wv000057.wvx
	wvx	wvx1/wv000080.wvx
	efx	efx1/se000057.efx
	mdx	mdx1/sg00004f.mdx
}
pak w14a/pk000001.sdx	//w14a　Ｂ脚変電室（センサーＢ爆弾探索イベント中）
{
	wvx	wvx1/wv000057.wvx
	wvx	wvx1/wv000080.wvx
	efx	efx1/se000057.efx
	mdx	mdx1/sg00004b.mdx
}
pak w14a/pk000002.sdx	//w14a　Ｂ脚変電室（ハイテク兵）
{
	wvx	wvx1/wv000057.wvx
	wvx	wvx1/wv0000a0.wvx
	efx	efx1/se000057.efx
	mdx	mdx1/sg00004f.mdx
}

pak d012p01/pk000000.sdx	//d012p01　ＢＣ連絡橋（フォーチュンデモ後用）
{
	wvx	wvx1/wv00004d.wvx
	wvx	wvx1/wv000080.wvx
	efx	efx1/se00004a.efx
	mdx	mdx1/sg000030.mdx
}

pak w15a/pk000000.sdx	//w15a　ＢＣ連絡橋（朝）
{
	wvx	wvx1/wv00004d.wvx
	wvx	wvx1/wv000080.wvx
	efx	efx1/se00004a.efx
	mdx	mdx1/sg000030.mdx
}

pak w15b/pk000000.sdx	//w15b　ＢＣ連絡橋（昼）
{
	wvx	wvx1/wv00004d.wvx
	wvx	wvx1/wv000080.wvx
	efx	efx1/se00004a.efx
	mdx	mdx1/sg000030.mdx
}
pak w15b/pk000001.sdx	//w15b　ＢＣ連絡橋（昼、ハイテク兵）
{
	wvx	wvx1/wv00004d.wvx
	wvx	wvx1/wv0000a0.wvx
	efx	efx1/se00004a.efx
	mdx	mdx1/sg000030.mdx
}

pak w16a/pk000000.sdx	//w16a　Ｃ脚トイレ＆厨房
{
	wvx	wvx1/wv00003b.wvx
	wvx	wvx1/wv000080.wvx
	efx	efx1/se00004f.efx
	mdx	mdx1/sg000033.mdx
}

pak w16b/pk000000.sdx	//w16b　Ｃ脚トイレ＆厨房
{
	wvx	wvx1/wv00003a.wvx
	wvx	wvx1/wv000080.wvx
	efx	efx1/se00004f.efx
	mdx	mdx1/sg00004a.mdx
}
pak w16b/pk000001.sdx	//w16b　Ｃ脚トイレ厨房（センサーＢ爆弾探索イベント中）
{
	wvx	wvx1/wv00003a.wvx
	wvx	wvx1/wv000080.wvx
	efx	efx1/se00004f.efx
	mdx	mdx1/sg00004b.mdx
}
pak w16b/pk000002.sdx	//w16b　Ｃ脚トイレ＆厨房（ハイテク兵）
{
	wvx	wvx1/wv00003a.wvx
	wvx	wvx1/wv0000a0.wvx
	efx	efx1/se00004f.efx
	mdx	mdx1/sg00004a.mdx
}

pak w17a/pk000000.sdx	//w17a　ＣＤ連絡橋
{
	wvx	wvx1/wv00003d.wvx
	wvx	wvx1/wv000080.wvx
	efx	efx1/se00003d.efx
	mdx	mdx1/sg000030.mdx
}
pak w17a/pk000001.sdx	//w17a　ＣＤ連絡橋（ハイテク兵）
{
	wvx	wvx1/wv00003d.wvx
	wvx	wvx1/wv0000a0.wvx
	efx	efx1/se00003d.efx
	mdx	mdx1/sg000030.mdx
}

pak w18a/pk000000.sdx	//w18a　Ｄ脚第一沈殿池
{
	wvx	wvx1/wv000049.wvx
	wvx	wvx1/wv000080.wvx
	efx	efx1/se000049.efx
	mdx	mdx1/sg00004e.mdx
}
pak w18a/pk000001.sdx	//w18a　Ｄ脚第一沈殿池（センサーＢ爆弾探索イベント中）
{
	wvx	wvx1/wv000049.wvx
	wvx	wvx1/wv000080.wvx
	efx	efx1/se000049.efx
	mdx	mdx1/sg00004b.mdx
}
pak w18a/pk000002.sdx	//w18a　Ｄ脚第一沈殿池（ハイテク兵）
{
	wvx	wvx1/wv000049.wvx
	wvx	wvx1/wv0000a0.wvx
	efx	efx1/se000049.efx
	mdx	mdx1/sg00004e.mdx
}

pak w19a/pk000000.sdx	//w19a　ＤＥ連絡橋
{
	wvx	wvx1/wv00005c.wvx
	wvx	wvx1/wv000080.wvx
	efx	efx1/se00005c.efx
	mdx	mdx1/sg000030.mdx
}
pak w19a/pk000001.sdx	//w19a　ＤＥ連絡橋（ハイテク兵）
{
	wvx	wvx1/wv00005c.wvx
	wvx	wvx1/wv0000a0.wvx
	efx	efx1/se00005c.efx
	mdx	mdx1/sg000030.mdx
}

pak w20a/pk000000.sdx	//w20a　Ｅ脚ベルトコンベア
{
	wvx	wvx1/wv000048.wvx
	wvx	wvx1/wv000080.wvx
	efx	efx1/se000048.efx
	mdx	mdx1/sg000046.mdx
}
pak w20a/pk000001.sdx	//w20a　Ｅ脚ベルトコンベア停止後
{
	wvx	wvx1/wv000048.wvx
	wvx	wvx1/wv000080.wvx
	efx	efx1/se000048.efx
	mdx	mdx1/sg000049.mdx
}
pak w20a/pk000002.sdx	//w20a　Ｅ脚ベルトコンベア（ハイテク兵）
{
	wvx	wvx1/wv000048.wvx
	wvx	wvx1/wv0000a0.wvx
	efx	efx1/se000048.efx
	mdx	mdx1/sg000046.mdx
}

pak w20b/pk000000.sdx	//w20b　Ｅ脚ヘリポート（フォーチュン戦前）
{
	wvx	wvx1/wv000047.wvx
	wvx	wvx1/wv000080.wvx
	efx	efx1/se000047.efx
	mdx	mdx1/sg000030.mdx
}

pak d021p01/pk000000.sdx	//d021p01　Ｅ脚ヘリポート（オルガデモ後用）
{
	wvx	wvx1/wv000047.wvx
	wvx	wvx1/wv000080.wvx
	efx	efx1/se000047.efx
	mdx	mdx1/sg000030.mdx
}

pak w20c/pk000000.sdx	//w20c　ファットマン戦
{
	wvx	wvx1/wv000059.wvx
	wvx	wvx1/wv000091.wvx
	efx	efx1/se000059.efx
	mdx	mdx1/sg000043.mdx
}

pak w20d/pk000000.sdx	//w20d　Ｅ脚ヘリポート（ファットマン戦後）
{
	wvx	wvx1/wv000047.wvx
	wvx	wvx1/wv000080.wvx
	efx	efx1/se000047.efx
	mdx	mdx1/sg000030.mdx
}
pak w20d/pk000001.sdx	//w20d　Ｅ脚ヘリポート（ファットマン戦後、ハイテク兵）
{
	wvx	wvx1/wv000047.wvx
	wvx	wvx1/wv0000a0.wvx
	efx	efx1/se000047.efx
	mdx	mdx1/sg000030.mdx
}

pak w21a/pk000000.sdx	//w21a　ＥＦ連絡橋（昼）
{
	wvx	wvx1/wv000046.wvx
	wvx	wvx1/wv000080.wvx
	efx	efx1/se000046.efx
	mdx	mdx1/sg000030.mdx
}
pak w21a/pk000001.sdx	//w21a　ＥＦ連絡橋（昼、ハイテク兵）
{
	wvx	wvx1/wv000046.wvx
	wvx	wvx1/wv0000a0.wvx
	efx	efx1/se000046.efx
	mdx	mdx1/sg000030.mdx
}

pak w21b/pk000000.sdx	//w21b　ＥＦ連絡橋（夕）
{
	wvx	wvx1/wv000046.wvx
	wvx	wvx1/wv000080.wvx
	efx	efx1/se000046.efx
	mdx	mdx1/sg000030.mdx
}

pak w22a/pk000000.sdx	//w22a　Ｆ脚倉庫
{
	wvx	wvx1/wv000045.wvx
	wvx	wvx1/wv000080.wvx
	efx	efx1/se000045.efx
	mdx	mdx1/sg000034.mdx
}
pak w22a/pk000001.sdx	//w22a　Ｆ脚倉庫（センサーＢ爆弾探索イベント中）
{
	wvx	wvx1/wv000045.wvx
	wvx	wvx1/wv000080.wvx
	efx	efx1/se000045.efx
	mdx	mdx1/sg00004b.mdx
}
pak w22a/pk000002.sdx	//w22a　Ｆ脚倉庫（ハイテク兵）
{
	wvx	wvx1/wv000045.wvx
	wvx	wvx1/wv0000a0.wvx
	efx	efx1/se000045.efx
	mdx	mdx1/sg000034.mdx
}

pak w23a/pk000000.sdx	//w23a　ＦＡ連絡橋（朝）
{
	wvx	wvx1/wv00005c.wvx
	wvx	wvx1/wv000080.wvx
	efx	efx1/se00005c.efx
	mdx	mdx1/sg000030.mdx
}

pak w23b/pk000000.sdx	//w23b　ＦＡ連絡橋（昼）
{
	wvx	wvx1/wv00005c.wvx
	wvx	wvx1/wv000080.wvx
	efx	efx1/se00005c.efx
	mdx	mdx1/sg000030.mdx
}
pak w23b/pk000001.sdx	//w23b　ＦＡ連絡橋（昼、ハイテク兵）
{
	wvx	wvx1/wv00005c.wvx
	wvx	wvx1/wv0000a0.wvx
	efx	efx1/se00005c.efx
	mdx	mdx1/sg000030.mdx
}

pak w24a/pk000000.sdx	//w24a　シェル１中央棟1F回廊
{
	wvx	wvx1/wv000044.wvx
	wvx	wvx1/wv000080.wvx
	efx	efx1/se000044.efx
	mdx	mdx1/sg00004d.mdx
}

pak w24b/pk000000.sdx	//w24b　シェル１中央棟B1
{
	wvx	wvx1/wv000044.wvx
	wvx	wvx1/wv000080.wvx
	efx	efx1/se000044.efx
	mdx	mdx1/sg00004d.mdx
}

pak w24c/pk000000.sdx	//w24c　シェル１中央棟Ｂ１ホール
{
	wvx	wvx1/wv00005a.wvx
	wvx	wvx1/wv000097.wvx
	efx	efx1/se00005a.efx
	mdx	mdx1/sg000038.mdx
}

pak w24d/pk000000.sdx	//w24d　シェル１中央棟Ｂ３電算室（オウム）
{
	wvx	wvx1/wv000052.wvx
	wvx	wvx1/wv000080.wvx
	efx	efx1/se000052.efx
	mdx	mdx1/sg000041.mdx
}

pak w24e/pk000000.sdx	//w24e　シェル１中央棟Ｂ２ホール（オセロット）
{
	wvx	wvx1/wv00003e.wvx
	wvx	wvx1/wv000097.wvx
	efx	efx1/se00003e.efx
	mdx	mdx1/sg000038.mdx
}

pak w25a/pk000000.sdx	//w25a　ＤＧ連絡橋（ハリアー戦）
{
	wvx	wvx1/wv000056.wvx
	wvx	wvx1/wv000093.wvx
	efx	efx1/se000056.efx
	mdx	mdx1/sg000039.mdx
}

pak w25b/pk000000.sdx	//w25b　ＤＧ連絡橋（キャットウォーク）
{
	wvx	wvx1/wv00005c.wvx
	wvx	wvx1/wv000080.wvx
	efx	efx1/se00005c.efx
	mdx	mdx1/sg000056.mdx
}

pak w25c/pk000000.sdx	//w25c　ＤＧ連絡橋（キャットウォーク）
{
	wvx	wvx1/wv00005c.wvx
	wvx	wvx1/wv000080.wvx
	efx	efx1/se00005c.efx
	mdx	mdx1/sg000056.mdx
}

pak w25d/pk000000.sdx	//w25d　ＤＧ連絡橋（エマ連れ３）
{
	wvx	wvx1/wv000043.wvx
	wvx	wvx1/wv000080.wvx
	efx	efx1/se000043.efx
	mdx	mdx1/sg000030.mdx
}

pak w28a/pk000000.sdx	//w28a　Ｌ脚（倉庫）（エマ連れ４）
{
	wvx	wvx1/wv000042.wvx
	wvx	wvx1/wv000080.wvx
	efx	efx1/se000042.efx
	mdx	mdx1/sg000050.mdx
}

pak w31a/pk000000.sdx	//w31a　シェル２中央棟１Ｆ空気清浄室（大統領）
{
	wvx	wvx1/wv000054.wvx
	wvx	wvx1/wv000095.wvx
	efx	efx1/se000054.efx
	mdx	mdx1/sg000055.mdx
}

pak w31b/pk000000.sdx	//w31b　シェル２中央棟Ｂ１ろ過槽
{
	wvx	wvx1/wv00005b.wvx
	wvx	wvx1/wv000080.wvx
	efx	efx1/se00005b.efx
	mdx	mdx1/sg000053.mdx
}
pak w31b/pk000001.sdx	//w31b　シェル２中央棟Ｂ１ろ過槽（エマ連れ１）
{
	wvx	wvx1/wv00005b.wvx
	wvx	wvx1/wv000080.wvx
	efx	efx1/se00005b.efx
	mdx	mdx1/sg00003f.mdx
}

pak w31c/pk000000.sdx	//w31c　ヴァンプ戦（シェル２中央棟Ｂ１生物反応槽）
{
	wvx	wvx1/wv000053.wvx
	wvx	wvx1/wv000096.wvx
	efx	efx1/se000053.efx
	mdx	mdx1/sg00003c.mdx
}
pak w31c/pk000001.sdx	//w31c　ヴァンプ戦（対スネークバージョン）
{
	wvx	wvx1/wv000053.wvx
	wvx	wvx1/wv000099.wvx
	efx	efx1/se00002e.efx
	mdx	mdx1/sg00003c.mdx
}

pak w31f/pk000000.sdx	//w31f　シェル２中央棟Ｂ１生物反応槽（エマ遭遇）
{
	wvx	wvx1/wv00005b.wvx
	wvx	wvx1/wv000080.wvx
	efx	efx1/se00005b.efx
	mdx	mdx1/sg00003f.mdx
}


pak w31d/pk000000.sdx	//w31d　シェル２中央棟１Ｆ空気清浄室（エマ連れ２）
{
	wvx	wvx1/wv000051.wvx
	wvx	wvx1/wv000080.wvx
	efx	efx1/se000051.efx
	mdx	mdx1/sg00003f.mdx
}

pak w32a/pk000000.sdx	//w32a　オイルフェンス(狙撃)
{
	wvx	wvx1/wv000058.wvx
	wvx	wvx1/wv000080.wvx
	efx	efx1/se000058.efx
	mdx	mdx1/sg000040.mdx
}

pak w32b/pk000000.sdx	//w32b　オイルフェンス(狙撃ヴァンプ)
{
	wvx	wvx1/wv000039.wvx
	wvx	wvx1/wv000080.wvx
	efx	efx1/se000058.efx
	mdx	mdx1/sg00003e.mdx
}
pak w32b/pk000001.sdx	//w32b　あたふたデモ用
{
	wvx	wvx1/wv000048.wvx
	wvx	wvx1/wv000080.wvx
	efx	efx1/se000048.efx
	mdx	mdx1/sg000049.mdx
}

pak w41a/pk000000.sdx	//w41a　ＡＧ・拷問部屋
{
	wvx	wvx1/wv000041.wvx
	wvx	wvx1/wv000080.wvx
	efx	efx1/se000041.efx
	mdx	mdx1/sg000051.mdx
}
pak w41a/pk000001.sdx	//w41a　ＡＧ・拷問部屋・２回目以降
{
	wvx	wvx1/wv00005d.wvx
	wvx	wvx1/wv000080.wvx
	efx	efx1/se00005d.efx
	mdx	mdx1/sg000047.mdx
}

pak w42a/pk000000.sdx	//w42a　ＡＧ・第一メタルハンガー（天狗兵）
{
	wvx	wvx1/wv00005d.wvx
	wvx	wvx1/wv000080.wvx
	efx	efx1/se00005d.efx
	mdx	mdx1/sg000047.mdx
}

pak w43a/pk000000.sdx	//w43a　ＡＧ・丸通路
{
	wvx	wvx1/wv00005d.wvx
	wvx	wvx1/wv000080.wvx
	efx	efx1/se00005d.efx
	mdx	mdx1/sg000052.mdx
}

pak w44a/pk000000.sdx	//w44a　ＡＧ・第ニメタルハンガー（天狗兵）
{
	wvx	wvx1/wv00005d.wvx
	wvx	wvx1/wv000080.wvx
	efx	efx1/se00005d.efx
	mdx	mdx1/sg000047.mdx
}
pak w44a/pk000001.sdx	//w44a　ＡＧ・第ニメタルハンガー（天狗兵、ボスサバ）
{
	wvx	wvx1/wv000062.wvx
	wvx	wvx1/wv000080.wvx
	efx	efx1/se00005d.efx
	mdx	mdx1/sg00003d.mdx
}

pak w45a/pk000000.sdx	//w45a　アーセナルギア小部屋Ｂ（天狗兵）
{
	wvx	wvx1/wv00005d.wvx
	wvx	wvx1/wv000080.wvx
	efx	efx1/se00005d.efx
	mdx	mdx1/sg000047.mdx
}

pak w46a/pk000000.sdx	//w46a　ＲＡＹ戦
{
	wvx	wvx1/wv000050.wvx
	wvx	wvx1/wv000098.wvx
	efx	efx1/se000050.efx
	mdx	mdx1/sg00003d.mdx
}

pak w51a/pk000000.sdx	//w51a　ＡＧ・上部
{
	wvx	wvx1/wv000040.wvx
	wvx	wvx1/wv000080.wvx
	efx	efx1/se000040.efx
	mdx	mdx1/sg000054.mdx
}

pak w61a/pk000000.sdx	//w61a　ソリダス戦
{
	wvx	wvx1/wv000055.wvx
	wvx	wvx1/wv000094.wvx
	efx	efx1/se000055.efx
	mdx	mdx1/sg00003a.mdx
}


//【サブスタンス新要素】

pak select/pk000000.sdx	//ＶＲ常駐ライデン
{
	wvx	wvx1/wv00004f.wvx
	wvx	wvx1/wv0000ff.wvx
	mdx	mdx1/sg0000ff.mdx
	efx	efx1/se00005f.efx
}
pak select/pk000001.sdx	//タンカー常駐ライデン
{
	wvx	wvx1/wv00001f.wvx
	wvx	wvx1/wv0000ff.wvx
	mdx	mdx1/sg0000ff.mdx
	efx	efx1/se00001f.efx
}
pak select/pk000002.sdx	//プラント常駐ライデン
{
	wvx	wvx1/wv00005f.wvx
	wvx	wvx1/wv0000ff.wvx
	mdx	mdx1/sg0000ff.mdx
	efx	efx1/se00005f.efx
}
pak select/pk000003.sdx	//ＶＲ常駐スネーク
{
	wvx	wvx1/wv00003f.wvx
	wvx	wvx1/wv0000ff.wvx
	mdx	mdx1/sg0000ff.mdx
	efx	efx1/se00002f.efx
}
pak select/pk000004.sdx	//タンカー常駐スネーク
{
	wvx	wvx1/wv00007f.wvx
	wvx	wvx1/wv0000ff.wvx
	mdx	mdx1/sg0000ff.mdx
	efx	efx1/se00007f.efx
}
pak select/pk000005.sdx	//プラント常駐スネーク
{
	wvx	wvx1/wv00002f.wvx
	wvx	wvx1/wv0000ff.wvx
	mdx	mdx1/sg0000ff.mdx
	efx	efx1/se00002f.efx
}

pak mselect/pk000000.sdx	//ＶＲ常駐ライデン
{
	wvx	wvx1/wv00004f.wvx
	wvx	wvx1/wv0000ff.wvx
	mdx	mdx1/sg0000ff.mdx
	efx	efx1/se00005f.efx
}
pak mselect/pk000001.sdx	//タンカー常駐ライデン
{
	wvx	wvx1/wv00001f.wvx
	wvx	wvx1/wv0000ff.wvx
	mdx	mdx1/sg0000ff.mdx
	efx	efx1/se00001f.efx
}
pak mselect/pk000002.sdx	//プラント常駐ライデン
{
	wvx	wvx1/wv00005f.wvx
	wvx	wvx1/wv0000ff.wvx
	mdx	mdx1/sg0000ff.mdx
	efx	efx1/se00005f.efx
}
pak mselect/pk000003.sdx	//ＶＲ常駐スネーク
{
	wvx	wvx1/wv00003f.wvx
	wvx	wvx1/wv0000ff.wvx
	mdx	mdx1/sg0000ff.mdx
	efx	efx1/se00002f.efx
}
pak mselect/pk000004.sdx	//タンカー常駐スネーク
{
	wvx	wvx1/wv00007f.wvx
	wvx	wvx1/wv0000ff.wvx
	mdx	mdx1/sg0000ff.mdx
	efx	efx1/se00007f.efx
}
pak mselect/pk000005.sdx	//プラント常駐スネーク
{
	wvx	wvx1/wv00002f.wvx
	wvx	wvx1/wv0000ff.wvx
	mdx	mdx1/sg0000ff.mdx
	efx	efx1/se00002f.efx
}

pak sselect/pk000000.sdx	//ＶＲ常駐ライデン
{
	wvx	wvx1/wv00004f.wvx
	wvx	wvx1/wv0000ff.wvx
	mdx	mdx1/sg0000ff.mdx
	efx	efx1/se00005f.efx
}
pak sselect/pk000001.sdx	//タンカー常駐ライデン
{
	wvx	wvx1/wv00001f.wvx
	wvx	wvx1/wv0000ff.wvx
	mdx	mdx1/sg0000ff.mdx
	efx	efx1/se00001f.efx
}
pak sselect/pk000002.sdx	//プラント常駐ライデン
{
	wvx	wvx1/wv00005f.wvx
	wvx	wvx1/wv0000ff.wvx
	mdx	mdx1/sg0000ff.mdx
	efx	efx1/se00005f.efx
}
pak sselect/pk000003.sdx	//ＶＲ常駐スネーク
{
	wvx	wvx1/wv00003f.wvx
	wvx	wvx1/wv0000ff.wvx
	mdx	mdx1/sg0000ff.mdx
	efx	efx1/se00002f.efx
}
pak sselect/pk000004.sdx	//タンカー常駐スネーク
{
	wvx	wvx1/wv00007f.wvx
	wvx	wvx1/wv0000ff.wvx
	mdx	mdx1/sg0000ff.mdx
	efx	efx1/se00007f.efx
}
pak sselect/pk000005.sdx	//プラント常駐スネーク
{
	wvx	wvx1/wv00002f.wvx
	wvx	wvx1/wv0000ff.wvx
	mdx	mdx1/sg0000ff.mdx
	efx	efx1/se00002f.efx
}



//ＶＲスニーキングモード

pak vs01a/pk000000.sdx	//vs01a　スニーキング１
{
	wvx	wvx1/wv000019.wvx
	wvx	wvx1/wv0000a1.wvx
	efx	efx1/se00001e.efx
	mdx	mdx1/sg000065.mdx
}
pak vs01a/pk000001.sdx	//vs01a　スニーキング１（タキシード）
{
	wvx	wvx1/wv000017.wvx
	wvx	wvx1/wv0000a1.wvx
	efx	efx1/se00001e.efx
	mdx	mdx1/sg000068.mdx
}
pak vs01a/pk000002.sdx	//vs01a　スニーキング１（前作スネ）
{
	wvx	wvx1/wv000010.wvx
	wvx	wvx1/wv0000a1.wvx
	efx	efx1/se00001e.efx
	mdx	mdx1/sg00006c.mdx
}
pak vs01a/pk000003.sdx	//vs01a　スニーキング１（スネーク）
{
	wvx	wvx1/wv00001d.wvx
	wvx	wvx1/wv0000a1.wvx
	efx	efx1/se00001e.efx
	mdx	mdx1/sg00006f.mdx
}
pak vs01a/pk000004.sdx	//vs01a　スニーキング１（プリスキン）
{
	wvx	wvx1/wv00001d.wvx
	wvx	wvx1/wv0000a1.wvx
	efx	efx1/se00001e.efx
	mdx	mdx1/sg000061.mdx
}
pak vs01a/pk000005.sdx	//vs01a　スニーキング１（ニンジャ）
{
	wvx	wvx1/wv000019.wvx
	wvx	wvx1/wv0000a1.wvx
	efx	efx1/se00001e.efx
	mdx	mdx1/sg000071.mdx
}

pak vs02a/pk000000.sdx	//vs02a　スニーキング２
{
	wvx	wvx1/wv000019.wvx
	wvx	wvx1/wv0000a1.wvx
	efx	efx1/se00001e.efx
	mdx	mdx1/sg000065.mdx
}
pak vs02a/pk000001.sdx	//vs02a　スニーキング２（タキシード）
{
	wvx	wvx1/wv000017.wvx
	wvx	wvx1/wv0000a1.wvx
	efx	efx1/se00001e.efx
	mdx	mdx1/sg000068.mdx
}
pak vs02a/pk000002.sdx	//vs02a　スニーキング２（前作スネ）
{
	wvx	wvx1/wv000010.wvx
	wvx	wvx1/wv0000a1.wvx
	efx	efx1/se00001e.efx
	mdx	mdx1/sg00006c.mdx
}
pak vs02a/pk000003.sdx	//vs02a　スニーキング２（スネーク）
{
	wvx	wvx1/wv00001d.wvx
	wvx	wvx1/wv0000a1.wvx
	efx	efx1/se00001e.efx
	mdx	mdx1/sg00006f.mdx
}
pak vs02a/pk000004.sdx	//vs02a　スニーキング２（プリスキン）
{
	wvx	wvx1/wv00001d.wvx
	wvx	wvx1/wv0000a1.wvx
	efx	efx1/se00001e.efx
	mdx	mdx1/sg000061.mdx
}
pak vs02a/pk000005.sdx	//vs02a　スニーキング２（ニンジャ）
{
	wvx	wvx1/wv000019.wvx
	wvx	wvx1/wv0000a1.wvx
	efx	efx1/se00001e.efx
	mdx	mdx1/sg000071.mdx
}

pak vs03a/pk000000.sdx	//vs03a　スニーキング３
{
	wvx	wvx1/wv000019.wvx
	wvx	wvx1/wv0000a1.wvx
	efx	efx1/se00001e.efx
	mdx	mdx1/sg000065.mdx
}
pak vs03a/pk000001.sdx	//vs03a　スニーキング３（タキシード）
{
	wvx	wvx1/wv000017.wvx
	wvx	wvx1/wv0000a1.wvx
	efx	efx1/se00001e.efx
	mdx	mdx1/sg000068.mdx
}
pak vs03a/pk000002.sdx	//vs03a　スニーキング３（前作スネ）
{
	wvx	wvx1/wv000010.wvx
	wvx	wvx1/wv0000a1.wvx
	efx	efx1/se00001e.efx
	mdx	mdx1/sg00006c.mdx
}
pak vs03a/pk000003.sdx	//vs03a　スニーキング３（スネーク）
{
	wvx	wvx1/wv00001d.wvx
	wvx	wvx1/wv0000a1.wvx
	efx	efx1/se00001e.efx
	mdx	mdx1/sg00006f.mdx
}
pak vs03a/pk000004.sdx	//vs03a　スニーキング３（プリスキン）
{
	wvx	wvx1/wv00001d.wvx
	wvx	wvx1/wv0000a1.wvx
	efx	efx1/se00001e.efx
	mdx	mdx1/sg000061.mdx
}
pak vs03a/pk000005.sdx	//vs03a　スニーキング３（ニンジャ）
{
	wvx	wvx1/wv000019.wvx
	wvx	wvx1/wv0000a1.wvx
	efx	efx1/se00001e.efx
	mdx	mdx1/sg000071.mdx
}

pak vs04a/pk000000.sdx	//vs04a　スニーキング４
{
	wvx	wvx1/wv000019.wvx
	wvx	wvx1/wv0000a1.wvx
	efx	efx1/se00001e.efx
	mdx	mdx1/sg000065.mdx
}
pak vs04a/pk000001.sdx	//vs04a　スニーキング４（タキシード）
{
	wvx	wvx1/wv000017.wvx
	wvx	wvx1/wv0000a1.wvx
	efx	efx1/se00001e.efx
	mdx	mdx1/sg000068.mdx
}
pak vs04a/pk000002.sdx	//vs04a　スニーキング４（前作スネ）
{
	wvx	wvx1/wv000010.wvx
	wvx	wvx1/wv0000a1.wvx
	efx	efx1/se00001e.efx
	mdx	mdx1/sg00006c.mdx
}
pak vs04a/pk000003.sdx	//vs04a　スニーキング４（スネーク）
{
	wvx	wvx1/wv00001d.wvx
	wvx	wvx1/wv0000a1.wvx
	efx	efx1/se00001e.efx
	mdx	mdx1/sg00006f.mdx
}
pak vs04a/pk000004.sdx	//vs04a　スニーキング４（プリスキン）
{
	wvx	wvx1/wv00001d.wvx
	wvx	wvx1/wv0000a1.wvx
	efx	efx1/se00001e.efx
	mdx	mdx1/sg000061.mdx
}
pak vs04a/pk000005.sdx	//vs04a　スニーキング４（ニンジャ）
{
	wvx	wvx1/wv000019.wvx
	wvx	wvx1/wv0000a1.wvx
	efx	efx1/se00001e.efx
	mdx	mdx1/sg000071.mdx
}

pak vs05a/pk000000.sdx	//vs05a　スニーキング５
{
	wvx	wvx1/wv000019.wvx
	wvx	wvx1/wv0000a1.wvx
	efx	efx1/se00001e.efx
	mdx	mdx1/sg000065.mdx
}
pak vs05a/pk000001.sdx	//vs05a　スニーキング５（タキシード）
{
	wvx	wvx1/wv000017.wvx
	wvx	wvx1/wv0000a1.wvx
	efx	efx1/se00001e.efx
	mdx	mdx1/sg000068.mdx
}
pak vs05a/pk000002.sdx	//vs05a　スニーキング５（前作スネ）
{
	wvx	wvx1/wv000010.wvx
	wvx	wvx1/wv0000a1.wvx
	efx	efx1/se00001e.efx
	mdx	mdx1/sg00006c.mdx
}
pak vs05a/pk000003.sdx	//vs05a　スニーキング５（スネーク）
{
	wvx	wvx1/wv00001d.wvx
	wvx	wvx1/wv0000a1.wvx
	efx	efx1/se00001e.efx
	mdx	mdx1/sg00006f.mdx
}
pak vs05a/pk000004.sdx	//vs05a　スニーキング５（プリスキン）
{
	wvx	wvx1/wv00001d.wvx
	wvx	wvx1/wv0000a1.wvx
	efx	efx1/se00001e.efx
	mdx	mdx1/sg000061.mdx
}
pak vs05a/pk000005.sdx	//vs05a　スニーキング５（ニンジャ）
{
	wvx	wvx1/wv000019.wvx
	wvx	wvx1/wv0000a1.wvx
	efx	efx1/se00001e.efx
	mdx	mdx1/sg000071.mdx
}

pak vs06a/pk000000.sdx	//vs06a　スニーキング６
{
	wvx	wvx1/wv000019.wvx
	wvx	wvx1/wv0000a1.wvx
	efx	efx1/se00001e.efx
	mdx	mdx1/sg000065.mdx
}
pak vs06a/pk000001.sdx	//vs06a　スニーキング６（タキシード）
{
	wvx	wvx1/wv000017.wvx
	wvx	wvx1/wv0000a1.wvx
	efx	efx1/se00001e.efx
	mdx	mdx1/sg000068.mdx
}
pak vs06a/pk000002.sdx	//vs06a　スニーキング６（前作スネ）
{
	wvx	wvx1/wv000010.wvx
	wvx	wvx1/wv0000a1.wvx
	efx	efx1/se00001e.efx
	mdx	mdx1/sg00006c.mdx
}
pak vs06a/pk000003.sdx	//vs06a　スニーキング６（スネーク）
{
	wvx	wvx1/wv00001d.wvx
	wvx	wvx1/wv0000a1.wvx
	efx	efx1/se00001e.efx
	mdx	mdx1/sg00006f.mdx
}
pak vs06a/pk000004.sdx	//vs06a　スニーキング６（プリスキン）
{
	wvx	wvx1/wv00001d.wvx
	wvx	wvx1/wv0000a1.wvx
	efx	efx1/se00001e.efx
	mdx	mdx1/sg000061.mdx
}
pak vs06a/pk000005.sdx	//vs06a　スニーキング６（ニンジャ）
{
	wvx	wvx1/wv000019.wvx
	wvx	wvx1/wv0000a1.wvx
	efx	efx1/se00001e.efx
	mdx	mdx1/sg000071.mdx
}

pak vs07a/pk000000.sdx	//vs07a　スニーキング７
{
	wvx	wvx1/wv000019.wvx
	wvx	wvx1/wv0000a1.wvx
	efx	efx1/se00001e.efx
	mdx	mdx1/sg000065.mdx
}
pak vs07a/pk000001.sdx	//vs07a　スニーキング７（タキシード）
{
	wvx	wvx1/wv000017.wvx
	wvx	wvx1/wv0000a1.wvx
	efx	efx1/se00001e.efx
	mdx	mdx1/sg000068.mdx
}
pak vs07a/pk000002.sdx	//vs07a　スニーキング７（前作スネ）
{
	wvx	wvx1/wv000010.wvx
	wvx	wvx1/wv0000a1.wvx
	efx	efx1/se00001e.efx
	mdx	mdx1/sg00006c.mdx
}
pak vs07a/pk000003.sdx	//vs07a　スニーキング７（スネーク）
{
	wvx	wvx1/wv00001d.wvx
	wvx	wvx1/wv0000a1.wvx
	efx	efx1/se00001e.efx
	mdx	mdx1/sg00006f.mdx
}
pak vs07a/pk000004.sdx	//vs07a　スニーキング７（プリスキン）
{
	wvx	wvx1/wv00001d.wvx
	wvx	wvx1/wv0000a1.wvx
	efx	efx1/se00001e.efx
	mdx	mdx1/sg000061.mdx
}
pak vs07a/pk000005.sdx	//vs07a　スニーキング７（ニンジャ）
{
	wvx	wvx1/wv000019.wvx
	wvx	wvx1/wv0000a1.wvx
	efx	efx1/se00001e.efx
	mdx	mdx1/sg000071.mdx
}

pak vs08a/pk000000.sdx	//vs08a　スニーキング８
{
	wvx	wvx1/wv000019.wvx
	wvx	wvx1/wv0000a1.wvx
	efx	efx1/se00001e.efx
	mdx	mdx1/sg000065.mdx
}
pak vs08a/pk000001.sdx	//vs08a　スニーキング８（タキシード）
{
	wvx	wvx1/wv000017.wvx
	wvx	wvx1/wv0000a1.wvx
	efx	efx1/se00001e.efx
	mdx	mdx1/sg000068.mdx
}
pak vs08a/pk000002.sdx	//vs08a　スニーキング８（前作スネ）
{
	wvx	wvx1/wv000010.wvx
	wvx	wvx1/wv0000a1.wvx
	efx	efx1/se00001e.efx
	mdx	mdx1/sg00006c.mdx
}
pak vs08a/pk000003.sdx	//vs08a　スニーキング８（スネーク）
{
	wvx	wvx1/wv00001d.wvx
	wvx	wvx1/wv0000a1.wvx
	efx	efx1/se00001e.efx
	mdx	mdx1/sg00006f.mdx
}
pak vs08a/pk000004.sdx	//vs08a　スニーキング８（プリスキン）
{
	wvx	wvx1/wv00001d.wvx
	wvx	wvx1/wv0000a1.wvx
	efx	efx1/se00001e.efx
	mdx	mdx1/sg000061.mdx
}
pak vs08a/pk000005.sdx	//vs08a　スニーキング８（ニンジャ）
{
	wvx	wvx1/wv000019.wvx
	wvx	wvx1/wv0000a1.wvx
	efx	efx1/se00001e.efx
	mdx	mdx1/sg000071.mdx
}

pak vs09a/pk000000.sdx	//vs09a　スニーキング９
{
	wvx	wvx1/wv000019.wvx
	wvx	wvx1/wv0000a1.wvx
	efx	efx1/se00001e.efx
	mdx	mdx1/sg000065.mdx
}
pak vs09a/pk000001.sdx	//vs09a　スニーキング９（タキシード）
{
	wvx	wvx1/wv000017.wvx
	wvx	wvx1/wv0000a1.wvx
	efx	efx1/se00001e.efx
	mdx	mdx1/sg000068.mdx
}
pak vs09a/pk000002.sdx	//vs09a　スニーキング９（前作スネ）
{
	wvx	wvx1/wv000010.wvx
	wvx	wvx1/wv0000a1.wvx
	efx	efx1/se00001e.efx
	mdx	mdx1/sg00006c.mdx
}
pak vs09a/pk000003.sdx	//vs09a　スニーキング９（スネーク）
{
	wvx	wvx1/wv00001d.wvx
	wvx	wvx1/wv0000a1.wvx
	efx	efx1/se00001e.efx
	mdx	mdx1/sg00006f.mdx
}
pak vs09a/pk000004.sdx	//vs09a　スニーキング９（プリスキン）
{
	wvx	wvx1/wv00001d.wvx
	wvx	wvx1/wv0000a1.wvx
	efx	efx1/se00001e.efx
	mdx	mdx1/sg000061.mdx
}
pak vs09a/pk000005.sdx	//vs09a　スニーキング９（ニンジャ）
{
	wvx	wvx1/wv000019.wvx
	wvx	wvx1/wv0000a1.wvx
	efx	efx1/se00001e.efx
	mdx	mdx1/sg000071.mdx
}

pak vs10a/pk000000.sdx	//vs10a　スニーキング１０
{
	wvx	wvx1/wv000019.wvx
	wvx	wvx1/wv0000a1.wvx
	efx	efx1/se00001e.efx
	mdx	mdx1/sg000065.mdx
}
pak vs10a/pk000001.sdx	//vs10a　スニーキング１０（タキシード）
{
	wvx	wvx1/wv000017.wvx
	wvx	wvx1/wv0000a1.wvx
	efx	efx1/se00001e.efx
	mdx	mdx1/sg000068.mdx
}
pak vs10a/pk000002.sdx	//vs10a　スニーキング１０（前作スネ）
{
	wvx	wvx1/wv000010.wvx
	wvx	wvx1/wv0000a1.wvx
	efx	efx1/se00001e.efx
	mdx	mdx1/sg00006c.mdx
}
pak vs10a/pk000003.sdx	//vs10a　スニーキング１０（スネーク）
{
	wvx	wvx1/wv00001d.wvx
	wvx	wvx1/wv0000a1.wvx
	efx	efx1/se00001e.efx
	mdx	mdx1/sg00006f.mdx
}
pak vs10a/pk000004.sdx	//vs10a　スニーキング１０（プリスキン）
{
	wvx	wvx1/wv00001d.wvx
	wvx	wvx1/wv0000a1.wvx
	efx	efx1/se00001e.efx
	mdx	mdx1/sg000061.mdx
}
pak vs10a/pk000005.sdx	//vs10a　スニーキング１０（ニンジャ）
{
	wvx	wvx1/wv000019.wvx
	wvx	wvx1/wv0000a1.wvx
	efx	efx1/se00001e.efx
	mdx	mdx1/sg000071.mdx
}


//ＶＲウェポンモード

pak wp01a/pk000000.sdx	//wp01a　ハンドガン１
{
	wvx	wvx1/wv00001b.wvx
	wvx	wvx1/wv0000a1.wvx
	efx	efx1/se00001e.efx
	mdx	mdx1/sg000070.mdx
}
pak wp01a/pk000001.sdx	//wp01a　ハンドガン１（タキシード）
{
	wvx	wvx1/wv000017.wvx
	wvx	wvx1/wv0000a1.wvx
	efx	efx1/se00001e.efx
	mdx	mdx1/sg000067.mdx
}
pak wp01a/pk000002.sdx	//wp01a　ハンドガン１（前作スネ）
{
	wvx	wvx1/wv000012.wvx
	wvx	wvx1/wv0000a1.wvx
	efx	efx1/se00001e.efx
	mdx	mdx1/sg00006d.mdx
}
pak wp01a/pk000003.sdx	//wp01a　ハンドガン１（スネーク）
{
	wvx	wvx1/wv00001e.wvx
	wvx	wvx1/wv0000a1.wvx
	efx	efx1/se00001e.efx
	mdx	mdx1/sg00006e.mdx
}
pak wp01a/pk000004.sdx	//wp01a　ハンドガン１（プリスキン）
{
	wvx	wvx1/wv00001e.wvx
	wvx	wvx1/wv0000a1.wvx
	efx	efx1/se00001e.efx
	mdx	mdx1/sg000060.mdx
}
pak wp01a/pk000005.sdx	//wp01a　ハンドガン１（ニンジャ）
{
	wvx	wvx1/wv00001b.wvx
	wvx	wvx1/wv0000a1.wvx
	efx	efx1/se00001e.efx
	mdx	mdx1/sg000063.mdx
}

pak wp02a/pk000000.sdx	//wp02a　ハンドガン２
{
	wvx	wvx1/wv00001b.wvx
	wvx	wvx1/wv0000a1.wvx
	efx	efx1/se00001e.efx
	mdx	mdx1/sg000070.mdx
}
pak wp02a/pk000001.sdx	//wp02a　ハンドガン２（タキシード）
{
	wvx	wvx1/wv000017.wvx
	wvx	wvx1/wv0000a1.wvx
	efx	efx1/se00001e.efx
	mdx	mdx1/sg000067.mdx
}
pak wp02a/pk000002.sdx	//wp02a　ハンドガン２（前作スネ）
{
	wvx	wvx1/wv000012.wvx
	wvx	wvx1/wv0000a1.wvx
	efx	efx1/se00001e.efx
	mdx	mdx1/sg00006d.mdx
}
pak wp02a/pk000003.sdx	//wp02a　ハンドガン２（スネーク）
{
	wvx	wvx1/wv00001e.wvx
	wvx	wvx1/wv0000a1.wvx
	efx	efx1/se00001e.efx
	mdx	mdx1/sg00006e.mdx
}
pak wp02a/pk000004.sdx	//wp02a　ハンドガン２（プリスキン）
{
	wvx	wvx1/wv00001e.wvx
	wvx	wvx1/wv0000a1.wvx
	efx	efx1/se00001e.efx
	mdx	mdx1/sg000060.mdx
}
pak wp02a/pk000005.sdx	//wp02a　ハンドガン２（ニンジャ）
{
	wvx	wvx1/wv00001b.wvx
	wvx	wvx1/wv0000a1.wvx
	efx	efx1/se00001e.efx
	mdx	mdx1/sg000063.mdx
}

pak wp03a/pk000000.sdx	//wp03a　ハンドガン３
{
	wvx	wvx1/wv00001b.wvx
	wvx	wvx1/wv0000a1.wvx
	efx	efx1/se00001e.efx
	mdx	mdx1/sg000070.mdx
}
pak wp03a/pk000001.sdx	//wp03a　ハンドガン３（タキシード）
{
	wvx	wvx1/wv000017.wvx
	wvx	wvx1/wv0000a1.wvx
	efx	efx1/se00001e.efx
	mdx	mdx1/sg000067.mdx
}
pak wp03a/pk000002.sdx	//wp03a　ハンドガン３（前作スネ）
{
	wvx	wvx1/wv000012.wvx
	wvx	wvx1/wv0000a1.wvx
	efx	efx1/se00001e.efx
	mdx	mdx1/sg00006d.mdx
}
pak wp03a/pk000003.sdx	//wp03a　ハンドガン３（スネーク）
{
	wvx	wvx1/wv00001e.wvx
	wvx	wvx1/wv0000a1.wvx
	efx	efx1/se00001e.efx
	mdx	mdx1/sg00006e.mdx
}
pak wp03a/pk000004.sdx	//wp03a　ハンドガン３（プリスキン）
{
	wvx	wvx1/wv00001e.wvx
	wvx	wvx1/wv0000a1.wvx
	efx	efx1/se00001e.efx
	mdx	mdx1/sg000060.mdx
}
pak wp03a/pk000005.sdx	//wp03a　ハンドガン３（ニンジャ）
{
	wvx	wvx1/wv00001b.wvx
	wvx	wvx1/wv0000a1.wvx
	efx	efx1/se00001e.efx
	mdx	mdx1/sg000063.mdx
}

pak wp04a/pk000000.sdx	//wp04a　ハンドガン４
{
	wvx	wvx1/wv00001b.wvx
	wvx	wvx1/wv0000a1.wvx
	efx	efx1/se00001e.efx
	mdx	mdx1/sg000070.mdx
}
pak wp04a/pk000001.sdx	//wp04a　ハンドガン４（タキシード）
{
	wvx	wvx1/wv000017.wvx
	wvx	wvx1/wv0000a1.wvx
	efx	efx1/se00001e.efx
	mdx	mdx1/sg000067.mdx
}
pak wp04a/pk000002.sdx	//wp04a　ハンドガン４（前作スネ）
{
	wvx	wvx1/wv000012.wvx
	wvx	wvx1/wv0000a1.wvx
	efx	efx1/se00001e.efx
	mdx	mdx1/sg00006d.mdx
}
pak wp04a/pk000003.sdx	//wp04a　ハンドガン４（スネーク）
{
	wvx	wvx1/wv00001e.wvx
	wvx	wvx1/wv0000a1.wvx
	efx	efx1/se00001e.efx
	mdx	mdx1/sg00006e.mdx
}
pak wp04a/pk000004.sdx	//wp04a　ハンドガン４（プリスキン）
{
	wvx	wvx1/wv00001e.wvx
	wvx	wvx1/wv0000a1.wvx
	efx	efx1/se00001e.efx
	mdx	mdx1/sg000060.mdx
}
pak wp04a/pk000005.sdx	//wp04a　ハンドガン４（ニンジャ）
{
	wvx	wvx1/wv00001b.wvx
	wvx	wvx1/wv0000a1.wvx
	efx	efx1/se00001e.efx
	mdx	mdx1/sg000063.mdx
}

pak wp05a/pk000000.sdx	//wp05a　ハンドガン５
{
	wvx	wvx1/wv00001b.wvx
	wvx	wvx1/wv0000a1.wvx
	efx	efx1/se00001e.efx
	mdx	mdx1/sg000070.mdx
}
pak wp05a/pk000001.sdx	//wp05a　ハンドガン５（タキシード）
{
	wvx	wvx1/wv000017.wvx
	wvx	wvx1/wv0000a1.wvx
	efx	efx1/se00001e.efx
	mdx	mdx1/sg000067.mdx
}
pak wp05a/pk000002.sdx	//wp05a　ハンドガン５（前作スネ）
{
	wvx	wvx1/wv000012.wvx
	wvx	wvx1/wv0000a1.wvx
	efx	efx1/se00001e.efx
	mdx	mdx1/sg00006d.mdx
}
pak wp05a/pk000003.sdx	//wp05a　ハンドガン５（スネーク）
{
	wvx	wvx1/wv00001e.wvx
	wvx	wvx1/wv0000a1.wvx
	efx	efx1/se00001e.efx
	mdx	mdx1/sg00006e.mdx
}
pak wp05a/pk000004.sdx	//wp05a　ハンドガン５（プリスキン）
{
	wvx	wvx1/wv00001e.wvx
	wvx	wvx1/wv0000a1.wvx
	efx	efx1/se00001e.efx
	mdx	mdx1/sg000060.mdx
}
pak wp05a/pk000005.sdx	//wp05a　ハンドガン５（ニンジャ）
{
	wvx	wvx1/wv00001b.wvx
	wvx	wvx1/wv0000a1.wvx
	efx	efx1/se00001e.efx
	mdx	mdx1/sg000063.mdx
}

pak wp11a/pk000000.sdx	//wp11a　マシンガン１
{
	wvx	wvx1/wv00001b.wvx
	wvx	wvx1/wv0000a1.wvx
	efx	efx1/se00001e.efx
	mdx	mdx1/sg000070.mdx
}
pak wp11a/pk000001.sdx	//wp11a　マシンガン１（タキシード）
{
	wvx	wvx1/wv000017.wvx
	wvx	wvx1/wv0000a1.wvx
	efx	efx1/se00001e.efx
	mdx	mdx1/sg000067.mdx
}
pak wp11a/pk000002.sdx	//wp11a　マシンガン１（前作スネ）
{
	wvx	wvx1/wv000012.wvx
	wvx	wvx1/wv0000a1.wvx
	efx	efx1/se00001e.efx
	mdx	mdx1/sg00006d.mdx
}
pak wp11a/pk000003.sdx	//wp11a　マシンガン１（スネーク）
{
	wvx	wvx1/wv00001e.wvx
	wvx	wvx1/wv0000a1.wvx
	efx	efx1/se00001e.efx
	mdx	mdx1/sg00006e.mdx
}
pak wp11a/pk000004.sdx	//wp11a　マシンガン１（プリスキン）
{
	wvx	wvx1/wv00001e.wvx
	wvx	wvx1/wv0000a1.wvx
	efx	efx1/se00001e.efx
	mdx	mdx1/sg000060.mdx
}
pak wp11a/pk000005.sdx	//wp11a　マシンガン１（ニンジャ）
{
	wvx	wvx1/wv00001b.wvx
	wvx	wvx1/wv0000a1.wvx
	efx	efx1/se00001e.efx
	mdx	mdx1/sg000063.mdx
}

pak wp12a/pk000000.sdx	//wp12a　マシンガン２
{
	wvx	wvx1/wv00001b.wvx
	wvx	wvx1/wv0000a1.wvx
	efx	efx1/se00001e.efx
	mdx	mdx1/sg000070.mdx
}
pak wp12a/pk000001.sdx	//wp12a　マシンガン２（タキシード）
{
	wvx	wvx1/wv000017.wvx
	wvx	wvx1/wv0000a1.wvx
	efx	efx1/se00001e.efx
	mdx	mdx1/sg000067.mdx
}
pak wp12a/pk000002.sdx	//wp12a　マシンガン２（前作スネ）
{
	wvx	wvx1/wv000012.wvx
	wvx	wvx1/wv0000a1.wvx
	efx	efx1/se00001e.efx
	mdx	mdx1/sg00006d.mdx
}
pak wp12a/pk000003.sdx	//wp12a　マシンガン２（スネーク）
{
	wvx	wvx1/wv00001e.wvx
	wvx	wvx1/wv0000a1.wvx
	efx	efx1/se00001e.efx
	mdx	mdx1/sg00006e.mdx
}
pak wp12a/pk000004.sdx	//wp12a　マシンガン２（プリスキン）
{
	wvx	wvx1/wv00001e.wvx
	wvx	wvx1/wv0000a1.wvx
	efx	efx1/se00001e.efx
	mdx	mdx1/sg000060.mdx
}
pak wp12a/pk000005.sdx	//wp12a　マシンガン２（ニンジャ）
{
	wvx	wvx1/wv00001b.wvx
	wvx	wvx1/wv0000a1.wvx
	efx	efx1/se00001e.efx
	mdx	mdx1/sg000063.mdx
}

pak wp13a/pk000000.sdx	//wp13a　マシンガン３
{
	wvx	wvx1/wv00001b.wvx
	wvx	wvx1/wv0000a1.wvx
	efx	efx1/se00001e.efx
	mdx	mdx1/sg000070.mdx
}
pak wp13a/pk000001.sdx	//wp13a　マシンガン３（タキシード）
{
	wvx	wvx1/wv000017.wvx
	wvx	wvx1/wv0000a1.wvx
	efx	efx1/se00001e.efx
	mdx	mdx1/sg000067.mdx
}
pak wp13a/pk000002.sdx	//wp13a　マシンガン３（前作スネ）
{
	wvx	wvx1/wv000012.wvx
	wvx	wvx1/wv0000a1.wvx
	efx	efx1/se00001e.efx
	mdx	mdx1/sg00006d.mdx
}
pak wp13a/pk000003.sdx	//wp13a　マシンガン３（スネーク）
{
	wvx	wvx1/wv00001e.wvx
	wvx	wvx1/wv0000a1.wvx
	efx	efx1/se00001e.efx
	mdx	mdx1/sg00006e.mdx
}
pak wp13a/pk000004.sdx	//wp13a　マシンガン３（プリスキン）
{
	wvx	wvx1/wv00001e.wvx
	wvx	wvx1/wv0000a1.wvx
	efx	efx1/se00001e.efx
	mdx	mdx1/sg000060.mdx
}
pak wp13a/pk000005.sdx	//wp13a　マシンガン３（ニンジャ）
{
	wvx	wvx1/wv00001b.wvx
	wvx	wvx1/wv0000a1.wvx
	efx	efx1/se00001e.efx
	mdx	mdx1/sg000063.mdx
}

pak wp14a/pk000000.sdx	//wp14a　マシンガン４
{
	wvx	wvx1/wv00001b.wvx
	wvx	wvx1/wv0000a1.wvx
	efx	efx1/se00001e.efx
	mdx	mdx1/sg000070.mdx
}
pak wp14a/pk000001.sdx	//wp14a　マシンガン４（タキシード）
{
	wvx	wvx1/wv000017.wvx
	wvx	wvx1/wv0000a1.wvx
	efx	efx1/se00001e.efx
	mdx	mdx1/sg000067.mdx
}
pak wp14a/pk000002.sdx	//wp14a　マシンガン４（前作スネ）
{
	wvx	wvx1/wv000012.wvx
	wvx	wvx1/wv0000a1.wvx
	efx	efx1/se00001e.efx
	mdx	mdx1/sg00006d.mdx
}
pak wp14a/pk000003.sdx	//wp14a　マシンガン４（スネーク）
{
	wvx	wvx1/wv00001e.wvx
	wvx	wvx1/wv0000a1.wvx
	efx	efx1/se00001e.efx
	mdx	mdx1/sg00006e.mdx
}
pak wp14a/pk000004.sdx	//wp14a　マシンガン４（プリスキン）
{
	wvx	wvx1/wv00001e.wvx
	wvx	wvx1/wv0000a1.wvx
	efx	efx1/se00001e.efx
	mdx	mdx1/sg000060.mdx
}
pak wp14a/pk000005.sdx	//wp14a　マシンガン４（ニンジャ）
{
	wvx	wvx1/wv00001b.wvx
	wvx	wvx1/wv0000a1.wvx
	efx	efx1/se00001e.efx
	mdx	mdx1/sg000063.mdx
}

pak wp15a/pk000000.sdx	//wp15a　マシンガン５
{
	wvx	wvx1/wv00001b.wvx
	wvx	wvx1/wv0000a1.wvx
	efx	efx1/se00001e.efx
	mdx	mdx1/sg000070.mdx
}
pak wp15a/pk000001.sdx	//wp15a　マシンガン５（タキシード）
{
	wvx	wvx1/wv000017.wvx
	wvx	wvx1/wv0000a1.wvx
	efx	efx1/se00001e.efx
	mdx	mdx1/sg000067.mdx
}
pak wp15a/pk000002.sdx	//wp15a　マシンガン５（前作スネ）
{
	wvx	wvx1/wv000012.wvx
	wvx	wvx1/wv0000a1.wvx
	efx	efx1/se00001e.efx
	mdx	mdx1/sg00006d.mdx
}
pak wp15a/pk000003.sdx	//wp15a　マシンガン５（スネーク）
{
	wvx	wvx1/wv00001e.wvx
	wvx	wvx1/wv0000a1.wvx
	efx	efx1/se00001e.efx
	mdx	mdx1/sg00006e.mdx
}
pak wp15a/pk000004.sdx	//wp15a　マシンガン５（プリスキン）
{
	wvx	wvx1/wv00001e.wvx
	wvx	wvx1/wv0000a1.wvx
	efx	efx1/se00001e.efx
	mdx	mdx1/sg000060.mdx
}
pak wp15a/pk000005.sdx	//wp15a　マシンガン５（ニンジャ）
{
	wvx	wvx1/wv00001b.wvx
	wvx	wvx1/wv0000a1.wvx
	efx	efx1/se00001e.efx
	mdx	mdx1/sg000063.mdx
}

pak wp21a/pk000000.sdx	//wp21a　Ｃ４　１
{
	wvx	wvx1/wv00001b.wvx
	wvx	wvx1/wv0000a1.wvx
	efx	efx1/se00001e.efx
	mdx	mdx1/sg000070.mdx
}
pak wp21a/pk000001.sdx	//wp21a　Ｃ４　１（タキシード）
{
	wvx	wvx1/wv000017.wvx
	wvx	wvx1/wv0000a1.wvx
	efx	efx1/se00001e.efx
	mdx	mdx1/sg000067.mdx
}
pak wp21a/pk000002.sdx	//wp21a　Ｃ４　１（前作スネ）
{
	wvx	wvx1/wv000012.wvx
	wvx	wvx1/wv0000a1.wvx
	efx	efx1/se00001e.efx
	mdx	mdx1/sg00006d.mdx
}
pak wp21a/pk000003.sdx	//wp21a　Ｃ４　１（スネーク）
{
	wvx	wvx1/wv00001e.wvx
	wvx	wvx1/wv0000a1.wvx
	efx	efx1/se00001e.efx
	mdx	mdx1/sg00006e.mdx
}
pak wp21a/pk000004.sdx	//wp21a　Ｃ４　１（プリスキン）
{
	wvx	wvx1/wv00001e.wvx
	wvx	wvx1/wv0000a1.wvx
	efx	efx1/se00001e.efx
	mdx	mdx1/sg000060.mdx
}
pak wp21a/pk000005.sdx	//wp21a　Ｃ４　１（ニンジャ）
{
	wvx	wvx1/wv00001b.wvx
	wvx	wvx1/wv0000a1.wvx
	efx	efx1/se00001e.efx
	mdx	mdx1/sg000063.mdx
}

pak wp22a/pk000000.sdx	//wp22a　Ｃ４　２
{
	wvx	wvx1/wv00001b.wvx
	wvx	wvx1/wv0000a1.wvx
	efx	efx1/se00001e.efx
	mdx	mdx1/sg000070.mdx
}
pak wp22a/pk000001.sdx	//wp22a　Ｃ４　２（タキシード）
{
	wvx	wvx1/wv000017.wvx
	wvx	wvx1/wv0000a1.wvx
	efx	efx1/se00001e.efx
	mdx	mdx1/sg000067.mdx
}
pak wp22a/pk000002.sdx	//wp22a　Ｃ４　２（前作スネ）
{
	wvx	wvx1/wv000012.wvx
	wvx	wvx1/wv0000a1.wvx
	efx	efx1/se00001e.efx
	mdx	mdx1/sg00006d.mdx
}
pak wp22a/pk000003.sdx	//wp22a　Ｃ４　２（スネーク）
{
	wvx	wvx1/wv00001e.wvx
	wvx	wvx1/wv0000a1.wvx
	efx	efx1/se00001e.efx
	mdx	mdx1/sg00006e.mdx
}
pak wp22a/pk000004.sdx	//wp22a　Ｃ４　２（プリスキン）
{
	wvx	wvx1/wv00001e.wvx
	wvx	wvx1/wv0000a1.wvx
	efx	efx1/se00001e.efx
	mdx	mdx1/sg000060.mdx
}
pak wp22a/pk000005.sdx	//wp22a　Ｃ４　２（ニンジャ）
{
	wvx	wvx1/wv00001b.wvx
	wvx	wvx1/wv0000a1.wvx
	efx	efx1/se00001e.efx
	mdx	mdx1/sg000063.mdx
}

pak wp23a/pk000000.sdx	//wp23a　Ｃ４　３
{
	wvx	wvx1/wv00001b.wvx
	wvx	wvx1/wv0000a1.wvx
	efx	efx1/se00001e.efx
	mdx	mdx1/sg000070.mdx
}
pak wp23a/pk000001.sdx	//wp23a　Ｃ４　３（タキシード）
{
	wvx	wvx1/wv000017.wvx
	wvx	wvx1/wv0000a1.wvx
	efx	efx1/se00001e.efx
	mdx	mdx1/sg000067.mdx
}
pak wp23a/pk000002.sdx	//wp23a　Ｃ４　３（前作スネ）
{
	wvx	wvx1/wv000012.wvx
	wvx	wvx1/wv0000a1.wvx
	efx	efx1/se00001e.efx
	mdx	mdx1/sg00006d.mdx
}
pak wp23a/pk000003.sdx	//wp23a　Ｃ４　３（スネーク）
{
	wvx	wvx1/wv00001e.wvx
	wvx	wvx1/wv0000a1.wvx
	efx	efx1/se00001e.efx
	mdx	mdx1/sg00006e.mdx
}
pak wp23a/pk000004.sdx	//wp23a　Ｃ４　３（プリスキン）
{
	wvx	wvx1/wv00001e.wvx
	wvx	wvx1/wv0000a1.wvx
	efx	efx1/se00001e.efx
	mdx	mdx1/sg000060.mdx
}
pak wp23a/pk000005.sdx	//wp23a　Ｃ４　３（ニンジャ）
{
	wvx	wvx1/wv00001b.wvx
	wvx	wvx1/wv0000a1.wvx
	efx	efx1/se00001e.efx
	mdx	mdx1/sg000063.mdx
}

pak wp24a/pk000000.sdx	//wp24a　Ｃ４　４
{
	wvx	wvx1/wv00001b.wvx
	wvx	wvx1/wv0000a1.wvx
	efx	efx1/se00001e.efx
	mdx	mdx1/sg000070.mdx
}
pak wp24a/pk000001.sdx	//wp24a　Ｃ４　４（タキシード）
{
	wvx	wvx1/wv000017.wvx
	wvx	wvx1/wv0000a1.wvx
	efx	efx1/se00001e.efx
	mdx	mdx1/sg000067.mdx
}
pak wp24a/pk000002.sdx	//wp24a　Ｃ４　４（前作スネ）
{
	wvx	wvx1/wv000012.wvx
	wvx	wvx1/wv0000a1.wvx
	efx	efx1/se00001e.efx
	mdx	mdx1/sg00006d.mdx
}
pak wp24a/pk000003.sdx	//wp24a　Ｃ４　４（スネーク）
{
	wvx	wvx1/wv00001e.wvx
	wvx	wvx1/wv0000a1.wvx
	efx	efx1/se00001e.efx
	mdx	mdx1/sg00006e.mdx
}
pak wp24a/pk000004.sdx	//wp24a　Ｃ４　４（プリスキン）
{
	wvx	wvx1/wv00001e.wvx
	wvx	wvx1/wv0000a1.wvx
	efx	efx1/se00001e.efx
	mdx	mdx1/sg000060.mdx
}
pak wp24a/pk000005.sdx	//wp24a　Ｃ４　４（ニンジャ）
{
	wvx	wvx1/wv00001b.wvx
	wvx	wvx1/wv0000a1.wvx
	efx	efx1/se00001e.efx
	mdx	mdx1/sg000063.mdx
}

pak wp25a/pk000000.sdx	//wp25a　Ｃ４　５
{
	wvx	wvx1/wv00001b.wvx
	wvx	wvx1/wv0000a1.wvx
	efx	efx1/se00001e.efx
	mdx	mdx1/sg000070.mdx
}
pak wp25a/pk000001.sdx	//wp25a　Ｃ４　５（タキシード）
{
	wvx	wvx1/wv000017.wvx
	wvx	wvx1/wv0000a1.wvx
	efx	efx1/se00001e.efx
	mdx	mdx1/sg000067.mdx
}
pak wp25a/pk000002.sdx	//wp25a　Ｃ４　５（前作スネ）
{
	wvx	wvx1/wv000012.wvx
	wvx	wvx1/wv0000a1.wvx
	efx	efx1/se00001e.efx
	mdx	mdx1/sg00006d.mdx
}
pak wp25a/pk000003.sdx	//wp25a　Ｃ４　５（スネーク）
{
	wvx	wvx1/wv00001e.wvx
	wvx	wvx1/wv0000a1.wvx
	efx	efx1/se00001e.efx
	mdx	mdx1/sg00006e.mdx
}
pak wp25a/pk000004.sdx	//wp25a　Ｃ４　５（プリスキン）
{
	wvx	wvx1/wv00001e.wvx
	wvx	wvx1/wv0000a1.wvx
	efx	efx1/se00001e.efx
	mdx	mdx1/sg000060.mdx
}
pak wp25a/pk000005.sdx	//wp25a　Ｃ４　５（ニンジャ）
{
	wvx	wvx1/wv00001b.wvx
	wvx	wvx1/wv0000a1.wvx
	efx	efx1/se00001e.efx
	mdx	mdx1/sg000063.mdx
}

pak wp31a/pk000000.sdx	//wp31a　グレネード１
{
	wvx	wvx1/wv00001b.wvx
	wvx	wvx1/wv0000a1.wvx
	efx	efx1/se00001e.efx
	mdx	mdx1/sg000070.mdx
}
pak wp31a/pk000001.sdx	//wp31a　グレネード１（タキシード）
{
	wvx	wvx1/wv000017.wvx
	wvx	wvx1/wv0000a1.wvx
	efx	efx1/se00001e.efx
	mdx	mdx1/sg000067.mdx
}
pak wp31a/pk000002.sdx	//wp31a　グレネード１（前作スネ）
{
	wvx	wvx1/wv000012.wvx
	wvx	wvx1/wv0000a1.wvx
	efx	efx1/se00001e.efx
	mdx	mdx1/sg00006d.mdx
}
pak wp31a/pk000003.sdx	//wp31a　グレネード１（スネーク）
{
	wvx	wvx1/wv00001e.wvx
	wvx	wvx1/wv0000a1.wvx
	efx	efx1/se00001e.efx
	mdx	mdx1/sg00006e.mdx
}
pak wp31a/pk000004.sdx	//wp31a　グレネード１（プリスキン）
{
	wvx	wvx1/wv00001e.wvx
	wvx	wvx1/wv0000a1.wvx
	efx	efx1/se00001e.efx
	mdx	mdx1/sg000060.mdx
}
pak wp31a/pk000005.sdx	//wp31a　グレネード１（ニンジャ）
{
	wvx	wvx1/wv00001b.wvx
	wvx	wvx1/wv0000a1.wvx
	efx	efx1/se00001e.efx
	mdx	mdx1/sg000063.mdx
}

pak wp32a/pk000000.sdx	//wp32a　グレネード２
{
	wvx	wvx1/wv00001b.wvx
	wvx	wvx1/wv0000a1.wvx
	efx	efx1/se00001e.efx
	mdx	mdx1/sg000070.mdx
}
pak wp32a/pk000001.sdx	//wp32a　グレネード２（タキシード）
{
	wvx	wvx1/wv000017.wvx
	wvx	wvx1/wv0000a1.wvx
	efx	efx1/se00001e.efx
	mdx	mdx1/sg000067.mdx
}
pak wp32a/pk000002.sdx	//wp32a　グレネード２（前作スネ）
{
	wvx	wvx1/wv000012.wvx
	wvx	wvx1/wv0000a1.wvx
	efx	efx1/se00001e.efx
	mdx	mdx1/sg00006d.mdx
}
pak wp32a/pk000003.sdx	//wp32a　グレネード２（スネーク）
{
	wvx	wvx1/wv00001e.wvx
	wvx	wvx1/wv0000a1.wvx
	efx	efx1/se00001e.efx
	mdx	mdx1/sg00006e.mdx
}
pak wp32a/pk000004.sdx	//wp32a　グレネード２（プリスキン）
{
	wvx	wvx1/wv00001e.wvx
	wvx	wvx1/wv0000a1.wvx
	efx	efx1/se00001e.efx
	mdx	mdx1/sg000060.mdx
}
pak wp32a/pk000005.sdx	//wp32a　グレネード２（ニンジャ）
{
	wvx	wvx1/wv00001b.wvx
	wvx	wvx1/wv0000a1.wvx
	efx	efx1/se00001e.efx
	mdx	mdx1/sg000063.mdx
}

pak wp33a/pk000000.sdx	//wp33a　グレネード３
{
	wvx	wvx1/wv00001b.wvx
	wvx	wvx1/wv0000a1.wvx
	efx	efx1/se00001e.efx
	mdx	mdx1/sg000070.mdx
}
pak wp33a/pk000001.sdx	//wp33a　グレネード３（タキシード）
{
	wvx	wvx1/wv000017.wvx
	wvx	wvx1/wv0000a1.wvx
	efx	efx1/se00001e.efx
	mdx	mdx1/sg000067.mdx
}
pak wp33a/pk000002.sdx	//wp33a　グレネード３（前作スネ）
{
	wvx	wvx1/wv000012.wvx
	wvx	wvx1/wv0000a1.wvx
	efx	efx1/se00001e.efx
	mdx	mdx1/sg00006d.mdx
}
pak wp33a/pk000003.sdx	//wp33a　グレネード３（スネーク）
{
	wvx	wvx1/wv00001e.wvx
	wvx	wvx1/wv0000a1.wvx
	efx	efx1/se00001e.efx
	mdx	mdx1/sg00006e.mdx
}
pak wp33a/pk000004.sdx	//wp33a　グレネード３（プリスキン）
{
	wvx	wvx1/wv00001e.wvx
	wvx	wvx1/wv0000a1.wvx
	efx	efx1/se00001e.efx
	mdx	mdx1/sg000060.mdx
}
pak wp33a/pk000005.sdx	//wp33a　グレネード３（ニンジャ）
{
	wvx	wvx1/wv00001b.wvx
	wvx	wvx1/wv0000a1.wvx
	efx	efx1/se00001e.efx
	mdx	mdx1/sg000063.mdx
}

pak wp34a/pk000000.sdx	//wp34a　グレネード４
{
	wvx	wvx1/wv00001b.wvx
	wvx	wvx1/wv0000a1.wvx
	efx	efx1/se00001e.efx
	mdx	mdx1/sg000070.mdx
}
pak wp34a/pk000001.sdx	//wp34a　グレネード４（タキシード）
{
	wvx	wvx1/wv000017.wvx
	wvx	wvx1/wv0000a1.wvx
	efx	efx1/se00001e.efx
	mdx	mdx1/sg000067.mdx
}
pak wp34a/pk000002.sdx	//wp34a　グレネード４（前作スネ）
{
	wvx	wvx1/wv000012.wvx
	wvx	wvx1/wv0000a1.wvx
	efx	efx1/se00001e.efx
	mdx	mdx1/sg00006d.mdx
}
pak wp34a/pk000003.sdx	//wp34a　グレネード４（スネーク）
{
	wvx	wvx1/wv00001e.wvx
	wvx	wvx1/wv0000a1.wvx
	efx	efx1/se00001e.efx
	mdx	mdx1/sg00006e.mdx
}
pak wp34a/pk000004.sdx	//wp34a　グレネード４（プリスキン）
{
	wvx	wvx1/wv00001e.wvx
	wvx	wvx1/wv0000a1.wvx
	efx	efx1/se00001e.efx
	mdx	mdx1/sg000060.mdx
}
pak wp34a/pk000005.sdx	//wp34a　グレネード４（ニンジャ）
{
	wvx	wvx1/wv00001b.wvx
	wvx	wvx1/wv0000a1.wvx
	efx	efx1/se00001e.efx
	mdx	mdx1/sg000063.mdx
}

pak wp35a/pk000000.sdx	//wp35a　グレネード５
{
	wvx	wvx1/wv00001b.wvx
	wvx	wvx1/wv0000a1.wvx
	efx	efx1/se00001e.efx
	mdx	mdx1/sg000070.mdx
}
pak wp35a/pk000001.sdx	//wp35a　グレネード５（タキシード）
{
	wvx	wvx1/wv000017.wvx
	wvx	wvx1/wv0000a1.wvx
	efx	efx1/se00001e.efx
	mdx	mdx1/sg000067.mdx
}
pak wp35a/pk000002.sdx	//wp35a　グレネード５（前作スネ）
{
	wvx	wvx1/wv000012.wvx
	wvx	wvx1/wv0000a1.wvx
	efx	efx1/se00001e.efx
	mdx	mdx1/sg00006d.mdx
}
pak wp35a/pk000003.sdx	//wp35a　グレネード５（スネーク）
{
	wvx	wvx1/wv00001e.wvx
	wvx	wvx1/wv0000a1.wvx
	efx	efx1/se00001e.efx
	mdx	mdx1/sg00006e.mdx
}
pak wp35a/pk000004.sdx	//wp35a　グレネード５（プリスキン）
{
	wvx	wvx1/wv00001e.wvx
	wvx	wvx1/wv0000a1.wvx
	efx	efx1/se00001e.efx
	mdx	mdx1/sg000060.mdx
}
pak wp35a/pk000005.sdx	//wp35a　グレネード５（ニンジャ）
{
	wvx	wvx1/wv00001b.wvx
	wvx	wvx1/wv0000a1.wvx
	efx	efx1/se00001e.efx
	mdx	mdx1/sg000063.mdx
}

pak wp41a/pk000000.sdx	//wp41a　ＰＳＧ１　１
{
	wvx	wvx1/wv00001b.wvx
	wvx	wvx1/wv0000a1.wvx
	efx	efx1/se00001e.efx
	mdx	mdx1/sg000070.mdx
}
pak wp41a/pk000001.sdx	//wp41a　ＰＳＧ１　１（タキシード）
{
	wvx	wvx1/wv000017.wvx
	wvx	wvx1/wv0000a1.wvx
	efx	efx1/se00001e.efx
	mdx	mdx1/sg000067.mdx
}
pak wp41a/pk000002.sdx	//wp41a　ＰＳＧ１　１（前作スネ）
{
	wvx	wvx1/wv000012.wvx
	wvx	wvx1/wv0000a1.wvx
	efx	efx1/se00001e.efx
	mdx	mdx1/sg00006d.mdx
}
pak wp41a/pk000003.sdx	//wp41a　ＰＳＧ１　１（スネーク）
{
	wvx	wvx1/wv00001e.wvx
	wvx	wvx1/wv0000a1.wvx
	efx	efx1/se00001e.efx
	mdx	mdx1/sg00006e.mdx
}
pak wp41a/pk000004.sdx	//wp41a　ＰＳＧ１　１（プリスキン）
{
	wvx	wvx1/wv00001e.wvx
	wvx	wvx1/wv0000a1.wvx
	efx	efx1/se00001e.efx
	mdx	mdx1/sg000060.mdx
}
pak wp41a/pk000005.sdx	//wp41a　ＰＳＧ１　１（ニンジャ）
{
	wvx	wvx1/wv00001b.wvx
	wvx	wvx1/wv0000a1.wvx
	efx	efx1/se00001e.efx
	mdx	mdx1/sg000063.mdx
}

pak wp42a/pk000000.sdx	//wp42a　ＰＳＧ１　２
{
	wvx	wvx1/wv00001b.wvx
	wvx	wvx1/wv0000a1.wvx
	efx	efx1/se00001e.efx
	mdx	mdx1/sg000070.mdx
}
pak wp42a/pk000001.sdx	//wp42a　ＰＳＧ１　２（タキシード）
{
	wvx	wvx1/wv000017.wvx
	wvx	wvx1/wv0000a1.wvx
	efx	efx1/se00001e.efx
	mdx	mdx1/sg000067.mdx
}
pak wp42a/pk000002.sdx	//wp42a　ＰＳＧ１　２（前作スネ）
{
	wvx	wvx1/wv000012.wvx
	wvx	wvx1/wv0000a1.wvx
	efx	efx1/se00001e.efx
	mdx	mdx1/sg00006d.mdx
}
pak wp42a/pk000003.sdx	//wp42a　ＰＳＧ１　２（スネーク）
{
	wvx	wvx1/wv00001e.wvx
	wvx	wvx1/wv0000a1.wvx
	efx	efx1/se00001e.efx
	mdx	mdx1/sg00006e.mdx
}
pak wp42a/pk000004.sdx	//wp42a　ＰＳＧ１　２（プリスキン）
{
	wvx	wvx1/wv00001e.wvx
	wvx	wvx1/wv0000a1.wvx
	efx	efx1/se00001e.efx
	mdx	mdx1/sg000060.mdx
}
pak wp42a/pk000005.sdx	//wp42a　ＰＳＧ１　２（ニンジャ）
{
	wvx	wvx1/wv00001b.wvx
	wvx	wvx1/wv0000a1.wvx
	efx	efx1/se00001e.efx
	mdx	mdx1/sg000063.mdx
}

pak wp43a/pk000000.sdx	//wp43a　ＰＳＧ１　３
{
	wvx	wvx1/wv00001b.wvx
	wvx	wvx1/wv0000a1.wvx
	efx	efx1/se00001e.efx
	mdx	mdx1/sg000070.mdx
}
pak wp43a/pk000001.sdx	//wp43a　ＰＳＧ１　３（タキシード）
{
	wvx	wvx1/wv000017.wvx
	wvx	wvx1/wv0000a1.wvx
	efx	efx1/se00001e.efx
	mdx	mdx1/sg000067.mdx
}
pak wp43a/pk000002.sdx	//wp43a　ＰＳＧ１　３（前作スネ）
{
	wvx	wvx1/wv000012.wvx
	wvx	wvx1/wv0000a1.wvx
	efx	efx1/se00001e.efx
	mdx	mdx1/sg00006d.mdx
}
pak wp43a/pk000003.sdx	//wp43a　ＰＳＧ１　３（スネーク）
{
	wvx	wvx1/wv00001e.wvx
	wvx	wvx1/wv0000a1.wvx
	efx	efx1/se00001e.efx
	mdx	mdx1/sg00006e.mdx
}
pak wp43a/pk000004.sdx	//wp43a　ＰＳＧ１　３（プリスキン）
{
	wvx	wvx1/wv00001e.wvx
	wvx	wvx1/wv0000a1.wvx
	efx	efx1/se00001e.efx
	mdx	mdx1/sg000060.mdx
}
pak wp43a/pk000005.sdx	//wp43a　ＰＳＧ１　３（ニンジャ）
{
	wvx	wvx1/wv00001b.wvx
	wvx	wvx1/wv0000a1.wvx
	efx	efx1/se00001e.efx
	mdx	mdx1/sg000063.mdx
}

pak wp44a/pk000000.sdx	//wp44a　ＰＳＧ１　４
{
	wvx	wvx1/wv00001b.wvx
	wvx	wvx1/wv0000a1.wvx
	efx	efx1/se00001e.efx
	mdx	mdx1/sg000070.mdx
}
pak wp44a/pk000001.sdx	//wp44a　ＰＳＧ１　４（タキシード）
{
	wvx	wvx1/wv000017.wvx
	wvx	wvx1/wv0000a1.wvx
	efx	efx1/se00001e.efx
	mdx	mdx1/sg000067.mdx
}
pak wp44a/pk000002.sdx	//wp44a　ＰＳＧ１　４（前作スネ）
{
	wvx	wvx1/wv000012.wvx
	wvx	wvx1/wv0000a1.wvx
	efx	efx1/se00001e.efx
	mdx	mdx1/sg00006d.mdx
}
pak wp44a/pk000003.sdx	//wp44a　ＰＳＧ１　４（スネーク）
{
	wvx	wvx1/wv00001e.wvx
	wvx	wvx1/wv0000a1.wvx
	efx	efx1/se00001e.efx
	mdx	mdx1/sg00006e.mdx
}
pak wp44a/pk000004.sdx	//wp44a　ＰＳＧ１　４（プリスキン）
{
	wvx	wvx1/wv00001e.wvx
	wvx	wvx1/wv0000a1.wvx
	efx	efx1/se00001e.efx
	mdx	mdx1/sg000060.mdx
}
pak wp44a/pk000005.sdx	//wp44a　ＰＳＧ１　４（ニンジャ）
{
	wvx	wvx1/wv00001b.wvx
	wvx	wvx1/wv0000a1.wvx
	efx	efx1/se00001e.efx
	mdx	mdx1/sg000063.mdx
}

pak wp45a/pk000000.sdx	//wp45a　ＰＳＧ１　５
{
	wvx	wvx1/wv00001b.wvx
	wvx	wvx1/wv0000a1.wvx
	efx	efx1/se00001e.efx
	mdx	mdx1/sg000070.mdx
}
pak wp45a/pk000001.sdx	//wp45a　ＰＳＧ１　５（タキシード）
{
	wvx	wvx1/wv000017.wvx
	wvx	wvx1/wv0000a1.wvx
	efx	efx1/se00001e.efx
	mdx	mdx1/sg000067.mdx
}
pak wp45a/pk000002.sdx	//wp45a　ＰＳＧ１　５（前作スネ）
{
	wvx	wvx1/wv000012.wvx
	wvx	wvx1/wv0000a1.wvx
	efx	efx1/se00001e.efx
	mdx	mdx1/sg00006d.mdx
}
pak wp45a/pk000003.sdx	//wp45a　ＰＳＧ１　５（スネーク）
{
	wvx	wvx1/wv00001e.wvx
	wvx	wvx1/wv0000a1.wvx
	efx	efx1/se00001e.efx
	mdx	mdx1/sg00006e.mdx
}
pak wp45a/pk000004.sdx	//wp45a　ＰＳＧ１　５（プリスキン）
{
	wvx	wvx1/wv00001e.wvx
	wvx	wvx1/wv0000a1.wvx
	efx	efx1/se00001e.efx
	mdx	mdx1/sg000060.mdx
}
pak wp45a/pk000005.sdx	//wp45a　ＰＳＧ１　５（ニンジャ）
{
	wvx	wvx1/wv00001b.wvx
	wvx	wvx1/wv0000a1.wvx
	efx	efx1/se00001e.efx
	mdx	mdx1/sg000063.mdx
}

pak wp51a/pk000000.sdx	//wp51a　スティンガー１
{
	wvx	wvx1/wv00001b.wvx
	wvx	wvx1/wv0000a1.wvx
	efx	efx1/se00001e.efx
	mdx	mdx1/sg000070.mdx
}
pak wp51a/pk000001.sdx	//wp51a　スティンガー１（タキシード）
{
	wvx	wvx1/wv000017.wvx
	wvx	wvx1/wv0000a1.wvx
	efx	efx1/se00001e.efx
	mdx	mdx1/sg000067.mdx
}
pak wp51a/pk000002.sdx	//wp51a　スティンガー１（前作スネ）
{
	wvx	wvx1/wv000012.wvx
	wvx	wvx1/wv0000a1.wvx
	efx	efx1/se00001e.efx
	mdx	mdx1/sg00006d.mdx
}
pak wp51a/pk000003.sdx	//wp51a　スティンガー１（スネーク）
{
	wvx	wvx1/wv00001e.wvx
	wvx	wvx1/wv0000a1.wvx
	efx	efx1/se00001e.efx
	mdx	mdx1/sg00006e.mdx
}
pak wp51a/pk000004.sdx	//wp51a　スティンガー１（プリスキン）
{
	wvx	wvx1/wv00001e.wvx
	wvx	wvx1/wv0000a1.wvx
	efx	efx1/se00001e.efx
	mdx	mdx1/sg000060.mdx
}
pak wp51a/pk000005.sdx	//wp51a　スティンガー１（ニンジャ）
{
	wvx	wvx1/wv00001b.wvx
	wvx	wvx1/wv0000a1.wvx
	efx	efx1/se00001e.efx
	mdx	mdx1/sg000063.mdx
}

pak wp52a/pk000000.sdx	//wp52a　スティンガー２
{
	wvx	wvx1/wv00001b.wvx
	wvx	wvx1/wv0000a1.wvx
	efx	efx1/se00001e.efx
	mdx	mdx1/sg000070.mdx
}
pak wp52a/pk000001.sdx	//wp52a　スティンガー２（タキシード）
{
	wvx	wvx1/wv000017.wvx
	wvx	wvx1/wv0000a1.wvx
	efx	efx1/se00001e.efx
	mdx	mdx1/sg000067.mdx
}
pak wp52a/pk000002.sdx	//wp52a　スティンガー２（前作スネ）
{
	wvx	wvx1/wv000012.wvx
	wvx	wvx1/wv0000a1.wvx
	efx	efx1/se00001e.efx
	mdx	mdx1/sg00006d.mdx
}
pak wp52a/pk000003.sdx	//wp52a　スティンガー２（スネーク）
{
	wvx	wvx1/wv00001e.wvx
	wvx	wvx1/wv0000a1.wvx
	efx	efx1/se00001e.efx
	mdx	mdx1/sg00006e.mdx
}
pak wp52a/pk000004.sdx	//wp52a　スティンガー２（プリスキン）
{
	wvx	wvx1/wv00001e.wvx
	wvx	wvx1/wv0000a1.wvx
	efx	efx1/se00001e.efx
	mdx	mdx1/sg000060.mdx
}
pak wp52a/pk000005.sdx	//wp52a　スティンガー２（ニンジャ）
{
	wvx	wvx1/wv00001b.wvx
	wvx	wvx1/wv0000a1.wvx
	efx	efx1/se00001e.efx
	mdx	mdx1/sg000063.mdx
}

pak wp53a/pk000000.sdx	//wp53a　スティンガー３
{
	wvx	wvx1/wv00001b.wvx
	wvx	wvx1/wv0000a1.wvx
	efx	efx1/se00001e.efx
	mdx	mdx1/sg000070.mdx
}
pak wp53a/pk000001.sdx	//wp53a　スティンガー３（タキシード）
{
	wvx	wvx1/wv000017.wvx
	wvx	wvx1/wv0000a1.wvx
	efx	efx1/se00001e.efx
	mdx	mdx1/sg000067.mdx
}
pak wp53a/pk000002.sdx	//wp53a　スティンガー３（前作スネ）
{
	wvx	wvx1/wv000012.wvx
	wvx	wvx1/wv0000a1.wvx
	efx	efx1/se00001e.efx
	mdx	mdx1/sg00006d.mdx
}
pak wp53a/pk000003.sdx	//wp53a　スティンガー３（スネーク）
{
	wvx	wvx1/wv00001e.wvx
	wvx	wvx1/wv0000a1.wvx
	efx	efx1/se00001e.efx
	mdx	mdx1/sg00006e.mdx
}
pak wp53a/pk000004.sdx	//wp53a　スティンガー３（プリスキン）
{
	wvx	wvx1/wv00001e.wvx
	wvx	wvx1/wv0000a1.wvx
	efx	efx1/se00001e.efx
	mdx	mdx1/sg000060.mdx
}
pak wp53a/pk000005.sdx	//wp53a　スティンガー３（ニンジャ）
{
	wvx	wvx1/wv00001b.wvx
	wvx	wvx1/wv0000a1.wvx
	efx	efx1/se00001e.efx
	mdx	mdx1/sg000063.mdx
}

pak wp54a/pk000000.sdx	//wp54a　スティンガー４
{
	wvx	wvx1/wv00001b.wvx
	wvx	wvx1/wv0000a1.wvx
	efx	efx1/se00001e.efx
	mdx	mdx1/sg000070.mdx
}
pak wp54a/pk000001.sdx	//wp54a　スティンガー４（タキシード）
{
	wvx	wvx1/wv000017.wvx
	wvx	wvx1/wv0000a1.wvx
	efx	efx1/se00001e.efx
	mdx	mdx1/sg000067.mdx
}
pak wp54a/pk000002.sdx	//wp54a　スティンガー４（前作スネ）
{
	wvx	wvx1/wv000012.wvx
	wvx	wvx1/wv0000a1.wvx
	efx	efx1/se00001e.efx
	mdx	mdx1/sg00006d.mdx
}
pak wp54a/pk000003.sdx	//wp54a　スティンガー４（スネーク）
{
	wvx	wvx1/wv00001e.wvx
	wvx	wvx1/wv0000a1.wvx
	efx	efx1/se00001e.efx
	mdx	mdx1/sg00006e.mdx
}
pak wp54a/pk000004.sdx	//wp54a　スティンガー４（プリスキン）
{
	wvx	wvx1/wv00001e.wvx
	wvx	wvx1/wv0000a1.wvx
	efx	efx1/se00001e.efx
	mdx	mdx1/sg000060.mdx
}
pak wp54a/pk000005.sdx	//wp54a　スティンガー４（ニンジャ）
{
	wvx	wvx1/wv00001b.wvx
	wvx	wvx1/wv0000a1.wvx
	efx	efx1/se00001e.efx
	mdx	mdx1/sg000063.mdx
}

pak wp55a/pk000000.sdx	//wp55a　スティンガー５
{
	wvx	wvx1/wv00001b.wvx
	wvx	wvx1/wv0000a1.wvx
	efx	efx1/se00001e.efx
	mdx	mdx1/sg000070.mdx
}
pak wp55a/pk000001.sdx	//wp55a　スティンガー５（タキシード）
{
	wvx	wvx1/wv000017.wvx
	wvx	wvx1/wv0000a1.wvx
	efx	efx1/se00001e.efx
	mdx	mdx1/sg000067.mdx
}
pak wp55a/pk000002.sdx	//wp55a　スティンガー５（前作スネ）
{
	wvx	wvx1/wv000012.wvx
	wvx	wvx1/wv0000a1.wvx
	efx	efx1/se00001e.efx
	mdx	mdx1/sg00006d.mdx
}
pak wp55a/pk000003.sdx	//wp55a　スティンガー５（スネーク）
{
	wvx	wvx1/wv00001e.wvx
	wvx	wvx1/wv0000a1.wvx
	efx	efx1/se00001e.efx
	mdx	mdx1/sg00006e.mdx
}
pak wp55a/pk000004.sdx	//wp55a　スティンガー５（プリスキン）
{
	wvx	wvx1/wv00001e.wvx
	wvx	wvx1/wv0000a1.wvx
	efx	efx1/se00001e.efx
	mdx	mdx1/sg000060.mdx
}
pak wp55a/pk000005.sdx	//wp55a　スティンガー５（ニンジャ）
{
	wvx	wvx1/wv00001b.wvx
	wvx	wvx1/wv0000a1.wvx
	efx	efx1/se00001e.efx
	mdx	mdx1/sg000063.mdx
}

pak wp61a/pk000000.sdx	//wp61a　ニキータ１
{
	wvx	wvx1/wv00001b.wvx
	wvx	wvx1/wv0000a1.wvx
	efx	efx1/se00001e.efx
	mdx	mdx1/sg000070.mdx
}
pak wp61a/pk000001.sdx	//wp61a　ニキータ１（タキシード）
{
	wvx	wvx1/wv000017.wvx
	wvx	wvx1/wv0000a1.wvx
	efx	efx1/se00001e.efx
	mdx	mdx1/sg000067.mdx
}
pak wp61a/pk000002.sdx	//wp61a　ニキータ１（前作スネ）
{
	wvx	wvx1/wv000012.wvx
	wvx	wvx1/wv0000a1.wvx
	efx	efx1/se00001e.efx
	mdx	mdx1/sg00006d.mdx
}
pak wp61a/pk000003.sdx	//wp61a　ニキータ１（スネーク）
{
	wvx	wvx1/wv00001e.wvx
	wvx	wvx1/wv0000a1.wvx
	efx	efx1/se00001e.efx
	mdx	mdx1/sg00006e.mdx
}
pak wp61a/pk000004.sdx	//wp61a　ニキータ１（プリスキン）
{
	wvx	wvx1/wv00001e.wvx
	wvx	wvx1/wv0000a1.wvx
	efx	efx1/se00001e.efx
	mdx	mdx1/sg000060.mdx
}
pak wp61a/pk000005.sdx	//wp61a　ニキータ１（ニンジャ）
{
	wvx	wvx1/wv00001b.wvx
	wvx	wvx1/wv0000a1.wvx
	efx	efx1/se00001e.efx
	mdx	mdx1/sg000063.mdx
}

pak wp62a/pk000000.sdx	//wp62a　ニキータ２
{
	wvx	wvx1/wv00001b.wvx
	wvx	wvx1/wv0000a1.wvx
	efx	efx1/se00001e.efx
	mdx	mdx1/sg000070.mdx
}
pak wp62a/pk000001.sdx	//wp62a　ニキータ２（タキシード）
{
	wvx	wvx1/wv000017.wvx
	wvx	wvx1/wv0000a1.wvx
	efx	efx1/se00001e.efx
	mdx	mdx1/sg000067.mdx
}
pak wp62a/pk000002.sdx	//wp62a　ニキータ２（前作スネ）
{
	wvx	wvx1/wv000012.wvx
	wvx	wvx1/wv0000a1.wvx
	efx	efx1/se00001e.efx
	mdx	mdx1/sg00006d.mdx
}
pak wp62a/pk000003.sdx	//wp62a　ニキータ２（スネーク）
{
	wvx	wvx1/wv00001e.wvx
	wvx	wvx1/wv0000a1.wvx
	efx	efx1/se00001e.efx
	mdx	mdx1/sg00006e.mdx
}
pak wp62a/pk000004.sdx	//wp62a　ニキータ２（プリスキン）
{
	wvx	wvx1/wv00001e.wvx
	wvx	wvx1/wv0000a1.wvx
	efx	efx1/se00001e.efx
	mdx	mdx1/sg000060.mdx
}
pak wp62a/pk000005.sdx	//wp62a　ニキータ２（ニンジャ）
{
	wvx	wvx1/wv00001b.wvx
	wvx	wvx1/wv0000a1.wvx
	efx	efx1/se00001e.efx
	mdx	mdx1/sg000063.mdx
}

pak wp63a/pk000000.sdx	//wp63a　ニキータ３
{
	wvx	wvx1/wv00001b.wvx
	wvx	wvx1/wv0000a1.wvx
	efx	efx1/se00001e.efx
	mdx	mdx1/sg000070.mdx
}
pak wp63a/pk000001.sdx	//wp63a　ニキータ３（タキシード）
{
	wvx	wvx1/wv000017.wvx
	wvx	wvx1/wv0000a1.wvx
	efx	efx1/se00001e.efx
	mdx	mdx1/sg000067.mdx
}
pak wp63a/pk000002.sdx	//wp63a　ニキータ３（前作スネ）
{
	wvx	wvx1/wv000012.wvx
	wvx	wvx1/wv0000a1.wvx
	efx	efx1/se00001e.efx
	mdx	mdx1/sg00006d.mdx
}
pak wp63a/pk000003.sdx	//wp63a　ニキータ３（スネーク）
{
	wvx	wvx1/wv00001e.wvx
	wvx	wvx1/wv0000a1.wvx
	efx	efx1/se00001e.efx
	mdx	mdx1/sg00006e.mdx
}
pak wp63a/pk000004.sdx	//wp63a　ニキータ３（プリスキン）
{
	wvx	wvx1/wv00001e.wvx
	wvx	wvx1/wv0000a1.wvx
	efx	efx1/se00001e.efx
	mdx	mdx1/sg000060.mdx
}
pak wp63a/pk000005.sdx	//wp63a　ニキータ３（ニンジャ）
{
	wvx	wvx1/wv00001b.wvx
	wvx	wvx1/wv0000a1.wvx
	efx	efx1/se00001e.efx
	mdx	mdx1/sg000063.mdx
}

pak wp64a/pk000000.sdx	//wp64a　ニキータ４
{
	wvx	wvx1/wv00001b.wvx
	wvx	wvx1/wv0000a1.wvx
	efx	efx1/se00001e.efx
	mdx	mdx1/sg000070.mdx
}
pak wp64a/pk000001.sdx	//wp64a　ニキータ４（タキシード）
{
	wvx	wvx1/wv000017.wvx
	wvx	wvx1/wv0000a1.wvx
	efx	efx1/se00001e.efx
	mdx	mdx1/sg000067.mdx
}
pak wp64a/pk000002.sdx	//wp64a　ニキータ４（前作スネ）
{
	wvx	wvx1/wv000012.wvx
	wvx	wvx1/wv0000a1.wvx
	efx	efx1/se00001e.efx
	mdx	mdx1/sg00006d.mdx
}
pak wp64a/pk000003.sdx	//wp64a　ニキータ４（スネーク）
{
	wvx	wvx1/wv00001e.wvx
	wvx	wvx1/wv0000a1.wvx
	efx	efx1/se00001e.efx
	mdx	mdx1/sg00006e.mdx
}
pak wp64a/pk000004.sdx	//wp64a　ニキータ４（プリスキン）
{
	wvx	wvx1/wv00001e.wvx
	wvx	wvx1/wv0000a1.wvx
	efx	efx1/se00001e.efx
	mdx	mdx1/sg000060.mdx
}
pak wp64a/pk000005.sdx	//wp64a　ニキータ４（ニンジャ）
{
	wvx	wvx1/wv00001b.wvx
	wvx	wvx1/wv0000a1.wvx
	efx	efx1/se00001e.efx
	mdx	mdx1/sg000063.mdx
}

pak wp65a/pk000000.sdx	//wp65a　ニキータ５
{
	wvx	wvx1/wv00001b.wvx
	wvx	wvx1/wv0000a1.wvx
	efx	efx1/se00001e.efx
	mdx	mdx1/sg000070.mdx
}
pak wp65a/pk000001.sdx	//wp65a　ニキータ５（タキシード）
{
	wvx	wvx1/wv000017.wvx
	wvx	wvx1/wv0000a1.wvx
	efx	efx1/se00001e.efx
	mdx	mdx1/sg000067.mdx
}
pak wp65a/pk000002.sdx	//wp65a　ニキータ５（前作スネ）
{
	wvx	wvx1/wv000012.wvx
	wvx	wvx1/wv0000a1.wvx
	efx	efx1/se00001e.efx
	mdx	mdx1/sg00006d.mdx
}
pak wp65a/pk000003.sdx	//wp65a　ニキータ５（スネーク）
{
	wvx	wvx1/wv00001e.wvx
	wvx	wvx1/wv0000a1.wvx
	efx	efx1/se00001e.efx
	mdx	mdx1/sg00006e.mdx
}
pak wp65a/pk000004.sdx	//wp65a　ニキータ５（プリスキン）
{
	wvx	wvx1/wv00001e.wvx
	wvx	wvx1/wv0000a1.wvx
	efx	efx1/se00001e.efx
	mdx	mdx1/sg000060.mdx
}
pak wp65a/pk000005.sdx	//wp65a　ニキータ５（ニンジャ）
{
	wvx	wvx1/wv00001b.wvx
	wvx	wvx1/wv0000a1.wvx
	efx	efx1/se00001e.efx
	mdx	mdx1/sg000063.mdx
}

pak wp71a/pk000000.sdx	//wp71a　刀１
{
	wvx	wvx1/wv00001b.wvx
	wvx	wvx1/wv0000a1.wvx
	efx	efx1/se00001e.efx
	mdx	mdx1/sg000070.mdx
}
pak wp71a/pk000001.sdx	//wp71a　刀１（タキシード）
{
	wvx	wvx1/wv000017.wvx
	wvx	wvx1/wv0000a1.wvx
	efx	efx1/se00001e.efx
	mdx	mdx1/sg000067.mdx
}
pak wp71a/pk000002.sdx	//wp71a　刀１（前作スネ）
{
	wvx	wvx1/wv000012.wvx
	wvx	wvx1/wv0000a1.wvx
	efx	efx1/se00001e.efx
	mdx	mdx1/sg00006d.mdx
}
pak wp71a/pk000003.sdx	//wp71a　刀１（スネーク）
{
	wvx	wvx1/wv00001e.wvx
	wvx	wvx1/wv0000a1.wvx
	efx	efx1/se00001e.efx
	mdx	mdx1/sg00006e.mdx
}
pak wp71a/pk000004.sdx	//wp71a　刀１（プリスキン）
{
	wvx	wvx1/wv00001e.wvx
	wvx	wvx1/wv0000a1.wvx
	efx	efx1/se00001e.efx
	mdx	mdx1/sg000060.mdx
}
pak wp71a/pk000005.sdx	//wp71a　刀１（ニンジャ）
{
	wvx	wvx1/wv00001b.wvx
	wvx	wvx1/wv0000a1.wvx
	efx	efx1/se00001e.efx
	mdx	mdx1/sg000063.mdx
}

pak wp72a/pk000000.sdx	//wp72a　刀２
{
	wvx	wvx1/wv00001b.wvx
	wvx	wvx1/wv0000a1.wvx
	efx	efx1/se00001e.efx
	mdx	mdx1/sg000070.mdx
}
pak wp72a/pk000001.sdx	//wp72a　刀２（タキシード）
{
	wvx	wvx1/wv000017.wvx
	wvx	wvx1/wv0000a1.wvx
	efx	efx1/se00001e.efx
	mdx	mdx1/sg000067.mdx
}
pak wp72a/pk000002.sdx	//wp72a　刀２（前作スネ）
{
	wvx	wvx1/wv000012.wvx
	wvx	wvx1/wv0000a1.wvx
	efx	efx1/se00001e.efx
	mdx	mdx1/sg00006d.mdx
}
pak wp72a/pk000003.sdx	//wp72a　刀２（スネーク）
{
	wvx	wvx1/wv00001e.wvx
	wvx	wvx1/wv0000a1.wvx
	efx	efx1/se00001e.efx
	mdx	mdx1/sg00006e.mdx
}
pak wp72a/pk000004.sdx	//wp72a　刀２（プリスキン）
{
	wvx	wvx1/wv00001e.wvx
	wvx	wvx1/wv0000a1.wvx
	efx	efx1/se00001e.efx
	mdx	mdx1/sg000060.mdx
}
pak wp72a/pk000005.sdx	//wp72a　刀２（ニンジャ）
{
	wvx	wvx1/wv00001b.wvx
	wvx	wvx1/wv0000a1.wvx
	efx	efx1/se00001e.efx
	mdx	mdx1/sg000063.mdx
}

pak wp73a/pk000000.sdx	//wp73a　刀３
{
	wvx	wvx1/wv00001b.wvx
	wvx	wvx1/wv0000a1.wvx
	efx	efx1/se00001e.efx
	mdx	mdx1/sg000070.mdx
}
pak wp73a/pk000001.sdx	//wp73a　刀３（タキシード）
{
	wvx	wvx1/wv000017.wvx
	wvx	wvx1/wv0000a1.wvx
	efx	efx1/se00001e.efx
	mdx	mdx1/sg000067.mdx
}
pak wp73a/pk000002.sdx	//wp73a　刀３（前作スネ）
{
	wvx	wvx1/wv000012.wvx
	wvx	wvx1/wv0000a1.wvx
	efx	efx1/se00001e.efx
	mdx	mdx1/sg00006d.mdx
}
pak wp73a/pk000003.sdx	//wp73a　刀３（スネーク）
{
	wvx	wvx1/wv00001e.wvx
	wvx	wvx1/wv0000a1.wvx
	efx	efx1/se00001e.efx
	mdx	mdx1/sg00006e.mdx
}
pak wp73a/pk000004.sdx	//wp73a　刀３（プリスキン）
{
	wvx	wvx1/wv00001e.wvx
	wvx	wvx1/wv0000a1.wvx
	efx	efx1/se00001e.efx
	mdx	mdx1/sg000060.mdx
}
pak wp73a/pk000005.sdx	//wp73a　刀３（ニンジャ）
{
	wvx	wvx1/wv00001b.wvx
	wvx	wvx1/wv0000a1.wvx
	efx	efx1/se00001e.efx
	mdx	mdx1/sg000063.mdx
}

pak wp74a/pk000000.sdx	//wp74a　刀４
{
	wvx	wvx1/wv00001b.wvx
	wvx	wvx1/wv0000a1.wvx
	efx	efx1/se00001e.efx
	mdx	mdx1/sg000070.mdx
}
pak wp74a/pk000001.sdx	//wp74a　刀４（タキシード）
{
	wvx	wvx1/wv000017.wvx
	wvx	wvx1/wv0000a1.wvx
	efx	efx1/se00001e.efx
	mdx	mdx1/sg000067.mdx
}
pak wp74a/pk000002.sdx	//wp74a　刀４（前作スネ）
{
	wvx	wvx1/wv000012.wvx
	wvx	wvx1/wv0000a1.wvx
	efx	efx1/se00001e.efx
	mdx	mdx1/sg00006d.mdx
}
pak wp74a/pk000003.sdx	//wp74a　刀４（スネーク）
{
	wvx	wvx1/wv00001e.wvx
	wvx	wvx1/wv0000a1.wvx
	efx	efx1/se00001e.efx
	mdx	mdx1/sg00006e.mdx
}
pak wp74a/pk000004.sdx	//wp74a　刀４（プリスキン）
{
	wvx	wvx1/wv00001e.wvx
	wvx	wvx1/wv0000a1.wvx
	efx	efx1/se00001e.efx
	mdx	mdx1/sg000060.mdx
}
pak wp74a/pk000005.sdx	//wp74a　刀４（ニンジャ）
{
	wvx	wvx1/wv00001b.wvx
	wvx	wvx1/wv0000a1.wvx
	efx	efx1/se00001e.efx
	mdx	mdx1/sg000063.mdx
}

pak wp75a/pk000000.sdx	//wp75a　刀５
{
	wvx	wvx1/wv00001b.wvx
	wvx	wvx1/wv0000a1.wvx
	efx	efx1/se00001e.efx
	mdx	mdx1/sg000070.mdx
}
pak wp75a/pk000001.sdx	//wp75a　刀５（タキシード）
{
	wvx	wvx1/wv000017.wvx
	wvx	wvx1/wv0000a1.wvx
	efx	efx1/se00001e.efx
	mdx	mdx1/sg000067.mdx
}
pak wp75a/pk000002.sdx	//wp75a　刀５（前作スネ）
{
	wvx	wvx1/wv000012.wvx
	wvx	wvx1/wv0000a1.wvx
	efx	efx1/se00001e.efx
	mdx	mdx1/sg00006d.mdx
}
pak wp75a/pk000003.sdx	//wp75a　刀５（スネーク）
{
	wvx	wvx1/wv00001e.wvx
	wvx	wvx1/wv0000a1.wvx
	efx	efx1/se00001e.efx
	mdx	mdx1/sg00006e.mdx
}
pak wp75a/pk000004.sdx	//wp75a　刀５（プリスキン）
{
	wvx	wvx1/wv00001e.wvx
	wvx	wvx1/wv0000a1.wvx
	efx	efx1/se00001e.efx
	mdx	mdx1/sg000060.mdx
}
pak wp75a/pk000005.sdx	//wp75a　刀５（ニンジャ）
{
	wvx	wvx1/wv00001b.wvx
	wvx	wvx1/wv0000a1.wvx
	efx	efx1/se00001e.efx
	mdx	mdx1/sg000063.mdx
}


pak sp01a/pk000000.sdx	//sp01a　（仮）スペシャル：１
{
	wvx	wvx1/wv00001c.wvx
	wvx	wvx1/wv0000a1.wvx
	efx	efx1/se00001e.efx
	mdx	mdx1/sg000062.mdx
}
pak sp02a/pk000000.sdx	//sp02a　（仮）スペシャル：２
{
	wvx	wvx1/wv00001c.wvx
	wvx	wvx1/wv0000a1.wvx
	efx	efx1/se00001e.efx
	mdx	mdx1/sg000062.mdx
}
pak sp03a/pk000000.sdx	//sp03a　スペシャル３「平時」
{
	wvx	wvx1/wv000016.wvx
	wvx	wvx1/wv0000a1.wvx
	efx	efx1/se000016.efx
	mdx	mdx1/sg000069.mdx
}
pak sp03a/pk000001.sdx	//sp03a　スペシャル３「ゴルル登場後」
{
	wvx	wvx1/wv000018.wvx
	wvx	wvx1/wv0000a1.wvx
	efx	efx1/se000018.efx
	mdx	mdx1/sg000066.mdx
}
pak sp03a/pk000002.sdx	//sp03a　スペシャル３「メカゲ登場後」
{
	wvx	wvx1/wv00000d.wvx
	wvx	wvx1/wv0000a1.wvx
	efx	efx1/se00000d.efx
	mdx	mdx1/sg000066.mdx
}
pak sp03a/pk000003.sdx	//sp03a　スペシャル３「ゲノラ登場後」
{
	wvx	wvx1/wv00000c.wvx
	wvx	wvx1/wv0000a1.wvx
	efx	efx1/se00000c.efx
	mdx	mdx1/sg000066.mdx
}
pak sp06a/pk000000.sdx	//sp06a　（仮）スペシャル：６
{
	wvx	wvx1/wv00001c.wvx
	wvx	wvx1/wv0000a1.wvx
	efx	efx1/se00001c.efx
	mdx	mdx1/sg000062.mdx
}
pak sp07a/pk000000.sdx	//sp07a　（仮）スペシャル：７
{
	wvx	wvx1/wv000018.wvx
	wvx	wvx1/wv0000a1.wvx
	efx	efx1/se000018.efx
	mdx	mdx1/sg000066.mdx
}
pak sp08a/pk000000.sdx	//sp08a　（仮）スペシャル：８
{
	wvx	wvx1/wv000016.wvx
	wvx	wvx1/wv0000a1.wvx
	efx	efx1/se000016.efx
	mdx	mdx1/sg000069.mdx
}

pak sp21a/pk000000.sdx	//sp21a　主観１
{
	wvx	wvx1/wv000016.wvx
	wvx	wvx1/wv0000a1.wvx
	efx	efx1/se000016.efx
	mdx	mdx1/sg000069.mdx
}
pak sp22a/pk000000.sdx	//sp22a　主観２
{
	wvx	wvx1/wv000016.wvx
	wvx	wvx1/wv0000a1.wvx
	efx	efx1/se000016.efx
	mdx	mdx1/sg000069.mdx
}
pak sp23a/pk000000.sdx	//sp23a　主観３
{
	wvx	wvx1/wv000016.wvx
	wvx	wvx1/wv0000a1.wvx
	efx	efx1/se000016.efx
	mdx	mdx1/sg000069.mdx
}
pak sp24a/pk000000.sdx	//sp24a　主観４
{
	wvx	wvx1/wv000016.wvx
	wvx	wvx1/wv0000a1.wvx
	efx	efx1/se000016.efx
	mdx	mdx1/sg000069.mdx
}
pak sp25a/pk000000.sdx	//sp25a　主観５
{
	wvx	wvx1/wv000016.wvx
	wvx	wvx1/wv0000a1.wvx
	efx	efx1/se000016.efx
	mdx	mdx1/sg000069.mdx
}

pak st01a/pk000000.sdx	//st01a　ストリーキング１
{
	wvx	wvx1/wv00001c.wvx
	wvx	wvx1/wv0000a1.wvx
	efx	efx1/se00001c.efx
	mdx	mdx1/sg000062.mdx
}
pak st02a/pk000000.sdx	//st02a　ストリーキング２
{
	wvx	wvx1/wv00001c.wvx
	wvx	wvx1/wv0000a1.wvx
	efx	efx1/se00001c.efx
	mdx	mdx1/sg000062.mdx
}
pak st03a/pk000000.sdx	//st03a　ストリーキング３
{
	wvx	wvx1/wv00001c.wvx
	wvx	wvx1/wv0000a1.wvx
	efx	efx1/se00001c.efx
	mdx	mdx1/sg000062.mdx
}
pak st04a/pk000000.sdx	//st04a　ストリーキング４
{
	wvx	wvx1/wv00001c.wvx
	wvx	wvx1/wv0000a1.wvx
	efx	efx1/se00001c.efx
	mdx	mdx1/sg000062.mdx
}
pak st05a/pk000000.sdx	//st05a　ストリーキング５
{
	wvx	wvx1/wv00001c.wvx
	wvx	wvx1/wv0000a1.wvx
	efx	efx1/se00001c.efx
	mdx	mdx1/sg000062.mdx
}


//オルタナティブ

pak a00a/pk000000.sdx	//a00a　タンカー甲板「オルタナ用」
{
	wvx	wvx1/wv00007d.wvx
	wvx	wvx1/wv000080.wvx
	efx	efx1/se00007d.efx
	mdx	mdx1/sg000010.mdx
}
//pak a00a/pk000001.sdx	a00a　タンカー甲板「オルタナ写真撮影用」
//{
//	wvx	wvx1/wv00006a.wvx
//	wvx	wvx1/wv000080.wvx
//	efx	efx1/se00007d.efx
//	mdx	mdx1/sg00006a.mdx
//}
pak a00a/pk000001.sdx	//a00a　タンカー甲板「オルタナ写真撮影用」
{
	wvx	wvx1/wv00007d.wvx
	wvx	wvx1/wv000080.wvx
	efx	efx1/se00007d.efx
	mdx	mdx1/sg000010.mdx
}
pak a00b/pk000000.sdx	//a00b　オルガ戦「オルタナ用」
{
	wvx	wvx1/wv00007a.wvx
	wvx	wvx1/wv000081.wvx
	efx	efx1/se000064.efx
	mdx	mdx1/sg000012.mdx
} 
pak a00c/pk000000.sdx	//a00c　タンカー屋外上層「オルタナ用」
{
	wvx	wvx1/wv00007d.wvx
	wvx	wvx1/wv000080.wvx
	efx	efx1/se00007d.efx
	mdx	mdx1/sg000010.mdx
}
//pak a00c/pk000001.sdx	//a00c　タンカー屋外上層「オルタナ写真撮影用」
//{
//	wvx	wvx1/wv00006a.wvx
//	wvx	wvx1/wv000080.wvx
//	efx	efx1/se00007d.efx
//	mdx	mdx1/sg00006a.mdx
//}
pak a00c/pk000001.sdx	//a00c　タンカー屋外上層「オルタナ写真撮影用」
{
	wvx	wvx1/wv00007d.wvx
	wvx	wvx1/wv000080.wvx
	efx	efx1/se00007d.efx
	mdx	mdx1/sg000010.mdx
}
pak a01a/pk000000.sdx	//a01a　タンカー居住区一階（下）「オルタナ用」
{
	wvx	wvx1/wv000079.wvx
	wvx	wvx1/wv000080.wvx
	efx	efx1/se000079.efx
	mdx	mdx1/sg000014.mdx
}
pak a01a/pk000001.sdx	//a01a　タンカー居住区一階（下）「オルタナ写真撮影用」
{
	wvx	wvx1/wv00006e.wvx
	wvx	wvx1/wv000080.wvx
	efx	efx1/se000079.efx
	mdx	mdx1/sg00006a.mdx
}
pak a01a/pk000011.sdx	//タンカー常駐ライデン（next_stage切替用）
{
	wvx	wvx1/wv00001f.wvx
	wvx	wvx1/wv0000ff.wvx
	mdx	mdx1/sg0000ff.mdx
	efx	efx1/se00001f.efx
}
pak a01a/pk000014.sdx	//タンカー常駐スネーク（next_stage切替用）
{
	wvx	wvx1/wv00007f.wvx
	wvx	wvx1/wv0000ff.wvx
	mdx	mdx1/sg0000ff.mdx
	efx	efx1/se00007f.efx
}
pak a01b/pk000000.sdx	//a01b　タンカー居住区二階「オルタナ用」
{
	wvx	wvx1/wv000073.wvx
	wvx	wvx1/wv000080.wvx
	efx	efx1/se000073.efx
	mdx	mdx1/sg000018.mdx
}
pak a01b/pk000001.sdx	//a01b　タンカー居住区二階「オルタナ写真撮影用」
{
	wvx	wvx1/wv00006d.wvx
	wvx	wvx1/wv000080.wvx
	efx	efx1/se000073.efx
	mdx	mdx1/sg00006a.mdx
}
pak a01b/pk000011.sdx	//タンカー常駐ライデン（next_stage切替用）
{
	wvx	wvx1/wv00001f.wvx
	wvx	wvx1/wv0000ff.wvx
	mdx	mdx1/sg0000ff.mdx
	efx	efx1/se00001f.efx
}
pak a01b/pk000014.sdx	//タンカー常駐スネーク（next_stage切替用）
{
	wvx	wvx1/wv00007f.wvx
	wvx	wvx1/wv0000ff.wvx
	mdx	mdx1/sg0000ff.mdx
	efx	efx1/se00007f.efx
}
pak a01c/pk000000.sdx	//a01c　タンカー居住区三階「オルタナ用」
{
	wvx	wvx1/wv000073.wvx
	wvx	wvx1/wv000080.wvx
	efx	efx1/se000072.efx
	mdx	mdx1/sg00001a.mdx
}
pak a01d/pk000000.sdx	//a01d　タンカー居住区四階「オルタナ用」
{
	wvx	wvx1/wv000076.wvx
	wvx	wvx1/wv000080.wvx
	efx	efx1/se000074.efx
	mdx	mdx1/sg000019.mdx
}
pak a01e/pk000000.sdx	//a01e　タンカー居住区五階（操舵室）「オルタナ用」
{
	wvx	wvx1/wv000078.wvx
	wvx	wvx1/wv000080.wvx
	efx	efx1/se000078.efx
	mdx	mdx1/sg000017.mdx
}
pak a01f/pk000000.sdx	//a01f　タンカー居住区一階（上）「オルタナ用」
{
	wvx	wvx1/wv000075.wvx
	wvx	wvx1/wv000080.wvx
	efx	efx1/se000076.efx
	mdx	mdx1/sg000015.mdx
}
pak a01f/pk000001.sdx	//a01f　タンカー居住区一階（上）「オルタナ写真撮影用」
{
	wvx	wvx1/wv00006c.wvx
	wvx	wvx1/wv000080.wvx
	efx	efx1/se000076.efx
	mdx	mdx1/sg00006a.mdx
}
pak a01f/pk000011.sdx	//タンカー常駐ライデン（next_stage切替用）
{
	wvx	wvx1/wv00001f.wvx
	wvx	wvx1/wv0000ff.wvx
	mdx	mdx1/sg0000ff.mdx
	efx	efx1/se00001f.efx
}
pak a01f/pk000014.sdx	//タンカー常駐スネーク（next_stage切替用）
{
	wvx	wvx1/wv00007f.wvx
	wvx	wvx1/wv0000ff.wvx
	mdx	mdx1/sg0000ff.mdx
	efx	efx1/se00007f.efx
}
pak a02a/pk000000.sdx	//a02a　タンカーエンジンルーム「オルタナ用」
{
	wvx	wvx1/wv00007c.wvx
	wvx	wvx1/wv000080.wvx
	efx	efx1/se00007c.efx
	mdx	mdx1/sg000011.mdx
}
pak a02a/pk000011.sdx	//タンカー常駐ライデン（next_stage切替用）
{
	wvx	wvx1/wv00001f.wvx
	wvx	wvx1/wv0000ff.wvx
	mdx	mdx1/sg0000ff.mdx
	efx	efx1/se00001f.efx
}
pak a02a/pk000014.sdx	//タンカー常駐スネーク（next_stage切替用）
{
	wvx	wvx1/wv00007f.wvx
	wvx	wvx1/wv0000ff.wvx
	mdx	mdx1/sg0000ff.mdx
	efx	efx1/se00007f.efx
}
pak a02b/pk000000.sdx	//a02b　タンカーエンジンルーム「オルタナ写真撮影用」
{
	wvx	wvx1/wv000067.wvx
	wvx	wvx1/wv000080.wvx
	efx	efx1/se00007c.efx
	mdx	mdx1/sg000077.mdx
}
pak a02b/pk000011.sdx	//タンカー常駐ライデン（next_stage切替用）
{
	wvx	wvx1/wv00001f.wvx
	wvx	wvx1/wv0000ff.wvx
	mdx	mdx1/sg0000ff.mdx
	efx	efx1/se00001f.efx
}
pak a02b/pk000014.sdx	//タンカー常駐スネーク（next_stage切替用）
{
	wvx	wvx1/wv00007f.wvx
	wvx	wvx1/wv0000ff.wvx
	mdx	mdx1/sg0000ff.mdx
	efx	efx1/se00007f.efx
}
pak a03a/pk000000.sdx	//a03a　タンカー長廊下（左舷）「オルタナ用」
{
	wvx	wvx1/wv00007b.wvx
	wvx	wvx1/wv000080.wvx
	efx	efx1/se00007b.efx
	mdx	mdx1/sg00001b.mdx
}
pak a03a/pk000001.sdx	//a03a　タンカー長廊下（左舷）「オルタナ写真撮影用」
{
	wvx	wvx1/wv000069.wvx
	wvx	wvx1/wv000080.wvx
	efx	efx1/se00007b.efx
	mdx	mdx1/sg000076.mdx
}
pak a03b/pk000000.sdx	//a03b　タンカー長廊下（右舷）「オルタナ用」
{
	wvx	wvx1/wv000074.wvx
	wvx	wvx1/wv000080.wvx
	efx	efx1/se000075.efx
	mdx	mdx1/sg00001b.mdx
}
pak a04a/pk000000.sdx	//a04a　タンカー船倉１「オルタナ用」
{
	wvx	wvx1/wv000077.wvx
	wvx	wvx1/wv000083.wvx
	efx	efx1/se000077.efx
	mdx	mdx1/sg000016.mdx
}
pak a04b/pk000000.sdx	//a04b　タンカー船倉２「オルタナ用」
{
	wvx	wvx1/wv000077.wvx
	wvx	wvx1/wv000083.wvx
	efx	efx1/se000077.efx
	mdx	mdx1/sg000016.mdx
}
pak a04c/pk000000.sdx	//a04c　タンカー船倉３「オルタナ用」
{
	wvx	wvx1/wv000077.wvx
	wvx	wvx1/wv000083.wvx
	efx	efx1/se000077.efx
	mdx	mdx1/sg000016.mdx
}

pak a12a/pk000000.sdx	//a12a　Ａ脚屋上（朝）「オルタナ用」
{
	wvx	wvx1/wv00004d.wvx
	wvx	wvx1/wv000080.wvx
	efx	efx1/se00004d.efx
	mdx	mdx1/sg000030.mdx
}

pak a12a/pk000001.sdx	//a12a　Ａ脚屋上（ハイテク兵）「オルタナ用」
{
	wvx	wvx1/wv00004d.wvx
	wvx	wvx1/wv0000a0.wvx
	efx	efx1/se00004d.efx
	mdx	mdx1/sg000030.mdx
}

pak a12b/pk000000.sdx	//a12b　Ａ脚1Fポンプ室「オルタナ用」
{
	wvx	wvx1/wv00004c.wvx
	wvx	wvx1/wv000080.wvx
	efx	efx1/se00004c.efx
	mdx	mdx1/sg000042.mdx
}
pak a12b/pk000001.sdx	//a12b　Ａ脚1Fポンプ室（Ｂ爆弾探索中）「オルタナ用」
{
	wvx	wvx1/wv00004c.wvx
	wvx	wvx1/wv000080.wvx
	efx	efx1/se00004c.efx
	mdx	mdx1/sg00004b.mdx
}
pak a12b/pk000002.sdx	//a12b　Ａ脚1Fポンプ室（ハイテク兵）「オルタナ用」
{
	wvx	wvx1/wv00004c.wvx
	wvx	wvx1/wv0000a0.wvx
	efx	efx1/se00004c.efx
	mdx	mdx1/sg000042.mdx
}
pak a13a/pk000000.sdx	//a13a　ＡＢ連絡橋（朝）「オルタナ用」
{
	wvx	wvx1/wv00004d.wvx
	wvx	wvx1/wv000080.wvx
	efx	efx1/se00004b.efx
	mdx	mdx1/sg000030.mdx
}
pak a13b/pk000000.sdx	//a13b　ＡＢ連絡橋（昼）「オルタナ用」
{
	wvx	wvx1/wv00004d.wvx
	wvx	wvx1/wv000080.wvx
	efx	efx1/se00004b.efx
	mdx	mdx1/sg000030.mdx
}
pak a13b/pk000001.sdx	//a13b　ＡＢ連絡橋（昼、ハイテク兵）「オルタナ用」
{
	wvx	wvx1/wv00004d.wvx
	wvx	wvx1/wv0000a0.wvx
	efx	efx1/se00004b.efx
	mdx	mdx1/sg000030.mdx
}
pak a13c/pk000000.sdx	//a13c　ＡＢ連絡橋（昼）「テイルズＥ用」
{
	wvx	wvx1/wv000063.wvx
	wvx	wvx1/wv000080.wvx
	efx	efx1/se000063.efx
	mdx	mdx1/sg000058.mdx
}
pak a14a/pk000000.sdx	//a14a　Ｂ脚変電室「オルタナ用」
{
	wvx	wvx1/wv000057.wvx
	wvx	wvx1/wv000080.wvx
	efx	efx1/se000057.efx
	mdx	mdx1/sg00004f.mdx
}
pak a14a/pk000001.sdx	//a14a　Ｂ脚変電室（Ｂ爆弾探索中）「オルタナ用」
{
	wvx	wvx1/wv000057.wvx
	wvx	wvx1/wv000080.wvx
	efx	efx1/se000057.efx
	mdx	mdx1/sg00004b.mdx
}
pak a14a/pk000002.sdx	//a14a　Ｂ脚変電室（ハイテク兵）「オルタナ用」
{
	wvx	wvx1/wv000057.wvx
	wvx	wvx1/wv0000a0.wvx
	efx	efx1/se000057.efx
	mdx	mdx1/sg00004f.mdx
}
pak a14a/pk000012.sdx	//プラント常駐ライデン（next_stage切替用）
{
	wvx	wvx1/wv00005f.wvx
	wvx	wvx1/wv0000ff.wvx
	mdx	mdx1/sg0000ff.mdx
	efx	efx1/se00005f.efx
}
pak a14a/pk000015.sdx	//プラント常駐スネーク（next_stage切替用）
{
	wvx	wvx1/wv00002f.wvx
	wvx	wvx1/wv0000ff.wvx
	mdx	mdx1/sg0000ff.mdx
	efx	efx1/se00002f.efx
}

pak a14b/pk000000.sdx	//a14b　Ｂ脚変電室「テイルズ専用」
{
	wvx	wvx1/wv000057.wvx
	wvx	wvx1/wv000080.wvx
	efx	efx1/se000057.efx
	mdx	mdx1/sg00004f.mdx
}
pak a15a/pk000000.sdx	//a15a　ＢＣ連絡橋（朝）「オルタナ用」
{
	wvx	wvx1/wv00004d.wvx
	wvx	wvx1/wv000080.wvx
	efx	efx1/se00004a.efx
	mdx	mdx1/sg000030.mdx
}
pak a15b/pk000000.sdx	//a15b　ＢＣ連絡橋（昼）「オルタナ用」
{
	wvx	wvx1/wv00004d.wvx
	wvx	wvx1/wv000080.wvx
	efx	efx1/se00004a.efx
	mdx	mdx1/sg000030.mdx
}
pak a15b/pk000001.sdx	//a15b　ＢＣ連絡橋（昼、ハイテク兵）「オルタナ用」
{
	wvx	wvx1/wv00004d.wvx
	wvx	wvx1/wv0000a0.wvx
	efx	efx1/se00004a.efx
	mdx	mdx1/sg000030.mdx
}
pak a16a/pk000000.sdx	//a16a　Ｃ脚トイレ＆厨房「オルタナ用」
{
	wvx	wvx1/wv00003b.wvx
	wvx	wvx1/wv000080.wvx
	efx	efx1/se00004f.efx
	mdx	mdx1/sg000033.mdx
}
pak a17a/pk000000.sdx	//a17a　ＣＤ連絡橋「オルタナ用」
{
	wvx	wvx1/wv00003d.wvx
	wvx	wvx1/wv000080.wvx
	efx	efx1/se00003d.efx
	mdx	mdx1/sg000030.mdx
}
pak a17a/pk000001.sdx	//a17a　ＣＤ連絡橋（ハイテク兵）「オルタナ用」
{
	wvx	wvx1/wv00003d.wvx
	wvx	wvx1/wv0000a0.wvx
	efx	efx1/se00003d.efx
	mdx	mdx1/sg000030.mdx
}
pak a18a/pk000000.sdx	//a18a　Ｄ脚第一沈殿池「オルタナ用」
{
	wvx	wvx1/wv000049.wvx
	wvx	wvx1/wv000080.wvx
	efx	efx1/se000049.efx
	mdx	mdx1/sg00004e.mdx
}
pak a18a/pk000001.sdx	//a18a　Ｄ脚第一沈殿池（Ｂ爆弾探索中）「オルタナ用」
{
	wvx	wvx1/wv000049.wvx
	wvx	wvx1/wv000080.wvx
	efx	efx1/se000049.efx
	mdx	mdx1/sg00004b.mdx
}
pak a18a/pk000002.sdx	//a18a　Ｄ脚第一沈殿池（ハイテク兵）「オルタナ用」
{
	wvx	wvx1/wv000049.wvx
	wvx	wvx1/wv0000a0.wvx
	efx	efx1/se000049.efx
	mdx	mdx1/sg00004e.mdx
}
pak a19a/pk000000.sdx	//a19a　ＤＥ連絡橋「オルタナ用」
{
	wvx	wvx1/wv00005c.wvx
	wvx	wvx1/wv000080.wvx
	efx	efx1/se00005c.efx
	mdx	mdx1/sg000030.mdx
}
pak a19a/pk000001.sdx	//a19a　ＤＥ連絡橋（ハイテク兵）「オルタナ用」
{
	wvx	wvx1/wv00005c.wvx
	wvx	wvx1/wv0000a0.wvx
	efx	efx1/se00005c.efx
	mdx	mdx1/sg000030.mdx
}
pak a19a/pk000012.sdx	//プラント常駐ライデン（next_stage切替用）
{
	wvx	wvx1/wv00005f.wvx
	wvx	wvx1/wv0000ff.wvx
	mdx	mdx1/sg0000ff.mdx
	efx	efx1/se00005f.efx
}
pak a19a/pk000015.sdx	//プラント常駐スネーク（next_stage切替用）
{
	wvx	wvx1/wv00002f.wvx
	wvx	wvx1/wv0000ff.wvx
	mdx	mdx1/sg0000ff.mdx
	efx	efx1/se00002f.efx
}
pak a20a/pk000000.sdx	//a20a　Ｅ脚ベルトコンベア「オルタナ用」
{
	wvx	wvx1/wv000048.wvx
	wvx	wvx1/wv000080.wvx
	efx	efx1/se000048.efx
	mdx	mdx1/sg000046.mdx
}
pak a20a/pk000001.sdx	//a20a　Ｅ脚ベルトコンベア停止後「オルタナ用」
{
	wvx	wvx1/wv000048.wvx
	wvx	wvx1/wv000080.wvx
	efx	efx1/se000048.efx
	mdx	mdx1/sg000049.mdx
}
pak a20a/pk000002.sdx	//a20a　Ｅ脚ベルトコンベア（ハイテク兵）「オルタナ用」
{
	wvx	wvx1/wv000048.wvx
	wvx	wvx1/wv0000a0.wvx
	efx	efx1/se000048.efx
	mdx	mdx1/sg000046.mdx
}
pak a20b/pk000000.sdx	//a20b　Ｅ脚ヘリポート（フォーチュン前）「オルタナ用」
{
	wvx	wvx1/wv000047.wvx
	wvx	wvx1/wv000080.wvx
	efx	efx1/se000047.efx
	mdx	mdx1/sg000030.mdx
}
pak a20c/pk000000.sdx	//a20c　ファットマン戦「オルタナ用」
{
	wvx	wvx1/wv000059.wvx
	wvx	wvx1/wv000091.wvx
	efx	efx1/se000059.efx
	mdx	mdx1/sg000043.mdx
}
pak a20e/pk000000.sdx	//a20e　Ｅ脚ベルトコンベア「オルタナＢエマ専用」
{
	wvx	wvx1/wv000048.wvx
	wvx	wvx1/wv000080.wvx
	efx	efx1/se000048.efx
	mdx	mdx1/sg000046.mdx
}
pak a21a/pk000000.sdx	//a21a　ＥＦ連絡橋（昼）「オルタナ用」
{
	wvx	wvx1/wv000046.wvx
	wvx	wvx1/wv000080.wvx
	efx	efx1/se000046.efx
	mdx	mdx1/sg000030.mdx
}
pak a21a/pk000001.sdx	//a21a　ＥＦ連絡橋（昼、ハイテク兵）「オルタナ用」
{
	wvx	wvx1/wv000046.wvx
	wvx	wvx1/wv0000a0.wvx
	efx	efx1/se000046.efx
	mdx	mdx1/sg000030.mdx
}
pak a21a/pk000002.sdx	//a21a　ＥＦ連絡橋（昼）「スネテイ用エマ連れ」
{
	wvx	wvx1/wv000043.wvx
	wvx	wvx1/wv000080.wvx
	efx	efx1/se000043.efx
	mdx	mdx1/sg000030.mdx
}
pak a21b/pk000000.sdx	//a21b　ＥＦ連絡橋（夕）「オルタナ用」
{
	wvx	wvx1/wv000046.wvx
	wvx	wvx1/wv000080.wvx
	efx	efx1/se000046.efx
	mdx	mdx1/sg000030.mdx
}
pak a22a/pk000000.sdx	//a22a　Ｆ脚倉庫「オルタナ用」
{
	wvx	wvx1/wv000045.wvx
	wvx	wvx1/wv000080.wvx
	efx	efx1/se000045.efx
	mdx	mdx1/sg000034.mdx
}
pak a22a/pk000001.sdx	//a22a　Ｆ脚倉庫（Ｂ爆弾探索中）「オルタナ用」
{
	wvx	wvx1/wv000045.wvx
	wvx	wvx1/wv000080.wvx
	efx	efx1/se000045.efx
	mdx	mdx1/sg00004b.mdx
}
pak a22a/pk000002.sdx	//a22a　Ｆ脚倉庫（ハイテク兵）「オルタナ用」
{
	wvx	wvx1/wv000045.wvx
	wvx	wvx1/wv0000a0.wvx
	efx	efx1/se000045.efx
	mdx	mdx1/sg000034.mdx
}
pak a22b/pk000000.sdx	//a22b　Ｆ脚倉庫「オルタナ新規」
{
	wvx	wvx1/wv000045.wvx
	wvx	wvx1/wv000080.wvx
	efx	efx1/se000045.efx
	mdx	mdx1/sg000034.mdx
}
pak a22b/pk000001.sdx	//a22b　Ｆ脚倉庫（Ｂ爆弾探索中）「オルタナ新規」
{
	wvx	wvx1/wv000045.wvx
	wvx	wvx1/wv000080.wvx
	efx	efx1/se000045.efx
	mdx	mdx1/sg00004b.mdx
}
pak a22b/pk000002.sdx	//a22b　Ｆ脚倉庫（ハイテク兵）「オルタナ新規」
{
	wvx	wvx1/wv000045.wvx
	wvx	wvx1/wv0000a0.wvx
	efx	efx1/se000045.efx
	mdx	mdx1/sg000034.mdx
}
pak a23a/pk000000.sdx	//a23a　ＦＡ連絡橋（朝）「オルタナ用」
{
	wvx	wvx1/wv00005c.wvx
	wvx	wvx1/wv000080.wvx
	efx	efx1/se00005c.efx
	mdx	mdx1/sg000030.mdx
}
pak a23b/pk000000.sdx	//a23b　ＦＡ連絡橋（昼）「オルタナ用」
{
	wvx	wvx1/wv00005c.wvx
	wvx	wvx1/wv000080.wvx
	efx	efx1/se00005c.efx
	mdx	mdx1/sg000030.mdx
}
pak a23b/pk000001.sdx	//a23b　ＦＡ連絡橋（昼、ハイテク兵）「オルタナ用」
{
	wvx	wvx1/wv00005c.wvx
	wvx	wvx1/wv0000a0.wvx
	efx	efx1/se00005c.efx
	mdx	mdx1/sg000030.mdx
}
pak a24a/pk000000.sdx	//a24a　シェル１中央棟1F回廊「オルタナ用」
{
	wvx	wvx1/wv000044.wvx
	wvx	wvx1/wv000080.wvx
	efx	efx1/se000044.efx
	mdx	mdx1/sg00004d.mdx
}
pak a24a/pk000001.sdx	//a24a　シェル１中央棟1F回廊「オルタナ写真撮影用」
{
	wvx	wvx1/wv00006b.wvx
	wvx	wvx1/wv000080.wvx
	efx	efx1/se000044.efx
	mdx	mdx1/sg000072.mdx
}
pak a24b/pk000000.sdx	//a24b　シェル１中央棟B1「オルタナ用」
{
	wvx	wvx1/wv000044.wvx
	wvx	wvx1/wv000080.wvx
	efx	efx1/se000044.efx
	mdx	mdx1/sg00004d.mdx
}
pak a24c/pk000000.sdx	//a24c　シェル１中央棟Ｂ１ホール「オルタナ用」
{
	wvx	wvx1/wv00005a.wvx
	wvx	wvx1/wv000097.wvx
	efx	efx1/se00005a.efx
	mdx	mdx1/sg000038.mdx
}
pak a24f/pk000000.sdx	//a24f　シェル１中央棟Ｂ１ホール「オルタナ写真撮影用」
{
	wvx	wvx1/wv000065.wvx
	wvx	wvx1/wv000097.wvx
	efx	efx1/se00005a.efx
	mdx	mdx1/sg000072.mdx
}
pak a24f/pk000012.sdx	//プラント常駐ライデン（next_stage切替用）
{
	wvx	wvx1/wv00005f.wvx
	wvx	wvx1/wv0000ff.wvx
	mdx	mdx1/sg0000ff.mdx
	efx	efx1/se00005f.efx
}
pak a24f/pk000015.sdx	//プラント常駐スネーク（next_stage切替用）
{
	wvx	wvx1/wv00002f.wvx
	wvx	wvx1/wv0000ff.wvx
	mdx	mdx1/sg0000ff.mdx
	efx	efx1/se00002f.efx
}
pak a24d/pk000000.sdx	//a24d　シェル１中央棟Ｂ３電算室（オウム）「オルタナ用」
{
	wvx	wvx1/wv000052.wvx
	wvx	wvx1/wv000080.wvx
	efx	efx1/se000052.efx
	mdx	mdx1/sg000041.mdx
}
pak a24d/pk000001.sdx	//a24d　シェル１中央棟Ｂ３電算室（オウム）「オルタナ用」(ハイテク兵）
{
	wvx	wvx1/wv000052.wvx
	wvx	wvx1/wv0000a0.wvx
	efx	efx1/se000052.efx
	mdx	mdx1/sg000041.mdx
}
pak a24d/pk000012.sdx	//プラント常駐ライデン（next_stage切替用）
{
	wvx	wvx1/wv00005f.wvx
	wvx	wvx1/wv0000ff.wvx
	mdx	mdx1/sg0000ff.mdx
	efx	efx1/se00005f.efx
}
pak a24d/pk000015.sdx	//プラント常駐スネーク（next_stage切替用）
{
	wvx	wvx1/wv00002f.wvx
	wvx	wvx1/wv0000ff.wvx
	mdx	mdx1/sg0000ff.mdx
	efx	efx1/se00002f.efx
}
pak a24g/pk000000.sdx	//a24g　シェル１中央棟Ｂ３電算室（オウム）「写真撮影用」
{
	wvx	wvx1/wv000068.wvx
	wvx	wvx1/wv000080.wvx
	efx	efx1/se000052.efx
	mdx	mdx1/sg000072.mdx
}
pak a24g/pk000012.sdx	//プラント常駐ライデン（next_stage切替用）
{
	wvx	wvx1/wv00005f.wvx
	wvx	wvx1/wv0000ff.wvx
	mdx	mdx1/sg0000ff.mdx
	efx	efx1/se00005f.efx
}
pak a24g/pk000015.sdx	//プラント常駐スネーク（next_stage切替用）
{
	wvx	wvx1/wv00002f.wvx
	wvx	wvx1/wv0000ff.wvx
	mdx	mdx1/sg0000ff.mdx
	efx	efx1/se00002f.efx
}
pak a25a/pk000000.sdx	//a25a　ＤＧ連絡橋（ハリアー戦）「オルタナ用」
{
	wvx	wvx1/wv000056.wvx
	wvx	wvx1/wv000093.wvx
	efx	efx1/se000056.efx
	mdx	mdx1/sg000039.mdx
}
pak a25d/pk000000.sdx	//a25d　ＤＧ連絡橋（エマ３）「オルタナ用」
{
	wvx	wvx1/wv000043.wvx
	wvx	wvx1/wv000080.wvx
	efx	efx1/se000043.efx
	mdx	mdx1/sg000030.mdx
}
pak a28a/pk000000.sdx	//a28a　Ｌ脚（倉庫）（エマ４）「オルタナ用」
{
	wvx	wvx1/wv000042.wvx
	wvx	wvx1/wv000080.wvx
	efx	efx1/se000042.efx
	mdx	mdx1/sg000050.mdx
}
pak a31a/pk000000.sdx	//a31a　シェル２中央棟１Ｆ「専用：敵兵＋非エマ潜入」
{
	wvx	wvx1/wv000038.wvx
	wvx	wvx1/wv000080.wvx
	efx	efx1/se000051.efx
	mdx	mdx1/sg000055.mdx
}
pak a31a/pk000001.sdx	//a31a　シェル２中央棟１Ｆ「専用：テイルズＤ大佐」
{
	wvx	wvx1/wv000038.wvx
	wvx	wvx1/wv000080.wvx
	efx	efx1/se000038.efx
	mdx	mdx1/sg000055.mdx
}
pak a31b/pk000000.sdx	//a31b　シェル２中央棟Ｂ１「オルタナ用」
{
	wvx	wvx1/wv00005b.wvx
	wvx	wvx1/wv000080.wvx
	efx	efx1/se00005b.efx
	mdx	mdx1/sg000053.mdx
}
pak a31b/pk000001.sdx	//a31b　シェル２中央棟Ｂ１（エマ１）「オルタナ用」
{
	wvx	wvx1/wv00005b.wvx
	wvx	wvx1/wv000080.wvx
	efx	efx1/se00005b.efx
	mdx	mdx1/sg00003f.mdx
}
pak a31c/pk000000.sdx	//a31c　ヴァンプ戦（対スネークバージョン）「オルタナ用」
{
	wvx	wvx1/wv000053.wvx
	wvx	wvx1/wv000099.wvx
	efx	efx1/se00002e.efx
	mdx	mdx1/sg00003c.mdx
}
pak a41a/pk000000.sdx	//a41a　ＡＧ・拷問部屋「オルタナ用」
{
	wvx	wvx1/wv000041.wvx
	wvx	wvx1/wv000080.wvx
	efx	efx1/se000041.efx
	mdx	mdx1/sg000051.mdx
}
pak a41a/pk000001.sdx	//a41a　ＡＧ・拷問部屋・２回目以降「オルタナ用」
{
	wvx	wvx1/wv00005d.wvx
	wvx	wvx1/wv000080.wvx
	efx	efx1/se00005d.efx
	mdx	mdx1/sg000047.mdx
}
pak a41a/pk000012.sdx	//プラント常駐ライデン（next_stage切替用）
{
	wvx	wvx1/wv00005f.wvx
	wvx	wvx1/wv0000ff.wvx
	mdx	mdx1/sg0000ff.mdx
	efx	efx1/se00005f.efx
}
pak a41a/pk000015.sdx	//プラント常駐スネーク（next_stage切替用）
{
	wvx	wvx1/wv00002f.wvx
	wvx	wvx1/wv0000ff.wvx
	mdx	mdx1/sg0000ff.mdx
	efx	efx1/se00002f.efx
}
pak a41b/pk000000.sdx	//a41b　ＡＧ・拷問部屋「オルタナ写真撮影用」
{
	wvx	wvx1/wv000066.wvx
	wvx	wvx1/wv000080.wvx
	efx	efx1/se000041.efx
	mdx	mdx1/sg000072.mdx
}
pak a41b/pk000012.sdx	//プラント常駐ライデン（next_stage切替用）
{
	wvx	wvx1/wv00005f.wvx
	wvx	wvx1/wv0000ff.wvx
	mdx	mdx1/sg0000ff.mdx
	efx	efx1/se00005f.efx
}
pak a41b/pk000015.sdx	//プラント常駐スネーク（next_stage切替用）
{
	wvx	wvx1/wv00002f.wvx
	wvx	wvx1/wv0000ff.wvx
	mdx	mdx1/sg0000ff.mdx
	efx	efx1/se00002f.efx
}
pak a42a/pk000000.sdx	//a42a　ＡＧ・第一メタルハンガー（「オルタナ用」
{
	wvx	wvx1/wv00005d.wvx
	wvx	wvx1/wv000080.wvx
	efx	efx1/se00005d.efx
	mdx	mdx1/sg000047.mdx
}
pak a42a/pk000012.sdx	//プラント常駐ライデン（next_stage切替用）
{
	wvx	wvx1/wv00005f.wvx
	wvx	wvx1/wv0000ff.wvx
	mdx	mdx1/sg0000ff.mdx
	efx	efx1/se00005f.efx
}
pak a42a/pk000015.sdx	//プラント常駐スネーク（next_stage切替用）
{
	wvx	wvx1/wv00002f.wvx
	wvx	wvx1/wv0000ff.wvx
	mdx	mdx1/sg0000ff.mdx
	efx	efx1/se00002f.efx
}
pak a43a/pk000000.sdx	//a43a　ＡＧ・丸通路「オルタナ用」
{
	wvx	wvx1/wv00005d.wvx
	wvx	wvx1/wv000080.wvx
	efx	efx1/se00005d.efx
	mdx	mdx1/sg000052.mdx
}
pak a44a/pk000000.sdx	//a44a　ＡＧ・第ニメタルハンガー「オルタナ用」
{
	wvx	wvx1/wv00005d.wvx
	wvx	wvx1/wv000080.wvx
	efx	efx1/se00005d.efx
	mdx	mdx1/sg000047.mdx
}
pak a45a/pk000000.sdx	//a45a　アーセナルギア小部屋Ｂ「オルタナ用」
{
	wvx	wvx1/wv00005d.wvx
	wvx	wvx1/wv000080.wvx
	efx	efx1/se00005d.efx
	mdx	mdx1/sg000047.mdx
}
pak a46a/pk000000.sdx	//a46a　ＲＡＹ戦「オルタナ用」
{
	wvx	wvx1/wv000050.wvx
	wvx	wvx1/wv000098.wvx
	efx	efx1/se000050.efx
	mdx	mdx1/sg00003d.mdx
}
pak a61a/pk000000.sdx	//a61a　ソリダス戦「オルタナ用」
{
	wvx	wvx1/wv000055.wvx
	wvx	wvx1/wv000094.wvx
	efx	efx1/se000055.efx
	mdx	mdx1/sg00003a.mdx
}


//スネークテイルズ
pak tales/pk000003.sdx	//ＶＲ常駐スネーク（テイルズ用）
{
	wvx	wvx1/wv00003f.wvx
	wvx	wvx1/wv0000ff.wvx
	mdx	mdx1/sg0000ff.mdx
	efx	efx1/se00002f.efx
}
pak tales/pk000004.sdx	//タンカー常駐スネーク（テイルズ用）
{
	wvx	wvx1/wv00007f.wvx
	wvx	wvx1/wv0000ff.wvx
	mdx	mdx1/sg0000ff.mdx
	efx	efx1/se00007f.efx
}
pak tales/pk000005.sdx	//プラント常駐スネーク（テイルズ用）
{
	wvx	wvx1/wv00002f.wvx
	wvx	wvx1/wv0000ff.wvx
	mdx	mdx1/sg0000ff.mdx
	efx	efx1/se00002f.efx
}
pak tales/pk000007.sdx	//ＶＲ常駐ライデン（テイルズ用）
{
	wvx	wvx1/wv00004f.wvx
	wvx	wvx1/wv0000ff.wvx
	mdx	mdx1/sg0000ff.mdx
	efx	efx1/se00005f.efx
}
pak tales/pk000008.sdx	//タンカー常駐ライデン（テイルズ用）
{
	wvx	wvx1/wv00001f.wvx
	wvx	wvx1/wv0000ff.wvx
	mdx	mdx1/sg0000ff.mdx
	efx	efx1/se00001f.efx
}
pak tales/pk000009.sdx	//プラント常駐ライデン（テイルズ用）
{
	wvx	wvx1/wv00005f.wvx
	wvx	wvx1/wv0000ff.wvx
	mdx	mdx1/sg0000ff.mdx
	efx	efx1/se00005f.efx
}

pak tales/pk000000.sdx	//tales　テイルズ紙芝居曲１
{
	wvx	wvx1/wv000015.wvx
	wvx	wvx1/wv0000ff.wvx
	efx	efx1/se000037.efx
	mdx	mdx1/sg00006b.mdx
}
pak tales/pk000001.sdx	//tales　テイルズ紙芝居曲２
{
	wvx	wvx1/wv000014.wvx
	wvx	wvx1/wv0000ff.wvx
	efx	efx1/se000037.efx
	mdx	mdx1/sg000073.mdx
}
pak tales/pk000002.sdx	//tales　テイルズ紙芝居曲５
{
	wvx	wvx1/wv000013.wvx
	wvx	wvx1/wv0000ff.wvx
	efx	efx1/se000037.efx
	mdx	mdx1/sg000074.mdx
}
pak tales/pk000006.sdx	//tales　テイルズ紙芝居曲６−２
{
	wvx	wvx1/wv00000e.wvx
	wvx	wvx1/wv0000ff.wvx
	efx	efx1/se000037.efx
	mdx	mdx1/sg000075.mdx
}

pak tvs03a/pk000003.sdx	//tvs03a　スニーキング３（スネーク）「テイルズＥ用」
{
	wvx	wvx1/wv00001d.wvx
	wvx	wvx1/wv0000a1.wvx
	efx	efx1/se00001e.efx
	mdx	mdx1/sg00006f.mdx
}
pak tvs05a/pk000003.sdx	//tvs05a　スニーキング５（スネーク）「テイルズＥ用」
{
	wvx	wvx1/wv00001d.wvx
	wvx	wvx1/wv0000a1.wvx
	efx	efx1/se00001e.efx
	mdx	mdx1/sg00006f.mdx
}
pak tvs06a/pk000000.sdx	//tvs06a　スニーキング６「テイルズＥ用」
{
	wvx	wvx1/wv000019.wvx
	wvx	wvx1/wv0000a1.wvx
	efx	efx1/se00001e.efx
	mdx	mdx1/sg000065.mdx
}
pak tvs08a/pk000003.sdx	//tvs08a　スニーキング８（スネーク）「テイルズＥ用」
{
	wvx	wvx1/wv00001d.wvx
	wvx	wvx1/wv0000a1.wvx
	efx	efx1/se00001e.efx
	mdx	mdx1/sg00006f.mdx
}

pak twp03a/pk000003.sdx	//twp03a　ハンドガン３（スネーク）「テイルズＥ用」
{
	wvx	wvx1/wv00001e.wvx
	wvx	wvx1/wv0000a1.wvx
	efx	efx1/se00001e.efx
	mdx	mdx1/sg00006e.mdx
}
pak twp34a/pk000000.sdx	//twp34a　グレネード４「テイルズＥ用」
{
	wvx	wvx1/wv00001b.wvx
	wvx	wvx1/wv0000a1.wvx
	efx	efx1/se00001e.efx
	mdx	mdx1/sg000070.mdx
}
pak twp43a/pk000000.sdx	//twp43a　ＰＳＧ１　３「テイルズＥ用」
{
	wvx	wvx1/wv00001b.wvx
	wvx	wvx1/wv0000a1.wvx
	efx	efx1/se00001e.efx
	mdx	mdx1/sg000070.mdx
}

pak tsp03a/pk000000.sdx	//tsp03a　（仮）スペシャル：３「平時」テイルズＥ
{
	wvx	wvx1/wv000016.wvx
	wvx	wvx1/wv0000a1.wvx
	efx	efx1/se000016.efx
	mdx	mdx1/sg000069.mdx
}
pak tsp03a/pk000001.sdx	//tsp03a　（仮）スペシャル：３「ゴルル登場後」テイルズＥ
{
	wvx	wvx1/wv000018.wvx
	wvx	wvx1/wv0000a1.wvx
	efx	efx1/se000018.efx
	mdx	mdx1/sg000066.mdx
}

pak ta00a/pk000000.sdx	//ta00a　タンカー甲板「テイルズＥ用」
{
	wvx	wvx1/wv00007d.wvx
	wvx	wvx1/wv000080.wvx
	efx	efx1/se00007d.efx
	mdx	mdx1/sg000010.mdx
}
pak ta01a/pk000000.sdx	//ta01a　タンカー居住区一階（下）「テイルズＥ用」
{
	wvx	wvx1/wv000079.wvx
	wvx	wvx1/wv000080.wvx
	efx	efx1/se000079.efx
	mdx	mdx1/sg000014.mdx
}
pak ta01b/pk000000.sdx	//ta01b　タンカー居住区二階「テイルズＥ用」
{
	wvx	wvx1/wv000073.wvx
	wvx	wvx1/wv000080.wvx
	efx	efx1/se000073.efx
	mdx	mdx1/sg000018.mdx
}
pak ta01c/pk000000.sdx	//ta01c　タンカー居住区三階「テイルズＥ用」
{
	wvx	wvx1/wv000073.wvx
	wvx	wvx1/wv000080.wvx
	efx	efx1/se000072.efx
	mdx	mdx1/sg00001a.mdx
}
pak ta01d/pk000000.sdx	//ta01d　タンカー居住区四階「テイルズＥ用」
{
	wvx	wvx1/wv000076.wvx
	wvx	wvx1/wv000080.wvx
	efx	efx1/se000074.efx
	mdx	mdx1/sg000019.mdx
}
pak ta01e/pk000000.sdx	//ta01e　タンカー居住区五階（操舵室）「テイルズＥ用」
{
	wvx	wvx1/wv000078.wvx
	wvx	wvx1/wv000080.wvx
	efx	efx1/se000078.efx
	mdx	mdx1/sg000017.mdx
}
pak ta01f/pk000000.sdx	//ta01f　タンカー居住区一階（上）「テイルズＥ用」
{
	wvx	wvx1/wv000075.wvx
	wvx	wvx1/wv000080.wvx
	efx	efx1/se000076.efx
	mdx	mdx1/sg000015.mdx
}
pak ta02a/pk000000.sdx	//ta02a　タンカーエンジンルーム「テイルズＥ用」
{
	wvx	wvx1/wv00007c.wvx
	wvx	wvx1/wv000080.wvx
	efx	efx1/se00007c.efx
	mdx	mdx1/sg000011.mdx
}
pak ta12a/pk000000.sdx	//ta12a　Ａ脚屋上（朝）「テイルズＥ用」
{
	wvx	wvx1/wv00004d.wvx
	wvx	wvx1/wv000080.wvx
	efx	efx1/se00004d.efx
	mdx	mdx1/sg000030.mdx
}
pak ta12a/pk000001.sdx	//ta12a　Ａ脚屋上（ハイテク兵）「テイルズＥ用」
{
	wvx	wvx1/wv00004d.wvx
	wvx	wvx1/wv0000a0.wvx
	efx	efx1/se00004d.efx
	mdx	mdx1/sg000030.mdx
}
pak ta20a/pk000000.sdx	//ta20a　Ｅ脚ベルトコンベア「テイルズＥ用」
{
	wvx	wvx1/wv000048.wvx
	wvx	wvx1/wv000080.wvx
	efx	efx1/se000048.efx
	mdx	mdx1/sg000046.mdx
}
pak ta20a/pk000002.sdx	//ta20a　Ｅ脚ベルトコンベア（ハイテク兵）「テイルズＥ用」
{
	wvx	wvx1/wv000048.wvx
	wvx	wvx1/wv0000a0.wvx
	efx	efx1/se000048.efx
	mdx	mdx1/sg000046.mdx
}
pak ta22a/pk000000.sdx	//ta22a　Ｆ脚倉庫「テイルズＥ用」
{
	wvx	wvx1/wv000045.wvx
	wvx	wvx1/wv000080.wvx
	efx	efx1/se000045.efx
	mdx	mdx1/sg000034.mdx
}
pak ta22a/pk000002.sdx	//ta22a　Ｆ脚倉庫（ハイテク兵）「テイルズＥ用」
{
	wvx	wvx1/wv000045.wvx
	wvx	wvx1/wv0000a0.wvx
	efx	efx1/se000045.efx
	mdx	mdx1/sg000034.mdx
}
pak ta24a/pk000000.sdx	//ta24a　シェル１中央棟1F回廊「テイルズＥ用」
{
	wvx	wvx1/wv000044.wvx
	wvx	wvx1/wv000080.wvx
	efx	efx1/se000044.efx
	mdx	mdx1/sg00004d.mdx
}
pak ta31a/pk000000.sdx	//ta31a　シェル２中央棟１Ｆ「テイルズＥ用」
{
	wvx	wvx1/wv000038.wvx
	wvx	wvx1/wv000080.wvx
	efx	efx1/se000051.efx
	mdx	mdx1/sg000055.mdx
}
pak ta42a/pk000000.sdx	//ta42a　ＡＧ・第一メタルハンガー「テイルズＥ用」
{
	wvx	wvx1/wv00005d.wvx
	wvx	wvx1/wv000080.wvx
	efx	efx1/se00005d.efx
	mdx	mdx1/sg000047.mdx
}