//サウンドパックリスト（ＶＲ体験版用）

pak r_title/pk000000.sdx	//タイトル常駐
{
	wvx	wvx1/wv00004f.wvx
	wvx	wvx1/wv0000ff.wvx
	mdx	mdx1/sg0000ff.mdx
	efx	efx1/se00005f.efx
}

pak trtitle/pk000000.sdx	//trtitle　ＶＲ体験版タイトル
{
	wvx	wvx1/wv00003c.wvx
	wvx	wvx1/wv000082.wvx
	efx	efx1/se00003c.efx
	mdx	mdx1/sg000048.mdx
}


//【ＶＲ体験版】

pak mkselct/pk000000.sdx	//ＶＲ常駐ライデン
{
	wvx	wvx1/wv00004f.wvx
	wvx	wvx1/wv0000ff.wvx
	mdx	mdx1/sg0000ff.mdx
	efx	efx1/se00005f.efx
}
pak mkselct/pk000001.sdx	//タンカー常駐ライデン
{
	wvx	wvx1/wv00001f.wvx
	wvx	wvx1/wv0000ff.wvx
	mdx	mdx1/sg0000ff.mdx
	efx	efx1/se00001f.efx
}
pak mkselct/pk000002.sdx	//プラント常駐ライデン
{
	wvx	wvx1/wv00005f.wvx
	wvx	wvx1/wv0000ff.wvx
	mdx	mdx1/sg0000ff.mdx
	efx	efx1/se00005f.efx
}
pak mkselct/pk000003.sdx	//ＶＲ常駐スネーク
{
	wvx	wvx1/wv00003f.wvx
	wvx	wvx1/wv0000ff.wvx
	mdx	mdx1/sg0000ff.mdx
	efx	efx1/se00002f.efx
}
pak mkselct/pk000004.sdx	//タンカー常駐スネーク
{
	wvx	wvx1/wv00007f.wvx
	wvx	wvx1/wv0000ff.wvx
	mdx	mdx1/sg0000ff.mdx
	efx	efx1/se00007f.efx
}
pak mkselct/pk000005.sdx	//プラント常駐スネーク
{
	wvx	wvx1/wv00002f.wvx
	wvx	wvx1/wv0000ff.wvx
	mdx	mdx1/sg0000ff.mdx
	efx	efx1/se00002f.efx
}

//ＶＲ
pak tr01a/pk000000.sdx	//vs03a　スニーキング：３
{
	wvx	wvx1/wv000019.wvx
	wvx	wvx1/wv0000a1.wvx
	efx	efx1/se00001e.efx
	mdx	mdx1/sg000065.mdx
}
pak tr02a/pk000000.sdx	//vs08a　スニーキング：８
{
	wvx	wvx1/wv000019.wvx
	wvx	wvx1/wv0000a1.wvx
	efx	efx1/se00001e.efx
	mdx	mdx1/sg000065.mdx
}
pak tr03a/pk000000.sdx	//wp01a　ウエポンハンドガン：１
{
	wvx	wvx1/wv00001e.wvx
	wvx	wvx1/wv0000a1.wvx
	efx	efx1/se00001e.efx
	mdx	mdx1/sg000060.mdx
}
pak tr04a/pk000000.sdx	//wp73a　ウエポン刀：３
{
	wvx	wvx1/wv00001e.wvx
	wvx	wvx1/wv0000a1.wvx
	efx	efx1/se00001e.efx
	mdx	mdx1/sg000060.mdx
}
pak tr05a/pk000000.sdx	//sp06a　（仮）スペシャル：６
{
	wvx	wvx1/wv00001c.wvx
	wvx	wvx1/wv0000a1.wvx
	efx	efx1/se00001c.efx
	mdx	mdx1/sg000062.mdx
}
