0x01000000	test1
0x02000008	Infrared_non-engine_room_RTO_CALL
0x160002CA	Otakondeforuto_RTO
0x16002D39	Watertight_doors_open_deck_RTO_dr501
0x160057C0	Watertight_doors_open_deck_RTO_dr502
0x16008247	Watertight_doors_open_deck_RTO_dr503
0x0100ACCE	Watertight_doors_open_deck_RTO_CALL_dr501
0x0100AD85	Watertight_doors_open_deck_RTO_CALL_dr502
0x0100AE3C	Watertight_doors_open_deck_RTO_CALL_dr503
0x1600AEF3	RTO_deck_watertight_doors
0x1600D997	Lifeboat_near_RTO
0x160104B6	Nearby_RTO_step
0x16012F2B	Near_North_RTO_step
0x160159A2	Body_discarded_near_where_RTO
0x16018478	RTO_subjective_attack_enemies_on_the_second_floor_deck
0x1601AF16	Elude_close_RTO
0x1601D994	Elude_close_RTO_2
0x16020412	Close_to_elude_the_abyss_RTO
0x16022EB3	RTO_2F_close_attention_elude_enemy
0x01025987	CALL_suspension_RTO
0x16025A39	Locker_RTO_lk000
0x160285A9	Locker_RTO_lk001
0x1602B119	Locker_RTO_lk002
0x1602DC89	Locker_RTO_lk003
0x160307F9	Locker_RTO_lk004
0x16033369	Locker_RTO_lk005
0x16035ED9	Locker_open_RTO_lk006
0x1603896F	Locker_open_RTO_lk007
0x1603B405	Rokkarumudeforuto_RTO_w01a
0x1603DEB6	Steam_pipe_near_RTO
0x1604098C	Footprints_RTO
0x160434B4	Starboard_watertight_door_open_near_RTO_w01a
0x01045F99	RTO_forward
0x1604605C	Tore_Desuka_of're_RTO
0x01048B41	Close_to_the_engine_room_stairs_RTO
0x01048C2E	RTO_trial_to_the_engine_room_near_the_stairs
0x16048D08	Refresh_Room_RTO
0x1604B7DF	TV_talk_RTO
0x1604E38C	Gaze_TV_RTO
0x01050F4B	Doors_open_RTO_refresh
0x16050FCD	Dimple_corridors_upstairs_RTO
0x17053AE3	Dimple_corridors_upstairs_locker_RTO
0x160566F4	RTO_shadow_area
0x01059169	Doors_open_RTO_2F
0x160591EB	Starboard_door_open_RTO_2F_levels
0x0105BC69	Olga_prewar_RTO_2F_tight_doors_close
0x0105BD63	Olga_war_RTO_2F_tight_doors_close
0x1605BE27	Watertight_doors_opened_near_Port_RTO_2F
0x1605E914	RTO_w01c_cameras
0x010613EB	RTO_cameras
0x010615B7	CALL_RTO_cameras
0x16061735	The_third_floor_lockers_RTO
0x160642A5	Restaurant_RTO
0x16066D79	Dining_body_RTO
0x1606987F	RTO_w01d_cameras
0x1606C3BA	Warehouse_RTO
0x0106EEA1	Clearing_RTO_w01d_CALL
0x0106F04E	Clearing_RTO_w01a_CALL
0x1606F1FB	Demon_RTO_stairs
0x01071CA2	Demon_RTO_w01d_stairs_CALL
0x16071D94	RTO_wheelhouse
0x1607489E	Wheelhouse_door_open_RTO
0x010773B8	CALL_RTO_wheelhouse_door_open
0x0307743A	Olga_races_RTO
0x010779D1	Olga_game_tips_RTO_CALL1
0x04077B5A	Olga_RTO_inescapable_battle
0x03078173	Olga_RTO_war_no-go
0x01078749	CALL_RTO_bloody_state
0x010788D4	Upon_acquisition_RTO_USP_CALL
0x01078AA9	bp_unknown_codec_0
0x01078AAA	Olga_wanted_dead_or_shot_RTO
0x16078B3D	On_the_mast_RTO
0x1707B5DA	Infrared_engine_room_RTO
0x1707E3BF	Infrared_Non_RTO_engine_room
0x04081065	CALL_infrared_RTO_engine_room
0x160817DD	Otakondeforuto_RTO_w02a
0x160842F0	Aya_Rei_Amata_area_RTO_w02a_chatter
0x16086DB3	Locker_RTO_w02a_lk001
0x16089923	Locker_RTO_w02a_lk002
0x1608C493	Locker_RTO_w02a_lk003
0x1608F003	Locker_open_RTO_w02a_lk004
0x16091A99	Locker_RTO_w02a_lk011
0x16094609	Locker_RTO_w02a_lk012
0x16097179	Locker_open_RTO_w02a_lk013
0x16099C0F	Olga_RTO_have_scattered_areas
0x1609C700	RTO_top_mast
0x1609F19C	Watertight_doors_open_RTO_w03a_dr000
0x160A1C1A	Watertight_doors_open_RTO_w03a_dr100
0x160A4698	Watertight_doors_open_RTO_w03a_dr200
0x160A7116	Watertight_doors_open_RTO_w03a_dr300
0x160A9B93	Watertight_doors_open_RTO_w03a_dr301
0x160AC610	Watertight_doors_open_RTO_w03a_dr302
0x160AF08D	Watertight_doors_open_RTO_w03b_dr000
0x160B1B0C	Watertight_doors_open_RTO_w03b_dr001
0x160B458B	Watertight_doors_open_RTO_w03b_dr100
0x070B700A	RTO_hold_events
0x050B7DC7	RTO_hold_door_lock
0x050B867A	Sound_floor_RTO
0x050B8F9F	RTO_ladder
0x050B98A3	RTO_floor_ladder_ring
0x050BA249	Hatch_RTO_hold_ground
0x060BAB07	Projector_RTO
0x050BB56D	RTO_hold_ground
0x080BBE39	Facsimile_machine_RTO
0x080BCD91	Soldiers_hold_RTO_TV
0x070BDC2E	Under_Paul_RTO
0x070BE9E0	On_the_pole_RTO
0x030BF7A2	Opening_RTO_00b1R_radio_demo
0x010BFC1D	Free_trial_after_the_appearance_of_radio_RTO_03b1R_Kamov
0x020BFD75	RTO_04a0R_radio_wheelhouse_demo
0x010BFFE3	After_the_victory_over_Olga_RTO_06b1R_radio_demo
0x020C0134	After_the_appearance_of_retail_RTO_03b1R_Kamov_radio_demo
0x030C041F	RTO_06b1R_1_after_the_victory_over_Olga_radio_demo
0x010C09CA	Radio_free_hold_RTO_09b1R_1
0x040C0B74	RTO_10b1R_2_radios_hold_demo
0x020C1272	RTO_vc050101
0x020C1527	RTO_vc050204
0x010C1760	RTO_vc050301
0x020C18B7	RTO_vc050401
0x020C1B25	RTO_vc050302
0x010C1E10	RTO_vc080101
0x030C1F61	RTO_vc080201
0x010C2370	RTO_vc080301
0x010C251A	RTO_vc080401
0x010C26AA	RTO_vc080402
0x0A0C276E	Default_RTS_SAVE
0x070C3981	Start_image_determination
0x010C45BA	PHONE_fire
0x010C4600	PHONE_sea_lice
0x010C463D	PHONE_mine
0x010C4667	Remote_control_shortcuts_PHONE
0x010C46E6	Damiu_cheeks_RPD_P
0x010C4725	Dummy_Cameras_RPD_P_face_Tankaotakon
0x010C4751	Dummy_Cameras_RPD_P_face_Tankasuneku
0x010C477D	Dummy_Cameras_RPD_P_face_Leyden
0x010C47BA	Dummy_Cameras_RPD_P_face_diving_Leiden
0x010C4809	Leiden_Dummy_Cameras_RPD_P_naked_face
0x010C4853	Leiden_Dummy_Cameras_RPD_P_face_without_a_mask_soldier_Goruruko
0x010C4891	Dummy_Cameras_RPD_P_face_masked_men_in_Leiden_Goruruko
0x010C48CE	Dummy_Cameras_RPD_P_face_Oosa
0x010C49BC	Oosa_Dummy_Cameras_RPD_P_look_right
0x010C49FA	Oosa_Dummy_Cameras_RPD_P_left_face
0x010C4A38	Oosa_Dummy_RPD_P_face_behind_the_camera
0x010C4A76	Oosa_Dummy_Cameras_RPD_P_front_face
0x010C4AB4	Oosa_Dummy_Cameras_RPD_P_face_Aori
0x010C4AF2	Oosa_Dummy_Cameras_RPD_P_look-up
0x010C4B30	Oosa_Dummy_Cameras_Bug_RPD_P_look_right
0x010C4B6F	Oosa_Dummy_Cameras_Bug_RPD_P_face_left
0x010C4BAE	Oosa_Dummy_Cameras_Bug_RPD_P_look_back
0x010C4BED	Oosa_Dummy_Cameras_Bug_RPD_P_front_face
0x010C4C2C	Dummy_Cameras_RPD_P_face_Oosa_Aori_bug
0x010C4C6B	Dummy_Cameras_RPD_P_face_Oosa_Up_Bug
0x010C4CAA	Dummy_Cameras_RPD_P_Rose_Face
0x010C4CD5	Dummy_Cameras_RPD_P_face_Purisukin
0x010C4CFF	Dummy_Cameras_RPD_P_Snake_Face
0x010C4D2B	Dummy_Cameras_RPD_P_Snake_face_shave
0x010C4D55	Dummy_Cameras_RPD_P_face_Peter
0x010C4D81	Dummy_Cameras_RPD_P_face_Otakon
0x010C4DAE	Dummy_Cameras_RPD_P_ninja_face
0x010C4DE9	Olga_Dummy_Cameras_RPD_P_face
0x010C4E17	Ames_Dummy_Cameras_RPD_P_face
0x010C4E41	President_Dummy_Cameras_RPD_P_face
0x010C4E85	Emma_Dummy_Cameras_RPD_P_face
0x010C4EB8	Dummy_cameras_face_the_player_RPD_P_Emma
0x030C4EF7	Opening_Infiltration_wireless_demo_RPD_P001_02_R01_1_2
0x010C545A	Opening_Infiltration_RPD_P001_04_R02_2_4_wireless_demo
0x020C5565	Wireless_connection_free_RPD_P002_02_R01_A_1_2_bottom_leg_hatch
0x030C576E	Radio_free_lift_rise_RPD_P003_02_R02_1_Snake_2
0x050C5D45	First_radio_demonstration_connected_two_nodes_RPD_P004_02_R01_1
0x010C670E	RPD_P005_03_R01_1_3_wireless_demo_Leiden_rise_elevators
0x010C68CF	Radio_free_lift_rise_RPD_P005_05_R02_2_5_Leiden
0x020C697C	Wireless_Mesh_Demonstration_RPD_P006_01_R01_A_1_Leg_1
0x010C6CBD	A_wireless_node_before_the_demonstration_RPD_P007_01_R01_A_leg_1_1
0x030C6DEF	Bridge_to_a_radio_demo_RPD_P008_01_R01_AB_1_1
0x030C7289	Cypher_encounters_a_wireless_demo_RPD_P009_01_R01_1_1
0x010C76CC	Vamp_Radio_4_demo_RPD_P010_04_R01_encounter_1_1
0x020C7850	Wireless_Bridges_RPD_P011_01_R01_BC_CALL1_1_demo
0x040C7BF9	Encounter_2_Demo_Fortune_Wireless_RPD_P012_02_R01_1
0x020C835B	Radio_free_radio_RPD_P013_01_R01_1_1_Leiden_crisis
0x030C8667	Wireless_demo_encounter_RPD_P014_05_R01_1_Peter_5
0x020C8A6A	One_of_the_first_wireless_demonstration_RPD_P015_01_R1_1_1_demolition_bomb
0x020C8E1E	Dismantling_a_radio_demo_RPD_P016_01_R1_1_half_demolition_bomb
0x020C919A	Rose_RPD_P017_01_R01_1_1_radio_demonstration_bomb_being_dismantled
0x020C9433	Rose_RPD_P018_01_R01_1_2_wireless_demo_bomb_being_dismantled
0x030C9784	Rose_RPD_P019_01_R01_1_3_wireless_demo_bomb_being_dismantled
0x020C9C79	Mines_a_radio_demo_RPD_P020_01_R01_1
0x020C9E87	Mines_a_radio_demo_RPD_P020_01_R01_1_2
0x020CA0A8	Olga_appeared_in_two_radio_RPD_P021_02_R01_1_demo_demolition_bomb
0x060CA2C5	RPD_P022_01_R01_1_second_from_the_last_one_wireless_demo_demolition_bomb
0x030CAD1B	One_last_one_RPD_P023_01_R01_1_radio_demo_demolition_bomb
0x020CB224	Wireless_sensor_demo_demolition_bomb_RPD_P024_01_R01_B_1_Get_1
0x020CB5CE	Under_a_wireless_demo_RPD_P025_01_R01_1_bomb_lift_demolition
0x020CB8B4	Demolition_bomb_down_the_elevator_RPD_P025_01_R01_1
0x020CBBE2	Ending_a_radio_demo_demolition_bombs_RPD_P026_01_R01_1
0x030CBF10	Demonstration_Hall_elevator_RPD_P027_01_R01_1_radio_after_breaking_a_bomb
0x020CC394	Fortune_demo_wireless_radio_during_the_war_RPD_P030_01_R01_1
0x020CC5FB	Dismantling_a_radio_demo_ends_RPD_P035_01_R01_1_Fat_Bomb
0x030CC8AE	Fat_Man_bomb_dismantling_a_radio_demo_ends_RPD_P035_01_R01_1_2
0x030CCDE0	Radio_3_demo_ninja_appeared_RPD_P036_03_R01_1
0x020CD1EE	Wireless_demo_ninja_appeared_RPD_P036_08_R02_2_8
0x010CD418	10_radio_appearance_RPD_P036_10_R03_3_demo_ninja
0x020CD589	13_radio_demo_ninja_appeared_RPD_P036_13_R04_4
0x020CD8E3	Snake_body_of_a_radio_demo_RPD_P037_01_R01_1
0x040CDC2F	Ames_found_the_wireless_demonstration_RPD_P040_02_R02_1_2
0x030CE352	Ames_found_the_wireless_demonstration_RPD_P040_06_R02_6_2_1
0x010CE8A9	Ames_found_the_wireless_demonstration_RPD_P040_06_R02_6_2_2
0x030CEA43	Ames_demonstrations_after_the_death_of_two_radio_RPD_P041_02_R01_1
0x020CEEF7	Wireless_Bridges_demonstration_RPD_P042_01_R01_1_2_1_1_Shell_Shell
0x030CF1F8	A_clear_demonstration_RPD_P044_01_R01_1_wireless_infrared_sensor
0x030CF626	A_clear_demonstration_RPD_P044_01_R01_wireless_infrared_sensor_1_2
0x040CFAF6	Harrier_Demo_RPD_P046_02_R01_1_1_victory_over_two_radio
0x030D0258	Harrier_Demo_RPD_P046_02_R01_victory_over_two_radio_1_2
0x020D07D8	Olga_in_bed_before_5_RPD_P047_05_R01_1_radio_shock_demo
0x040D0BA0	RPD_P049_02_R01_1_2_presidential_radio_demo
0x030D12A9	5_presidential_radio_RPD_P049_02_R01_2_Demo
0x040D178F	Demo_presidential_radio_RPD_P049_08_R03_3_8
0x030D1DEF	10_RPD_P049_10_R04_4_presidential_radio_demo
0x030D23D4	12_RPD_P049_12_R05_5_presidential_radio_demo
0x030D2927	Satoshi_Hitoshi_RPD_P050_01_R01_1_Part_1_radio_tanker_demo
0x010D2DC3	Satoshi_Hitoshi_RPD_P050_04_R02_2_Demo_Part_4_radio_tanker
0x020D2F73	Satoshi_Hitoshi_RPD_P050_06_R03_3_Demo_Part_6_radio_tanker
0x060D32A8	Otakon_RPD_P051_01_R01_1_1_Emma_and_radio_demo
0x020D3D5D	Emma_and_a_radio_demo_RPD_P051_01_R01_Otakon_1_2
0x030D4007	Radio_1_radio_demonstration_Rose_RPD_P052_01_R01_1
0x030D4560	Breathing_a_radio_demo_RPD_P053_01_R01_1
0x010D4AF3	Exit_2_demo_game_radio_RPD_P057_02_R01_1_Vamp
0x020D4C99	Exit_2_demo_game_radio_RPD_P057_02_R01_1_2_Vamp
0x020D4FB5	Emma_radio_rescue_demonstration_RPD_P058_02_R01_1_2
0x020D51E2	Emma_rescue_four_Demo_RPD_P058_04_R02_2_radio
0x010D542A	Emma_radio_rescue_demonstration_RPD_P058_07_R03_3_7
0x020D55E8	Emma_break_free_radio_RPD_P059_03_R01_1_3
0x020D5916	Otakon_RPD_P061_01_R01_1_Emma_and_a_radio_demo
0x060D5D0E	Emma_and_AI3_1_RPD_P062_03_R01_radio_demo
0x030D67CE	Emma_and_radio_RPD_P062_05_R02_AI5_2_Demo
0x020D6C10	Radio_1_radio_demonstration_Emaraidenrozu_RPD_P064_01_R01_1
0x020D6F17	Emma_L_1_2_RPD_P065_02_R01_leg_radio_demo
0x030D7125	Emma_RPD_P065_06_R02_L_2_feet_6_radio_demo
0x010D75F1	Emma_shot_a_radio_demo_RPD_P067_01_R01_1
0x010D7756	Exit_2_demo_sniper_RPD_P069_02_R01_1_radio_Vamp
0x020D78EB	RPD_P069_04_R02_2_sniper_demo_ends_four_radio_Vamp
0x010D7AF6	10_Start_demo_radio_RPD_P070_10_R01_AG_1
0x030D7C08	18_Start_demo_radio_RPD_P070_18_R02_AG_2
0x020D806F	20_radio_RPD_P070_20_R03_AG_3_Launch_Demo
0x050D844C	23_radio_RPD_P070_23_R04_AG_4_demo_launch
0x020D8D4F	RPD_P071_01_R01_1_torture_room_escape_a_radio_demo
0x020D9135	A_radio_demo_confusion_Oosa_RPD_P072_01_R01_1
0x040D9442	Radio_free_passage_RPD_P073_01_R01_A1_1
0x020D9A96	Radio_free_passage_RPD_P073_03_R02_A3_2
0x020D9D30	RPD_P074_02_R01_after_passage_A_1_2_sword_demo_radio
0x020DA0FE	Otakon_successful_demonstration_RPD_P075_01_R01_1_radio_1
0x030DA37C	AI1_1_Oosa_RPD_P076_01_R01_radio_demo
0x020DA78B	Rose_kidnap_a_radio_demo_RPD_P077_01_R01_1
0x020DAA30	Rose_kidnap_a_radio_demo_RPD_P077_01_R01_shave_1
0x090DACD5	Radio_free_floating_RPD_P080_19_R01_AG_1_19
0x080DBD19	21_emerging_wireless_RPD_P080_21_R02_AG_2_Demo
0x010DCCC3	23_emerging_wireless_RPD_P080_23_R03_AG_3_Demo
0x040DCEB6	25_emerging_wireless_RPD_P080_25_R04_AG_4_demo
0x050DD63D	CALL_mad_RPC
0x280DDEB8	Default_RPC_Oosa
0x040E2D68	Fortune_default_RPC_Oosa_races
0x010E33A1	Fat_wartime_relief_RPC_CALL
0x1D0E359D	During_the_war_and_after_the_default_RPC_Oosa_Fat
0x040E6E76	The_default_while_a_sniper_Emma_RPC_Oosa
0x020E7516	Default_RPC_Oosa_races_Vamp
0x040E77D2	Harrier_default_RPC_Oosa_races
0x1B0E7E02	The_default_while_a_sniper_RPC_w25a_Oosa
0x1B0EB3B7	Default_RPC_w11b_Oosa
0x090EE830	After_the_madness_default_RPC_Oosa
0x0B0EF9F1	Naked_Oosa_default_RPC_Leiden
0x0D0F0E50	Leiden_diving_default_RPC_Oosa
0x1C0F2810	Leiden_diving_cage_door_open_RPC_w11
0x1C0F5F35	Tooru_Hiroshi_cage_door_open_RPC_w11b
0x1C0F965A	Hofukupointo_RPC_diving_Leiden
0x280FCD81	Tooru_Hiroshi_Hofukupointo_RPC
0x1C101C56	Duct_RPC_diving_Leiden
0x28105374	Duct_RPC_Tooru_Hiroshi
0x1D10A240	Leiden_RPC_diving_underwater
0x1D10DBF4	RPC_w11b_Water
0x1D1115A8	Underwater_diving_ladder_RPC_Leiden
0x1D114F78	Water_RPC_w11b
0x1D11892C	Water_RPC_w11b_ladder
0x2911C2FC	Tooru_Hiroshi_water_RPC
0x1C12145D	Elude_diving_RPC_w11b
0x1C124B77	Tooru_Hiroshi_elude_RPC_w11b
0x28128291	Tooru_Hiroshi_elude_RPC
0x1C12D277	A_step_upstream_diving_RPC_Leiden
0x28130980	Tooru_Hiroshi_step_upstream_RPC
0x1C135955	Leiden_dock_diving_submersible_submarine_RPC
0x1C139104	Jim_diving_suit_RPC_Leiden
0x1C13C897	Leiden_dive_locker_RPC_w11_lk001
0x29140054	Tooru_Hiroshi_RPC_w11_lk001_Locker
0x1C1450D2	Leiden_dive_locker_RPC_w11_lk002
0x2914888F	Tooru_Hiroshi_RPC_w11_lk002_Locker
0x1C14D90D	Leiden_dive_locker_RPC_w11_lk003
0x291510CA	Tooru_Hiroshi_RPC_w11_lk003_Locker
0x1C156148	Submersible_watertight_doors_RPC_Leyden
0x1D1598B3	Node_RPC_w11_diving_Leiden
0x0E15D0E3	Leiden_RPC_w11_lift_dive
0x0115EB0B	Warning_RPC_w11a_Okkishita_enemy_submarines_CALL_Leiden
0x0115EC90	CALL_foot_wire_mesh_roof_RPC_A_Hofuku
0x2815EE7C	Wire_mesh_roof_leg_RPC_A_Hofuku
0x28163D98	RPC_elude_the_abyss
0x28168C85	OY_a_heliport_RPC_w20b_Mabuchi
0x2816DB75	2_Oi_Mabuchi_RPC_w20b_Heliport
0x28172A65	RPC_elude_hell_ring_floor
0x2817796C	Sound_floor_elude_RPC
0x2817C850	RPC_just_elude
0x28181836	Sound_floor_RPC
0x28186701	Common_pitfalls_RPC_1
0x2818B5D0	Common_pitfalls_RPC_2
0x2819049F	RPC_pitfalls_elude_hell_1
0x281953AA	2_RPC_elude_hell_pit
0x2919A2B5	Elude_RPC_mine_pit
0x2819F3D3	RPC_w11_elude_lift
0x281A42DC	Doors_closed_for_the_roof_leg_RPC_w12a_A_key
0x291A91A7	RPC_Tooru_Hiroshi_sea_lice
0x1D1AE2C2	RPC_diving_sea_lice
0x281B1B20	No_sea_louse_insect_Emma_RPC
0x281B6B0D	Common_locker_RPC_1
0x281BBA72	Common_locker_RPC_2
0x1C1C09D7	Common_diving_locker_RPC_w11_1
0x1C1C4197	Common_diving_locker_RPC_w11_2
0x1C1C7957	Common_RPC_w11_locker_Tooru_Hiroshi_1
0x1C1CB117	Common_RPC_w11_locker_Tooru_Hiroshi_2
0x281CE8D7	Common_board_substations_RPC_1
0x281D37B4	Common_board_substations_RPC_2
0x281D8691	Common_open_locker_RPC_1
0x281DD562	Common_open_locker_RPC_2
0x281E2433	Common_RPC_node
0x281E73CA	Purisukin_RPC_sleep
0x281EC2A6	Captain_Corpse_RPC
0x281F1173	RPC_card_door
0x281F6064	Cardboard_area_RPC
0x281FAF43	Ten'iwaco_RPC
0x281FFE0E	RPC_w18a_door_to_the_Shell_2
0x28204CF3	RPC_D_leg_hatch
0x01209BCF	Leg_Hatch_RPC_D_CALL
0x28209D30	E_Oosa_RPC_1F_default_leg
0x2820EC21	Harrier_RPC_w20b
0x01213B18	CALL_Kamome_RPC_'s_murder
0x28213CCF	Lift_the_internal_RPC
0x28218C11	Lift_the_switch_before_RPC_w24a
0x2821DBC6	Before_RPC_w24b_retina_sensor
0x01222AFB	Cho_the_first_time_I_wanted_RPC_w24b_retinal_sensors_themselves_and_the_Leyden_peek_CALL
0x02222C60	Before_the_elevator_RPC_w24a_CALL
0x28222EA8	Emma_seat_near_RPC_w24d
0x28227E15	RPC_w24d_seats_around_geek
0x2822CD08	Before_the_door_RPC_w24d_AG
0x02231BF2	CALL_Mike_hostages_in_the_event_description_RPC_w24c
0x02231FB4	Event_Description_RPC_w24c_hostages_without_a_microphone_CALL
0x2823222E	Fire_near_RPC
0x2823712A	Frankly_who_flew_over_the_bridge_to_RPC_DG
0x2823C00D	If_you_cross_the_bridge_to_RPC_DG_Erudozubari
0x28240F1E	RPC_LG_Ladder_Bridges
0x28245DEE	Leg_circumference_RPC_L_window
0x2824ACE7	RPC_L_outer_leg_stick
0x2824FBBF	RPC_L_outer_leg_squatting
0x28254A89	Bridges_RPC_KL_K_inlet_leg
0x28259971	2_floor_central_building_shell_shock_RPC_1F
0x2825E867	Dark_Shell_2_1F_RPC_central_building
0x28263742	Duct_before_the_two_central_building_shell_RPC_1F
0x0126866D	First_drowned_water_RPC_w31b_CALL
0x01268852	First_drowned_RPC_w11ab_CALL_water_diving
0x012689D7	First_drowned_water_Tooru_Hiroshi_RPC_w11ab_CALL
0x02268B5C	First_drowned_in_water_RPC_w31b_CALL
0x02268DE8	First_drowned_underwater_diving_RPC_w11a_CALL
0x02269026	First_drowned_in_water_Tooru_Hiroshi_RPC_w11a_CALL
0x29269264	Oosa_default_RPC_swim
0x2926E3CB	Water_near_the_mine_RPC
0x29273549	Water_tight_doors_not_open_RPC
0x292786C3	Water_tight_doors_open_RPC
0x1A27D844	Emma_Emma_room_before_rescue_RPC
0x29280B4F	Water_RPC_card_door
0x29285CCA	Emma_Peep_RPC
0x0128AE57	Emma_Peep_RPC_w31c_CALL
0x0128B057	Emma_and_first_Izumi_RPC_w31c_CALL
0x0128B22D	Ladder_RPC_w32a_CALL
0x2828B34A	RPC_E_leg_ladder
0x0B290225	RPC_torture_chamber_door_open
0x0B2916A3	Node_near_RPC_w41a
0x01292B21	Submarine_Dock_advice_of_avoiding_dangerous_mode_RPC_w11a_CALL
0x01292CC5	Submarine_Dock_reminder_RPC_w11a_CALL
0x02292E46	CALL_disable_enemy_weapons_RPC_w11a
0x0129320A	CALL_bloody_RPC_w11a
0x1C2933FA	Submarine_Dock_RPC_w11a_VR
0x02296B4E	Clearing_RPC_w11a_CALL
0x02296EB3	Clearing_RPC_w12b_CALL
0x01297218	Zero_verge_RPC_LIFE_CALL
0x0229733C	CALL_diving_simulation_when_getting_RPC
0x022976CD	Upon_acquisition_regulation_Tooru_Hiroshi_RPC_CALL
0x02297A5E	CALL_RPC_w12b_defeated_enemy
0x01297CCB	CALL_RPC_w24c_hit_hostage
0x28297E76	Bridges_RPC_Oosa_default
0x2929CE0C	Bridges_Kamome_Oosa_RPC_default
0x292A1E27	Bridges_RPC_default_Oosa_Cypher
0x292A6E32	Contact_RPC_BC_damaged_bridge_bridge
0x292ABE6C	Bridges_RPC_Oosa_Kamome_Gansaifa_default
0x292B0EAC	RPC_w21a_mine_area
0x282B5F94	Doors_open_RPC_w28a
0x042BAE69	Return_RPC_Fortune_Game
0x282BB513	RPC_men's_toilet_bowl
0x282C04A7	RPC_women's_toilet_bowl
0x282C5441	Near_RPC_Kowaremono
0x282CA34C	Default_RPC_w18a
0x282CF239	Girls_pants_look_RPC_w24c_area
0x012D4146	CALL_RPC_w25a_suicide_dive
0x282D4273	Fun_RPC_w22a_infrared_sensor
0x012D9228	Tooru_Hiroshi_RPC_LV2CALL_grip_chin
0x012D935E	RPC_LV2CALL_grip_chin_dive
0x012D9494	Tooru_Hiroshi_RPC_LV3CALL_grip_chin
0x012D95D7	RPC_LV3CALL_grip_chin_dive
0x012D971A	Tooru_Hiroshi_CALL_rise_RPC_grip_chin
0x012D9880	Dive_on_in_grip_chin_RPC_CALL
0x032D99E6	CALL_RPC_w61a_patriotic_sermon
0x012D9E16	CALL_RPC_available_radar_during_World_War_II_Harrier
0x022D9F61	Fortune_wartime_relief_RPC_CALL
0x282DA166	The_RPC_w25d_Shinaota
0x282DF03E	Entrance_leg_RPC_w25d_K
0x282E3F0D	RPC_close_surveillance
0x282E8E28	RPC_shit
0x282EDD30	Emma_blood_RPC_w20a
0x012F2C31	Nikita_body_when_getting_RPC_CALL
0x012F2DCF	Infrared_RPC_w22a_CALL
0x012F2F64	CALL_Mike_at_acquisition_RPC
0x012F30BB	RPC_w24b_bad_enemy_dying_retinal_sensors_CALL
0x012F321A	Sensor_Tips_Retinal_RPC_w24b_CALL
0x012F338A	Rolling_leap_RPC_w25c_CALL
0x292F349D	Rolling_RPC_w25c_jumping_area
0x012F850B	I'm_in_the_elevator_RPC_w11a_enemy_CALL
0x012F8623	I'm_in_the_elevator_RPC_enemy_CALL
0x092F873B	Emma_default_RPE
0x0B2F98F2	Otakondeforuto_RPO
0x0B2FAE3F	South_opened_the_door_RPO_w44a
0x0B2FC3AE	Tengu_RPO_w44a_passage_door_door
0x012FD92F	CALL_RPO_w61a_relief_against_solidus
0x0E2FDAF0	Peter_default_RPP
0x012FF58C	A_Bomb_Hofuku_leg_tips_RPP_CALL
0x0E2FF6EF	Ten'iwaco_RPP
0x0E3011DC	Music_RPP_w14a_bomb_near_substations
0x0E302C9F	RPP_w16b_bomb_near_the_ladies_room
0x1C304776	Default_RPR_Rose
0x1C307EFA	Naked_Rose_Leyden_default_RPR
0x1C30B684	Rose_Leyden_default_RPR_diving
0x0130EE08	Purisukin_RPS_night
0x2930EFA2	Peter_default_Purisukin_RPS
0x29314180	Purisukin_RPS_Otakondeforuto
0x0731935E	Harrier_races_Purisukin_RPS_Otakon
0x29319F97	Otakondeforuto_Purisukin_RPS_soldier_has_mask_Goruruko
0x2931F175	Sunekudeforuto_RPS
0x29324353	RPS_E_leg_ladder
0x29329537	Peter_RPS_w21a_area_with_land_mines
0x2932E71E	Otakon_RPS_w21a_area_with_land_mines
0x2A333905	Water_near_the_mine_RPS
0x2A338B50	If_Kon_Nori_RPS_w20a_Beru
0x2A33DD61	RPS_women's_toilet
0x29342F85	Peter_RPS_body
0x29348183	Pool_near_RPS_w31c
0x2234D367	Bridges_RPS_default_Cypher
0x2935164F	After_a_sniper_opened_the_door_RPS_Vamp
0x2935683A	Emma_blood_RPS_w20a
0x0135BA36	Open_the_door_after_shooting_Vamp_RPS_CALL
0x0235BB89	CALL_RPS_w25a_PSG1_addict
0x0135BDF4	CALL_body_when_getting_RPS_PSG1
0x0235BF38	CALL_body_when_getting_RPS_AK
